Microchip MPLAB XC8 Compiler V1.35 ()

Linker command line:

--edf=C:\Program Files (x86)\Microchip\xc8\v1.35\dat\en_msgs.txt -cs \
  -h+dist/default/debug\HOVI_WLAN.X.debug.sym \
  --cmf=dist/default/debug\HOVI_WLAN.X.debug.cmf -z -Q18F46K22 \
  -oC:\Users\Lucas\AppData\Local\Temp\s88c.2 \
  -Mdist/default/debug/HOVI_WLAN.X.debug.map -E1 -ver=XC8 \
  -ASTACK=08Ah-0f37h -pstack=STACK -ACODE=00h-0FFFFh -ACONST=00h-0FFFFh \
  -ASMALLCONST=01000h-010FFhx240 -AMEDIUMCONST=01000h-0FFFFh \
  -ACOMRAM=01h-05Fh -AABS1=00h-0F37h -ABIGRAM=01h-0F37h \
  -ARAM=060h-0FFh,0100h-01FFhx14,0F00h-0F37h -ABANK0=060h-0FFh \
  -ABANK1=0100h-01FFh -ABANK2=0200h-02FFh -ABANK3=0300h-03FFh \
  -ABANK4=0400h-04FFh -ABANK5=0500h-05FFh -ABANK6=0600h-06FFh \
  -ABANK7=0700h-07FFh -ABANK8=0800h-08FFh -ABANK9=0900h-09FFh \
  -ABANK10=0A00h-0AFFh -ABANK11=0B00h-0BFFh -ABANK12=0C00h-0CFFh \
  -ABANK13=0D00h-0DFFh -ABANK14=0E00h-0EFFh -ABANK15=0F00h-0F37h \
  -ASFR=0F38h-0F5Fh,0F60h-0FFCh \
  -preset_vec=00h,intcode=08h,intcodelo,powerup,init,end_init \
  -pramtop=01000h -psmallconst=SMALLCONST -pmediumconst=MEDIUMCONST \
  -pconst=CONST -AFARRAM=00h-00h -ACONFIG=0300000h-030000Dh -pconfig=CONFIG \
  -AIDLOC=0200000h-0200007h -pidloc=IDLOC -AEEDATA=0F00000h-0F003FFh \
  -peeprom_data=EEDATA \
  -prdata=COMRAM,nvrram=COMRAM,nvbit=COMRAM,rbss=COMRAM,rbit=COMRAM \
  -pfarbss=FARRAM,fardata=FARRAM,nvFARRAM=FARRAM \
  -pintsave_regs=BIGRAM,bigbss=BIGRAM,bigdata=BIGRAM -pbss=RAM \
  -pidata=CODE,irdata=CODE,ibigdata=CODE,ifardata=CODE -prparam=COMRAM \
  C:\Users\Lucas\AppData\Local\Temp\s88c.obj \
  dist/default/debug\HOVI_WLAN.X.debug.obj 

Object code version is 3.11

Machine type is 18F46K22

Call graph: (short form)




                Name                               Link     Load   Length Selector   Space Scale
C:\Users\Lucas\AppData\Local\Temp\s88c.obj
                end_init                             92       92        4        4       0
                reset_vec                             0        0        6        0       0
                idloc                            200000   200000        8   200000       0
                config                           300000   300000        E   300000       0
dist/default/debug\HOVI_WLAN.X.debug.obj
                intcode                               8        8       8A        4       0
                temp                                 37       37        1        1       1
                text16                              29E      29E        C        4       0
                text15                              2CC      2CC        8        4       0
                text14                              232      232       18        4       0
                text13                              2C4      2C4        8        4       0
                text12                              2BC      2BC        8        4       0
                text11                               96       96       F2        4       0
                text9                               212      212       20        4       0
                text8                               2B4      2B4        8        4       0
                text7                               2D4      2D4        6        4       0
                text6                               276      276       16        4       0
                text5                               2AA      2AA        A        4       0
                text4                               188      188       44        4       0
                text3                               260      260       16        4       0
                text2                               24A      24A       16        4       0
                text1                               1F0      1F0       22        4       0
                text0                               28C      28C       12        4       0
                cstackCOMRAM                         27       27        F        1       1
                bssBANK0                             60       60       2A       60       1
                bssCOMRAM                             1        1       26        1       1
                bitbssCOMRAM                        1B0       36        2        1       1     8
                cinit                               1CC      1CC       24        4       0

TOTAL           Name                               Link     Load   Length     Space
        CLASS   STACK          

        CLASS   CODE           
                end_init                             92       92        4         0
                intcode                               8        8       8A         0
                reset_vec                             0        0        6         0
                text16                              29E      29E        C         0
                text15                              2CC      2CC        8         0
                text14                              232      232       18         0
                text13                              2C4      2C4        8         0
                text12                              2BC      2BC        8         0
                text11                               96       96       F2         0
                text9                               212      212       20         0
                text8                               2B4      2B4        8         0
                text7                               2D4      2D4        6         0
                text6                               276      276       16         0
                text5                               2AA      2AA        A         0
                text4                               188      188       44         0
                text3                               260      260       16         0
                text2                               24A      24A       16         0
                text1                               1F0      1F0       22         0
                text0                               28C      28C       12         0
                cinit                               1CC      1CC       24         0

        CLASS   CONST          

        CLASS   SMALLCONST     

        CLASS   MEDIUMCONST    

        CLASS   COMRAM         
                temp                                 37       37        1         1
                cstackCOMRAM                         27       27        F         1
                bssCOMRAM                             1        1       26         1
                bitbssCOMRAM                        1B0       36        2         1

        CLASS   ABS1           

        CLASS   BIGRAM         

        CLASS   RAM            

        CLASS   BANK0          
                bssBANK0                             60       60       2A         1

        CLASS   BANK1          

        CLASS   BANK2          

        CLASS   BANK3          

        CLASS   BANK4          

        CLASS   BANK5          

        CLASS   BANK6          

        CLASS   BANK7          

        CLASS   BANK8          

        CLASS   BANK9          

        CLASS   BANK10         

        CLASS   BANK11         

        CLASS   BANK12         

        CLASS   BANK13         

        CLASS   BANK14         

        CLASS   BANK15         

        CLASS   SFR            

        CLASS   FARRAM         

        CLASS   CONFIG         
                config                           300000   300000        E         0

        CLASS   IDLOC          
                idloc                            200000   200000        8         0

        CLASS   EEDATA         



SEGMENTS        Name                           Load    Length   Top    Selector   Space  Class

                reset_vec                      000000  000006  000006         0       0  CODE    
                bssCOMRAM                      000001  000037  000038         1       1  COMRAM  
                intcode                        000008  0002D2  0002DA         4       0  CODE    
                bssBANK0                       000060  00002A  00008A        60       1  BANK0   
                idloc                          200000  000008  200008    200000       0  IDLOC   
                config                         300000  00000E  30000E    300000       0  CONFIG  


UNUSED ADDRESS RANGES

        Name                Unused          Largest block    Delta
        BANK0            00008A-0000FF               76
        BANK1            000100-0001FF              100
        BANK10           000A00-000AFF              100
        BANK11           000B00-000BFF              100
        BANK12           000C00-000CFF              100
        BANK13           000D00-000DFF              100
        BANK14           000E00-000EFF              100
        BANK15           000F00-000F37               38
        BANK2            000200-0002FF              100
        BANK3            000300-0003FF              100
        BANK4            000400-0004FF              100
        BANK5            000500-0005FF              100
        BANK6            000600-0006FF              100
        BANK7            000700-0007FF              100
        BANK8            000800-0008FF              100
        BANK9            000900-0009FF              100
        BIGRAM           000038-00005F               28
                         00008A-000F37              EAE
        CODE             000006-000007                2
                         0002DA-00FFFF             FD26
        COMRAM           000038-00005F               28
        CONST            000006-000007                2
                         0002DA-00FFFF             FD26
        EEDATA           F00000-F003FF              400
        MEDIUMCONST      001000-00FFFF             F000
        RAM              00008A-000F37              100
        SFR              000F38-000FFC               28
        SMALLCONST       001000-00FFFF              100
        STACK            00008A-000F37              EAE

                                  Symbol Table

UartDump@dumpdata          cstackCOMRAM 000027
UartSend@data              cstackCOMRAM 000027
_ANSELA                    (abs)        000F38
_ANSELB                    (abs)        000F39
_ANSELC                    (abs)        000F3A
_ANSELD                    (abs)        000F3B
_ANSELE                    (abs)        000F3C
_BAUDCON1bits              (abs)        000FB8
_GIE                       (abs)        007F97
_Init                      text1        0001F0
_InitAnsel                 text9        000212
_InitInterrupt             text8        0002B4
_InitOsc                   text7        0002D4
_InitPort                  text6        000276
_InitSpi                   text5        0002AA
_InitTimer                 text4        000188
_InitTris                  text3        000260
_InitUart                  text2        00024A
_OSCCON                    (abs)        000FD3
_PEIE                      (abs)        007F96
_PORTA                     (abs)        000F80
_PORTB                     (abs)        000F81
_PORTBbits                 (abs)        000F81
_PORTC                     (abs)        000F82
_PORTD                     (abs)        000F83
_PORTDbits                 (abs)        000F83
_PORTE                     (abs)        000F84
_RC1IE                     (abs)        007CED
_RC1IF                     (abs)        007CF5
_RCREG1                    (abs)        000FAE
_RCSTA1bits                (abs)        000FAB
_SPBRG1                    (abs)        000FAF
_SSP1CON1                  (abs)        000FC6
_SSP1STAT                  (abs)        000FC7
_T3CONbits                 (abs)        000FB1
_T3GCONbits                (abs)        000FB4
_T5CONbits                 (abs)        000F4E
_T5GCONbits                (abs)        000F4D
_TMR3GIE                   (abs)        007D19
_TRISA                     (abs)        000F92
_TRISB                     (abs)        000F93
_TRISC                     (abs)        000F94
_TRISD                     (abs)        000F95
_TRISE                     (abs)        000F96
_TX1IF                     (abs)        007CF4
_TXREG1                    (abs)        000FAD
_TXSTA1bits                (abs)        000FAC
_UartDump                  text15       0002CC
_UartReceive               text16       00029E
_UartSend                  text14       000232
_UartSendError             text13       0002C4
_UartSendOverflow          text12       0002BC
_UartStore                 text11       000096
__CFG_BOREN$SBORDIS        (abs)        000000
__CFG_BORV$190             (abs)        000000
__CFG_CCP2MX$PORTC1        (abs)        000000
__CFG_CCP3MX$PORTB5        (abs)        000000
__CFG_CP0$OFF              (abs)        000000
__CFG_CP1$OFF              (abs)        000000
__CFG_CP2$OFF              (abs)        000000
__CFG_CP3$OFF              (abs)        000000
__CFG_CPB$OFF              (abs)        000000
__CFG_CPD$OFF              (abs)        000000
__CFG_DEBUG$OFF            (abs)        000000
__CFG_EBTR0$OFF            (abs)        000000
__CFG_EBTR1$OFF            (abs)        000000
__CFG_EBTR2$OFF            (abs)        000000
__CFG_EBTR3$OFF            (abs)        000000
__CFG_EBTRB$OFF            (abs)        000000
__CFG_FCMEN$OFF            (abs)        000000
__CFG_FOSC$INTIO67         (abs)        000000
__CFG_HFOFST$ON            (abs)        000000
__CFG_IESO$OFF             (abs)        000000
__CFG_LVP$OFF              (abs)        000000
__CFG_MCLRE$EXTMCLR        (abs)        000000
__CFG_P2BMX$PORTD2         (abs)        000000
__CFG_PBADEN$ON            (abs)        000000
__CFG_PLLCFG$OFF           (abs)        000000
__CFG_PRICLKEN$OFF         (abs)        000000
__CFG_PWRTEN$OFF           (abs)        000000
__CFG_STVREN$ON            (abs)        000000
__CFG_T3CMX$PORTC0         (abs)        000000
__CFG_WDTEN$OFF            (abs)        000000
__CFG_WDTPS$32768          (abs)        000000
__CFG_WRT0$OFF             (abs)        000000
__CFG_WRT1$OFF             (abs)        000000
__CFG_WRT2$OFF             (abs)        000000
__CFG_WRT3$OFF             (abs)        000000
__CFG_WRTB$OFF             (abs)        000000
__CFG_WRTC$OFF             (abs)        000000
__CFG_WRTD$OFF             (abs)        000000
__CFG_XINST$OFF            (abs)        000000
__HRAM                     (abs)        000000
__Habs1                    abs1         000000
__Hbank0                   bank0        000000
__Hbank1                   bank1        000000
__Hbank10                  bank10       000000
__Hbank11                  bank11       000000
__Hbank12                  bank12       000000
__Hbank13                  bank13       000000
__Hbank14                  bank14       000000
__Hbank15                  bank15       000000
__Hbank2                   bank2        000000
__Hbank3                   bank3        000000
__Hbank4                   bank4        000000
__Hbank5                   bank5        000000
__Hbank6                   bank6        000000
__Hbank7                   bank7        000000
__Hbank8                   bank8        000000
__Hbank9                   bank9        000000
__Hbigbss                  bigbss       000000
__Hbigdata                 bigdata      000000
__Hbigram                  bigram       000000
__HbitbssCOMRAM            bitbssCOMRAM 000000
__Hbss                     bss          000000
__HbssBANK0                bssBANK0     000000
__HbssCOMRAM               bssCOMRAM    000000
__Hcinit                   cinit        000000
__Hclrtext                 clrtext      000000
__Hcomram                  comram       000000
__Hconfig                  config       30000E
__Hconst                   const        000000
__HcstackCOMRAM            cstackCOMRAM 000000
__Hdata                    data         000000
__Heeprom_data             eeprom_data  000000
__Hend_init                end_init     000096
__Hfarbss                  farbss       000000
__Hfardata                 fardata      000000
__Hibigdata                ibigdata     000000
__Hidata                   idata        000000
__Hidloc                   idloc        200008
__Hifardata                ifardata     000000
__Hinit                    init         000092
__Hintcode                 intcode      000092
__Hintcode_body            intcode_body 000000
__Hintcodelo               intcodelo    000092
__Hintentry                intentry     000000
__Hintret                  intret       000000
__Hintsave_regs            intsave_regs 000000
__Hirdata                  irdata       000000
__Hmediumconst             mediumconst  000000
__HnvFARRAM                nvFARRAM     000000
__Hnvbit                   nvbit        000000
__Hnvrram                  nvrram       000000
__Hparam                   rparam       000000
__Hpowerup                 powerup      000092
__Hram                     ram          000000
__Hramtop                  ramtop       001000
__Hrbit                    rbit         000000
__Hrbss                    rbss         000000
__Hrdata                   rdata        000000
__Hreset_vec               reset_vec    000006
__Hrparam                  rparam       000000
__Hsfr                     sfr          000000
__Hsmallconst              smallconst   000000
__Hspace_0                 (abs)        30000E
__Hspace_1                 (abs)        0001B2
__Hspace_2                 (abs)        000000
__Hstack                   stack        000000
__Hstruct                  struct       000000
__Htemp                    temp         000038
__Htext                    text         000000
__Htext0                   text0        000000
__Htext1                   text1        000000
__Htext11                  text11       000000
__Htext12                  text12       000000
__Htext13                  text13       000000
__Htext14                  text14       000000
__Htext15                  text15       000000
__Htext16                  text16       000000
__Htext2                   text2        000000
__Htext3                   text3        000000
__Htext4                   text4        000000
__Htext5                   text5        000000
__Htext6                   text6        000000
__Htext7                   text7        000000
__Htext8                   text8        000000
__Htext9                   text9        000000
__LRAM                     (abs)        000001
__Labs1                    abs1         000000
__Lbank0                   bank0        000000
__Lbank1                   bank1        000000
__Lbank10                  bank10       000000
__Lbank11                  bank11       000000
__Lbank12                  bank12       000000
__Lbank13                  bank13       000000
__Lbank14                  bank14       000000
__Lbank15                  bank15       000000
__Lbank2                   bank2        000000
__Lbank3                   bank3        000000
__Lbank4                   bank4        000000
__Lbank5                   bank5        000000
__Lbank6                   bank6        000000
__Lbank7                   bank7        000000
__Lbank8                   bank8        000000
__Lbank9                   bank9        000000
__Lbigbss                  bigbss       000000
__Lbigdata                 bigdata      000000
__Lbigram                  bigram       000000
__LbitbssCOMRAM            bitbssCOMRAM 000000
__Lbss                     bss          000000
__LbssBANK0                bssBANK0     000000
__LbssCOMRAM               bssCOMRAM    000000
__Lcinit                   cinit        000000
__Lclrtext                 clrtext      000000
__Lcomram                  comram       000000
__Lconfig                  config       300000
__Lconst                   const        000000
__LcstackCOMRAM            cstackCOMRAM 000000
__Ldata                    data         000000
__Leeprom_data             eeprom_data  000000
__Lend_init                end_init     000092
__Lfarbss                  farbss       000000
__Lfardata                 fardata      000000
__Libigdata                ibigdata     000000
__Lidata                   idata        000000
__Lidloc                   idloc        200000
__Lifardata                ifardata     000000
__Linit                    init         000092
__Lintcode                 intcode      000008
__Lintcode_body            intcode_body 000000
__Lintcodelo               intcodelo    000092
__Lintentry                intentry     000000
__Lintret                  intret       000000
__Lintsave_regs            intsave_regs 000000
__Lirdata                  irdata       000000
__Lmediumconst             mediumconst  000000
__LnvFARRAM                nvFARRAM     000000
__Lnvbit                   nvbit        000000
__Lnvrram                  nvrram       000000
__Lparam                   rparam       000000
__Lpowerup                 powerup      000092
__Lram                     ram          000000
__Lramtop                  ramtop       001000
__Lrbit                    rbit         000000
__Lrbss                    rbss         000000
__Lrdata                   rdata        000000
__Lreset_vec               reset_vec    000000
__Lrparam                  rparam       000000
__Lsfr                     sfr          000000
__Lsmallconst              smallconst   000000
__Lspace_0                 (abs)        000000
__Lspace_1                 (abs)        000000
__Lspace_2                 (abs)        000000
__Lstack                   stack        000000
__Lstruct                  struct       000000
__Ltemp                    temp         000037
__Ltext                    text         000000
__Ltext0                   text0        000000
__Ltext1                   text1        000000
__Ltext11                  text11       000000
__Ltext12                  text12       000000
__Ltext13                  text13       000000
__Ltext14                  text14       000000
__Ltext15                  text15       000000
__Ltext16                  text16       000000
__Ltext2                   text2        000000
__Ltext3                   text3        000000
__Ltext4                   text4        000000
__Ltext5                   text5        000000
__Ltext6                   text6        000000
__Ltext7                   text7        000000
__Ltext8                   text8        000000
__Ltext9                   text9        000000
__S0                       (abs)        30000E
__S1                       (abs)        00008A
__S2                       (abs)        000000
___inthi_sp                stack        000000
___intlo_sp                stack        000000
___param_bank              (abs)        000010
___rparam_used             (abs)        000001
___sp                      stack        000000
__accesstop                (abs)        000060
__activetblptr             (abs)        000000
__end_of_Init              text1        000212
__end_of_InitAnsel         text9        000232
__end_of_InitInterrupt     text8        0002BC
__end_of_InitOsc           text7        0002DA
__end_of_InitPort          text6        00028C
__end_of_InitSpi           text5        0002B4
__end_of_InitTimer         text4        0001CC
__end_of_InitTris          text3        000276
__end_of_InitUart          text2        000260
__end_of_UartDump          text15       0002D4
__end_of_UartReceive       text16       0002AA
__end_of_UartSend          text14       00024A
__end_of_UartSendError     text13       0002CC
__end_of_UartSendOverflow  text12       0002C4
__end_of_UartStore         text11       000188
__end_of__initialization   cinit        0001E6
__end_of_isr               intcode      000092
__end_of_main              text0        00029E
__initialization           cinit        0001CC
__mediumconst              mediumconst  000000
__pbitbssCOMRAM            bitbssCOMRAM 0001B0
__pbssBANK0                bssBANK0     000060
__pbssCOMRAM               bssCOMRAM    000001
__pcinit                   cinit        0001CC
__pcstackCOMRAM            cstackCOMRAM 000027
__pintcode                 intcode      000008
__ptext0                   text0        00028C
__ptext1                   text1        0001F0
__ptext11                  text11       000096
__ptext12                  text12       0002BC
__ptext13                  text13       0002C4
__ptext14                  text14       000232
__ptext15                  text15       0002CC
__ptext16                  text16       00029E
__ptext2                   text2        00024A
__ptext3                   text3        000260
__ptext4                   text4        000188
__ptext5                   text5        0002AA
__ptext6                   text6        000276
__ptext7                   text7        0002D4
__ptext8                   text8        0002B4
__ptext9                   text9        000212
__ramtop                   ramtop       001000
__size_of_Init             (abs)        000000
__size_of_InitAnsel        (abs)        000000
__size_of_InitInterrupt    (abs)        000000
__size_of_InitOsc          (abs)        000000
__size_of_InitPort         (abs)        000000
__size_of_InitSpi          (abs)        000000
__size_of_InitTimer        (abs)        000000
__size_of_InitTris         (abs)        000000
__size_of_InitUart         (abs)        000000
__size_of_UartDump         (abs)        000000
__size_of_UartReceive      (abs)        000000
__size_of_UartSend         (abs)        000000
__size_of_UartSendError    (abs)        000000
__size_of_UartSendOverflow (abs)        000000
__size_of_UartStore        (abs)        000000
__size_of_isr              (abs)        000000
__size_of_main             (abs)        000000
__smallconst               smallconst   000000
_a_name                    bssCOMRAM    000001
_a_path                    bssBANK0     000060
_c_name                    bssCOMRAM    000022
_c_path                    bssCOMRAM    000023
_isr                       intcode      000008
_main                      text0        00028C
_numb_cc                   bssCOMRAM    000024
_numb_cc_table             bssCOMRAM    000025
_path_name                 bitbssCOMRAM 0001B0
_received                  bssCOMRAM    000026
_receiving_ok              bitbssCOMRAM 0001B1
btemp                      temp         000037
end_of_initialization      cinit        0001E6
int$flags                  temp         000037
intlevel0                  text         000000
intlevel1                  text         000000
intlevel2                  text         000000
intlevel3                  text         000000
stackhi                    (abs)        000F37
stacklo                    (abs)        00008A
start                      init         000092
start_initialization       cinit        0001CC


FUNCTION INFORMATION:

 *************** function _main *****************
 Defined at:
		line 96 in file "main.c"
 Parameters:    Size  Location     Type
		None
 Auto vars:     Size  Location     Type
		None
 Return value:  Size  Location     Type
		None               void
 Registers used:
		wreg, status,2, cstack
 Tracked objects:
		On entry : 
		On exit  : 
		Unchanged: 
 Data sizes:     COMRAM   BANK0   BANK1   BANK2   BANK3   BANK4   BANK5   BANK6   BANK7   BANK8   BANK9  BANK10  BANK11  BANK12  BANK13  BANK14  BANK15
      Params:         0       0       0       0       0       0       0       0       0       0       0       0       0       0       0       0       0
      Locals:         0       0       0       0       0       0       0       0       0       0       0       0       0       0       0       0       0
      Temps:          0       0       0       0       0       0       0       0       0       0       0       0       0       0       0       0       0
      Totals:         0       0       0       0       0       0       0       0       0       0       0       0       0       0       0       0       0
Total ram usage:        0 bytes
 Hardware stack levels required when called:    6
 This function calls:
		_Init
 This function is called by:
		Startup code after reset
 This function uses a non-reentrant model


 *************** function _Init *****************
 Defined at:
		line 30 in file "init.c"
 Parameters:    Size  Location     Type
		None
 Auto vars:     Size  Location     Type
		None
 Return value:  Size  Location     Type
		None               void
 Registers used:
		wreg, status,2, cstack
 Tracked objects:
		On entry : 
		On exit  : 
		Unchanged: 
 Data sizes:     COMRAM   BANK0   BANK1   BANK2   BANK3   BANK4   BANK5   BANK6   BANK7   BANK8   BANK9  BANK10  BANK11  BANK12  BANK13  BANK14  BANK15
      Params:         0       0       0       0       0       0       0       0       0       0       0       0       0       0       0       0       0
      Locals:         0       0       0       0       0       0       0       0       0       0       0       0       0       0       0       0       0
      Temps:          0       0       0       0       0       0       0       0       0       0       0       0       0       0       0       0       0
      Totals:         0       0       0       0       0       0       0       0       0       0       0       0       0       0       0       0       0
Total ram usage:        0 bytes
 Hardware stack levels used:    1
 Hardware stack levels required when called:    5
 This function calls:
		_InitAnsel
		_InitInterrupt
		_InitOsc
		_InitPort
		_InitSpi
		_InitTimer
		_InitTris
		_InitUart
 This function is called by:
		_main
 This function uses a non-reentrant model


 *************** function _InitUart *****************
 Defined at:
		line 85 in file "init.c"
 Parameters:    Size  Location     Type
		None
 Auto vars:     Size  Location     Type
		None
 Return value:  Size  Location     Type
		None               void
 Registers used:
		wreg, status,2
 Tracked objects:
		On entry : 
		On exit  : 
		Unchanged: 
 Data sizes:     COMRAM   BANK0   BANK1   BANK2   BANK3   BANK4   BANK5   BANK6   BANK7   BANK8   BANK9  BANK10  BANK11  BANK12  BANK13  BANK14  BANK15
      Params:         0       0       0       0       0       0       0       0       0       0       0       0       0       0       0       0       0
      Locals:         0       0       0       0       0       0       0       0       0       0       0       0       0       0       0       0       0
      Temps:          0       0       0       0       0       0       0       0       0       0       0       0       0       0       0       0       0
      Totals:         0       0       0       0       0       0       0       0       0       0       0       0       0       0       0       0       0
Total ram usage:        0 bytes
 Hardware stack levels used:    1
 Hardware stack levels required when called:    4
 This function calls:
		Nothing
 This function is called by:
		_Init
 This function uses a non-reentrant model


 *************** function _InitTris *****************
 Defined at:
		line 53 in file "init.c"
 Parameters:    Size  Location     Type
		None
 Auto vars:     Size  Location     Type
		None
 Return value:  Size  Location     Type
		None               void
 Registers used:
		wreg, status,2
 Tracked objects:
		On entry : 
		On exit  : 
		Unchanged: 
 Data sizes:     COMRAM   BANK0   BANK1   BANK2   BANK3   BANK4   BANK5   BANK6   BANK7   BANK8   BANK9  BANK10  BANK11  BANK12  BANK13  BANK14  BANK15
      Params:         0       0       0       0       0       0       0       0       0       0       0       0       0       0       0       0       0
      Locals:         0       0       0       0       0       0       0       0       0       0       0       0       0       0       0       0       0
      Temps:          0       0       0       0       0       0       0       0       0       0       0       0       0       0       0       0       0
      Totals:         0       0       0       0       0       0       0       0       0       0       0       0       0       0       0       0       0
Total ram usage:        0 bytes
 Hardware stack levels used:    1
 Hardware stack levels required when called:    4
 This function calls:
		Nothing
 This function is called by:
		_Init
 This function uses a non-reentrant model


 *************** function _InitTimer *****************
 Defined at:
		line 129 in file "init.c"
 Parameters:    Size  Location     Type
		None
 Auto vars:     Size  Location     Type
		None
 Return value:  Size  Location     Type
		None               void
 Registers used:
		wreg, status,2
 Tracked objects:
		On entry : 
		On exit  : 
		Unchanged: 
 Data sizes:     COMRAM   BANK0   BANK1   BANK2   BANK3   BANK4   BANK5   BANK6   BANK7   BANK8   BANK9  BANK10  BANK11  BANK12  BANK13  BANK14  BANK15
      Params:         0       0       0       0       0       0       0       0       0       0       0       0       0       0       0       0       0
      Locals:         0       0       0       0       0       0       0       0       0       0       0       0       0       0       0       0       0
      Temps:          0       0       0       0       0       0       0       0       0       0       0       0       0       0       0       0       0
      Totals:         0       0       0       0       0       0       0       0       0       0       0       0       0       0       0       0       0
Total ram usage:        0 bytes
 Hardware stack levels used:    1
 Hardware stack levels required when called:    4
 This function calls:
		Nothing
 This function is called by:
		_Init
 This function uses a non-reentrant model


 *************** function _InitSpi *****************
 Defined at:
		line 111 in file "init.c"
 Parameters:    Size  Location     Type
		None
 Auto vars:     Size  Location     Type
		None
 Return value:  Size  Location     Type
		None               void
 Registers used:
		wreg, status,2
 Tracked objects:
		On entry : 
		On exit  : 
		Unchanged: 
 Data sizes:     COMRAM   BANK0   BANK1   BANK2   BANK3   BANK4   BANK5   BANK6   BANK7   BANK8   BANK9  BANK10  BANK11  BANK12  BANK13  BANK14  BANK15
      Params:         0       0       0       0       0       0       0       0       0       0       0       0       0       0       0       0       0
      Locals:         0       0       0       0       0       0       0       0       0       0       0       0       0       0       0       0       0
      Temps:          0       0       0       0       0       0       0       0       0       0       0       0       0       0       0       0       0
      Totals:         0       0       0       0       0       0       0       0       0       0       0       0       0       0       0       0       0
Total ram usage:        0 bytes
 Hardware stack levels used:    1
 Hardware stack levels required when called:    4
 This function calls:
		Nothing
 This function is called by:
		_Init
 This function uses a non-reentrant model


 *************** function _InitPort *****************
 Defined at:
		line 43 in file "init.c"
 Parameters:    Size  Location     Type
		None
 Auto vars:     Size  Location     Type
		None
 Return value:  Size  Location     Type
		None               void
 Registers used:
		wreg, status,2
 Tracked objects:
		On entry : 
		On exit  : 
		Unchanged: 
 Data sizes:     COMRAM   BANK0   BANK1   BANK2   BANK3   BANK4   BANK5   BANK6   BANK7   BANK8   BANK9  BANK10  BANK11  BANK12  BANK13  BANK14  BANK15
      Params:         0       0       0       0       0       0       0       0       0       0       0       0       0       0       0       0       0
      Locals:         0       0       0       0       0       0       0       0       0       0       0       0       0       0       0       0       0
      Temps:          0       0       0       0       0       0       0       0       0       0       0       0       0       0       0       0       0
      Totals:         0       0       0       0       0       0       0       0       0       0       0       0       0       0       0       0       0
Total ram usage:        0 bytes
 Hardware stack levels used:    1
 Hardware stack levels required when called:    4
 This function calls:
		Nothing
 This function is called by:
		_Init
 This function uses a non-reentrant model


 *************** function _InitOsc *****************
 Defined at:
		line 73 in file "init.c"
 Parameters:    Size  Location     Type
		None
 Auto vars:     Size  Location     Type
		None
 Return value:  Size  Location     Type
		None               void
 Registers used:
		wreg, status,2
 Tracked objects:
		On entry : 
		On exit  : 
		Unchanged: 
 Data sizes:     COMRAM   BANK0   BANK1   BANK2   BANK3   BANK4   BANK5   BANK6   BANK7   BANK8   BANK9  BANK10  BANK11  BANK12  BANK13  BANK14  BANK15
      Params:         0       0       0       0       0       0       0       0       0       0       0       0       0       0       0       0       0
      Locals:         0       0       0       0       0       0       0       0       0       0       0       0       0       0       0       0       0
      Temps:          0       0       0       0       0       0       0       0       0       0       0       0       0       0       0       0       0
      Totals:         0       0       0       0       0       0       0       0       0       0       0       0       0       0       0       0       0
Total ram usage:        0 bytes
 Hardware stack levels used:    1
 Hardware stack levels required when called:    4
 This function calls:
		Nothing
 This function is called by:
		_Init
 This function uses a non-reentrant model


 *************** function _InitInterrupt *****************
 Defined at:
		line 163 in file "init.c"
 Parameters:    Size  Location     Type
		None
 Auto vars:     Size  Location     Type
		None
 Return value:  Size  Location     Type
		None               void
 Registers used:
		None
 Tracked objects:
		On entry : 
		On exit  : 
		Unchanged: 
 Data sizes:     COMRAM   BANK0   BANK1   BANK2   BANK3   BANK4   BANK5   BANK6   BANK7   BANK8   BANK9  BANK10  BANK11  BANK12  BANK13  BANK14  BANK15
      Params:         0       0       0       0       0       0       0       0       0       0       0       0       0       0       0       0       0
      Locals:         0       0       0       0       0       0       0       0       0       0       0       0       0       0       0       0       0
      Temps:          0       0       0       0       0       0       0       0       0       0       0       0       0       0       0       0       0
      Totals:         0       0       0       0       0       0       0       0       0       0       0       0       0       0       0       0       0
Total ram usage:        0 bytes
 Hardware stack levels used:    1
 Hardware stack levels required when called:    4
 This function calls:
		Nothing
 This function is called by:
		_Init
 This function uses a non-reentrant model


 *************** function _InitAnsel *****************
 Defined at:
		line 63 in file "init.c"
 Parameters:    Size  Location     Type
		None
 Auto vars:     Size  Location     Type
		None
 Return value:  Size  Location     Type
		None               void
 Registers used:
		wreg, status,2
 Tracked objects:
		On entry : 
		On exit  : 
		Unchanged: 
 Data sizes:     COMRAM   BANK0   BANK1   BANK2   BANK3   BANK4   BANK5   BANK6   BANK7   BANK8   BANK9  BANK10  BANK11  BANK12  BANK13  BANK14  BANK15
      Params:         0       0       0       0       0       0       0       0       0       0       0       0       0       0       0       0       0
      Locals:         0       0       0       0       0       0       0       0       0       0       0       0       0       0       0       0       0
      Temps:          0       0       0       0       0       0       0       0       0       0       0       0       0       0       0       0       0
      Totals:         0       0       0       0       0       0       0       0       0       0       0       0       0       0       0       0       0
Total ram usage:        0 bytes
 Hardware stack levels used:    1
 Hardware stack levels required when called:    4
 This function calls:
		Nothing
 This function is called by:
		_Init
 This function uses a non-reentrant model


 *************** function _isr *****************
 Defined at:
		line 84 in file "main.c"
 Parameters:    Size  Location     Type
		None
 Auto vars:     Size  Location     Type
		None
 Return value:  Size  Location     Type
		None               void
 Registers used:
		wreg, fsr2l, fsr2h, status,2, status,0, prodl, prodh, cstack
 Tracked objects:
		On entry : 
		On exit  : 
		Unchanged: 
 Data sizes:     COMRAM   BANK0   BANK1   BANK2   BANK3   BANK4   BANK5   BANK6   BANK7   BANK8   BANK9  BANK10  BANK11  BANK12  BANK13  BANK14  BANK15
      Params:         0       0       0       0       0       0       0       0       0       0       0       0       0       0       0       0       0
      Locals:         0       0       0       0       0       0       0       0       0       0       0       0       0       0       0       0       0
      Temps:         14       0       0       0       0       0       0       0       0       0       0       0       0       0       0       0       0
      Totals:        14       0       0       0       0       0       0       0       0       0       0       0       0       0       0       0       0
Total ram usage:       14 bytes
 Hardware stack levels used:    1
 Hardware stack levels required when called:    3
 This function calls:
		_UartDump
		_UartStore
 This function is called by:
		Interrupt level 2
 This function uses a non-reentrant model


 *************** function _UartStore *****************
 Defined at:
		line 10 in file "wlan.c"
 Parameters:    Size  Location     Type
		None
 Auto vars:     Size  Location     Type
		None
 Return value:  Size  Location     Type
		None               void
 Registers used:
		wreg, fsr2l, fsr2h, status,2, status,0, prodl, prodh, cstack
 Tracked objects:
		On entry : 
		On exit  : 
		Unchanged: 
 Data sizes:     COMRAM   BANK0   BANK1   BANK2   BANK3   BANK4   BANK5   BANK6   BANK7   BANK8   BANK9  BANK10  BANK11  BANK12  BANK13  BANK14  BANK15
      Params:         0       0       0       0       0       0       0       0       0       0       0       0       0       0       0       0       0
      Locals:         0       0       0       0       0       0       0       0       0       0       0       0       0       0       0       0       0
      Temps:          0       0       0       0       0       0       0       0       0       0       0       0       0       0       0       0       0
      Totals:         0       0       0       0       0       0       0       0       0       0       0       0       0       0       0       0       0
Total ram usage:        0 bytes
 Hardware stack levels used:    1
 Hardware stack levels required when called:    2
 This function calls:
		_UartDump
		_UartReceive
		_UartSendError
		_UartSendOverflow
 This function is called by:
		_isr
 This function uses a non-reentrant model


 *************** function _UartSendOverflow *****************
 Defined at:
		line 63 in file "wlan.c"
 Parameters:    Size  Location     Type
		None
 Auto vars:     Size  Location     Type
		None
 Return value:  Size  Location     Type
		None               void
 Registers used:
		wreg, status,2, cstack
 Tracked objects:
		On entry : 
		On exit  : 
		Unchanged: 
 Data sizes:     COMRAM   BANK0   BANK1   BANK2   BANK3   BANK4   BANK5   BANK6   BANK7   BANK8   BANK9  BANK10  BANK11  BANK12  BANK13  BANK14  BANK15
      Params:         0       0       0       0       0       0       0       0       0       0       0       0       0       0       0       0       0
      Locals:         0       0       0       0       0       0       0       0       0       0       0       0       0       0       0       0       0
      Temps:          0       0       0       0       0       0       0       0       0       0       0       0       0       0       0       0       0
      Totals:         0       0       0       0       0       0       0       0       0       0       0       0       0       0       0       0       0
Total ram usage:        0 bytes
 Hardware stack levels used:    1
 Hardware stack levels required when called:    1
 This function calls:
		_UartSend
 This function is called by:
		_UartStore
 This function uses a non-reentrant model


 *************** function _UartSendError *****************
 Defined at:
		line 67 in file "wlan.c"
 Parameters:    Size  Location     Type
		None
 Auto vars:     Size  Location     Type
		None
 Return value:  Size  Location     Type
		None               void
 Registers used:
		wreg, status,2, cstack
 Tracked objects:
		On entry : 
		On exit  : 
		Unchanged: 
 Data sizes:     COMRAM   BANK0   BANK1   BANK2   BANK3   BANK4   BANK5   BANK6   BANK7   BANK8   BANK9  BANK10  BANK11  BANK12  BANK13  BANK14  BANK15
      Params:         0       0       0       0       0       0       0       0       0       0       0       0       0       0       0       0       0
      Locals:         0       0       0       0       0       0       0       0       0       0       0       0       0       0       0       0       0
      Temps:          0       0       0       0       0       0       0       0       0       0       0       0       0       0       0       0       0
      Totals:         0       0       0       0       0       0       0       0       0       0       0       0       0       0       0       0       0
Total ram usage:        0 bytes
 Hardware stack levels used:    1
 Hardware stack levels required when called:    1
 This function calls:
		_UartSend
 This function is called by:
		_UartStore
 This function uses a non-reentrant model


 *************** function _UartSend *****************
 Defined at:
		line 4 in file "communication.c"
 Parameters:    Size  Location     Type
  data            1    wreg     unsigned char 
 Auto vars:     Size  Location     Type
  data            1    0[COMRAM] unsigned char 
 Return value:  Size  Location     Type
		None               void
 Registers used:
		wreg, status,2, cstack
 Tracked objects:
		On entry : 
		On exit  : 
		Unchanged: 
 Data sizes:     COMRAM   BANK0   BANK1   BANK2   BANK3   BANK4   BANK5   BANK6   BANK7   BANK8   BANK9  BANK10  BANK11  BANK12  BANK13  BANK14  BANK15
      Params:         0       0       0       0       0       0       0       0       0       0       0       0       0       0       0       0       0
      Locals:         1       0       0       0       0       0       0       0       0       0       0       0       0       0       0       0       0
      Temps:          0       0       0       0       0       0       0       0       0       0       0       0       0       0       0       0       0
      Totals:         1       0       0       0       0       0       0       0       0       0       0       0       0       0       0       0       0
Total ram usage:        1 bytes
 Hardware stack levels used:    1
 This function calls:
		Nothing
 This function is called by:
		_UartSendOverflow
		_UartSendError
 This function uses a non-reentrant model


 *************** function _UartDump *****************
 Defined at:
		line 72 in file "wlan.c"
 Parameters:    Size  Location     Type
		None
 Auto vars:     Size  Location     Type
  dumpdata        1    0[COMRAM] unsigned char 
 Return value:  Size  Location     Type
		None               void
 Registers used:
		wreg, status,2, cstack
 Tracked objects:
		On entry : 
		On exit  : 
		Unchanged: 
 Data sizes:     COMRAM   BANK0   BANK1   BANK2   BANK3   BANK4   BANK5   BANK6   BANK7   BANK8   BANK9  BANK10  BANK11  BANK12  BANK13  BANK14  BANK15
      Params:         0       0       0       0       0       0       0       0       0       0       0       0       0       0       0       0       0
      Locals:         1       0       0       0       0       0       0       0       0       0       0       0       0       0       0       0       0
      Temps:          0       0       0       0       0       0       0       0       0       0       0       0       0       0       0       0       0
      Totals:         1       0       0       0       0       0       0       0       0       0       0       0       0       0       0       0       0
Total ram usage:        1 bytes
 Hardware stack levels used:    1
 Hardware stack levels required when called:    1
 This function calls:
		_UartReceive
 This function is called by:
		_isr
		_UartStore
 This function uses a non-reentrant model


 *************** function _UartReceive *****************
 Defined at:
		line 12 in file "communication.c"
 Parameters:    Size  Location     Type
		None
 Auto vars:     Size  Location     Type
		None
 Return value:  Size  Location     Type
                  1    wreg      unsigned char 
 Registers used:
		wreg, status,2
 Tracked objects:
		On entry : 
		On exit  : 
		Unchanged: 
 Data sizes:     COMRAM   BANK0   BANK1   BANK2   BANK3   BANK4   BANK5   BANK6   BANK7   BANK8   BANK9  BANK10  BANK11  BANK12  BANK13  BANK14  BANK15
      Params:         0       0       0       0       0       0       0       0       0       0       0       0       0       0       0       0       0
      Locals:         0       0       0       0       0       0       0       0       0       0       0       0       0       0       0       0       0
      Temps:          0       0       0       0       0       0       0       0       0       0       0       0       0       0       0       0       0
      Totals:         0       0       0       0       0       0       0       0       0       0       0       0       0       0       0       0       0
Total ram usage:        0 bytes
 Hardware stack levels used:    1
 This function calls:
		Nothing
 This function is called by:
		_UartStore
		_UartDump
 This function uses a non-reentrant model



MODULE INFORMATION

Module		Function		Class		Link	Load	Size
wlan.c
		_UartStore     		CODE           	0096	0000	243
		_UartSendError 		CODE           	02C4	0000	9
		_UartSendOverflow		CODE           	02BC	0000	9
		_UartDump      		CODE           	02CC	0000	9

wlan.c estimated size: 270

shared
		__initialization		CODE           	01CC	0000	27

shared estimated size: 27

init.c
		_InitInterrupt 		CODE           	02B4	0000	9
		_InitPort      		CODE           	0276	0000	23
		_InitUart      		CODE           	024A	0000	23
		_InitTimer     		CODE           	0188	0000	69
		_InitTris      		CODE           	0260	0000	23
		_Init          		CODE           	01F0	0000	35
		_InitSpi       		CODE           	02AA	0000	11
		_InitAnsel     		CODE           	0212	0000	33
		_InitOsc       		CODE           	02D4	0000	7

init.c estimated size: 233

main.c
		_main          		CODE           	028C	0000	19
		_isr           		CODE           	0008	0000	139

main.c estimated size: 158

communication.c
		_UartSend      		CODE           	0232	0000	25
		_UartReceive   		CODE           	029E	0000	13

communication.c estimated size: 38

