Microchip MPLAB XC8 Compiler V1.35 ()

Linker command line:

--edf=C:\Program Files (x86)\Microchip\xc8\v1.35\dat\en_msgs.txt -cs \
  -h+dist/default/debug\HOVI.X.debug.sym \
  --cmf=dist/default/debug\HOVI.X.debug.cmf -z -Q18F46K22 \
  -oC:\Users\Lucas\AppData\Local\Temp\s6ts.2 \
  -Mdist/default/debug/HOVI.X.debug.map -E1 -ver=XC8 -ASTACK=012Ah-0f37h \
  -pstack=STACK -ACODE=00h-0FFFFh -ACONST=00h-0FFFFh \
  -ASMALLCONST=01000h-010FFhx240 -AMEDIUMCONST=01000h-0FFFFh \
  -ACOMRAM=01h-05Fh -AABS1=00h-0F37h -ABIGRAM=01h-0F37h \
  -ARAM=060h-0FFh,0100h-01FFhx14,0F00h-0F37h -ABANK0=060h-0FFh \
  -ABANK1=0100h-01FFh -ABANK2=0200h-02FFh -ABANK3=0300h-03FFh \
  -ABANK4=0400h-04FFh -ABANK5=0500h-05FFh -ABANK6=0600h-06FFh \
  -ABANK7=0700h-07FFh -ABANK8=0800h-08FFh -ABANK9=0900h-09FFh \
  -ABANK10=0A00h-0AFFh -ABANK11=0B00h-0BFFh -ABANK12=0C00h-0CFFh \
  -ABANK13=0D00h-0DFFh -ABANK14=0E00h-0EFFh -ABANK15=0F00h-0F37h \
  -ASFR=0F38h-0F5Fh,0F60h-0FFCh \
  -preset_vec=00h,intcode=08h,intcodelo,powerup,init,end_init \
  -pramtop=01000h -psmallconst=SMALLCONST -pmediumconst=MEDIUMCONST \
  -pconst=CONST -AFARRAM=00h-00h -ACONFIG=0300000h-030000Dh -pconfig=CONFIG \
  -AIDLOC=0200000h-0200007h -pidloc=IDLOC -AEEDATA=0F00000h-0F003FFh \
  -peeprom_data=EEDATA \
  -prdata=COMRAM,nvrram=COMRAM,nvbit=COMRAM,rbss=COMRAM,rbit=COMRAM \
  -pfarbss=FARRAM,fardata=FARRAM,nvFARRAM=FARRAM \
  -pintsave_regs=BIGRAM,bigbss=BIGRAM,bigdata=BIGRAM -pbss=RAM \
  -pidata=CODE,irdata=CODE,ibigdata=CODE,ifardata=CODE -prparam=COMRAM \
  C:\Users\Lucas\AppData\Local\Temp\s6ts.obj \
  dist/default/debug\HOVI.X.debug.obj 

Object code version is 3.11

Machine type is 18F46K22

Call graph: (short form)




                Name                               Link     Load   Length Selector   Space Scale
C:\Users\Lucas\AppData\Local\Temp\s6ts.obj
                end_init                             CA       CA        4        4       0
                reset_vec                             0        0        6        0       0
                idloc                            200000   200000        8   200000       0
                config                           300000   300000        E   300000       0
dist/default/debug\HOVI.X.debug.obj
                intcode                               8        8       C2        4       0
                temp                                 50       50        1        1       1
                text32                              E46      E46       2C        4       0
                text31                              E1A      E1A       2C        4       0
                text30                              B60      B60       82        4       0
                text28                              F72      F72       12        4       0
                text27                              D9A      D9A       50        4       0
                text26                              D4A      D4A       50        4       0
                text25                               CE       CE      35A        4       0
                text24                              F60      F60       12        4       0
                text23                              9DE      9DE       C2        4       0
                text22                              F4E      F4E       12        4       0
                text21                              91C      91C       C2        4       0
                text20                              F3C      F3C       12        4       0
                text19                              838      838       E4        4       0
                text18                              754      754       E4        4       0
                text17                              AA0      AA0       C0        4       0
                text16                              EC6      EC6       2A        4       0
                text15                              EF0      EF0       20        4       0
                text14                              FC6      FC6        A      7D2       0
                text13                              FA4      FA4        E      7D2       0
                text12                              FBC      FBC        A      7D2       0
                text11                              F26      F26       16        4       0
                text10                              FB2      FB2        A      7D2       0
                text9                               C40      C40       5C        4       0
                text8                               F10      F10       16        4       0
                text7                               FD0      FD0        2      7D2       0
                text6                               E9C      E9C       2A        4       0
                text5                               BE2      BE2       5E        4       0
                text4                               C9C      C9C       5A        4       0
                text3                               428      428      32C        4       0
                text2                               F84      F84       10        4       0
                text1                               E72      E72       2A        4       0
                text0                               DEA      DEA       30        4       0
                cstackCOMRAM                         30       30       10        1       1
                cstackBANK0                          D8       D8        E       60       1
                bssBANK1                            100      100       2A      100       1
                bssBANK0                             60       60       78       60       1
                dataCOMRAM                           40       40        F        1       1
                bssCOMRAM                             1        1       2F        1       1
                bitbssCOMRAM                        278       4F        7        1       1     8
                cinit                               CF6      CF6       54        4       0
                idataCOMRAM                         F94      F94        F        4       0

TOTAL           Name                               Link     Load   Length     Space
        CLASS   STACK          

        CLASS   CODE           
                end_init                             CA       CA        4         0
                intcode                               8        8       C2         0
                reset_vec                             0        0        6         0
                text32                              E46      E46       2C         0
                text31                              E1A      E1A       2C         0
                text30                              B60      B60       82         0
                text28                              F72      F72       12         0
                text27                              D9A      D9A       50         0
                text26                              D4A      D4A       50         0
                text25                               CE       CE      35A         0
                text24                              F60      F60       12         0
                text23                              9DE      9DE       C2         0
                text22                              F4E      F4E       12         0
                text21                              91C      91C       C2         0
                text20                              F3C      F3C       12         0
                text19                              838      838       E4         0
                text18                              754      754       E4         0
                text17                              AA0      AA0       C0         0
                text16                              EC6      EC6       2A         0
                text15                              EF0      EF0       20         0
                text14                              FC6      FC6        A         0
                text13                              FA4      FA4        E         0
                text12                              FBC      FBC        A         0
                text11                              F26      F26       16         0
                text10                              FB2      FB2        A         0
                text9                               C40      C40       5C         0
                text8                               F10      F10       16         0
                text7                               FD0      FD0        2         0
                text6                               E9C      E9C       2A         0
                text5                               BE2      BE2       5E         0
                text4                               C9C      C9C       5A         0
                text3                               428      428      32C         0
                text2                               F84      F84       10         0
                text1                               E72      E72       2A         0
                text0                               DEA      DEA       30         0
                cinit                               CF6      CF6       54         0
                idataCOMRAM                         F94      F94        F         0

        CLASS   CONST          

        CLASS   SMALLCONST     

        CLASS   MEDIUMCONST    

        CLASS   COMRAM         
                temp                                 50       50        1         1
                cstackCOMRAM                         30       30       10         1
                dataCOMRAM                           40       40        F         1
                bssCOMRAM                             1        1       2F         1
                bitbssCOMRAM                        278       4F        7         1

        CLASS   ABS1           

        CLASS   BIGRAM         

        CLASS   RAM            

        CLASS   BANK0          
                cstackBANK0                          D8       D8        E         1
                bssBANK0                             60       60       78         1

        CLASS   BANK1          
                bssBANK1                            100      100       2A         1

        CLASS   BANK2          

        CLASS   BANK3          

        CLASS   BANK4          

        CLASS   BANK5          

        CLASS   BANK6          

        CLASS   BANK7          

        CLASS   BANK8          

        CLASS   BANK9          

        CLASS   BANK10         

        CLASS   BANK11         

        CLASS   BANK12         

        CLASS   BANK13         

        CLASS   BANK14         

        CLASS   BANK15         

        CLASS   SFR            

        CLASS   FARRAM         

        CLASS   CONFIG         
                config                           300000   300000        E         0

        CLASS   IDLOC          
                idloc                            200000   200000        8         0

        CLASS   EEDATA         



SEGMENTS        Name                           Load    Length   Top    Selector   Space  Class

                reset_vec                      000000  000006  000006         0       0  CODE    
                bssCOMRAM                      000001  000050  000051         1       1  COMRAM  
                intcode                        000008  000F9B  000FA3         4       0  CODE    
                bssBANK0                       000060  000086  0000E6        60       1  BANK0   
                bssBANK1                       000100  00002A  00012A       100       1  BANK1   
                text13                         000FA4  00002E  000FD2       7D2       0  CODE    
                idloc                          200000  000008  200008    200000       0  IDLOC   
                config                         300000  00000E  30000E    300000       0  CONFIG  


UNUSED ADDRESS RANGES

        Name                Unused          Largest block    Delta
        BANK0            0000E6-0000FF               1A
        BANK1            00012A-0001FF               D6
        BANK10           000A00-000AFF              100
        BANK11           000B00-000BFF              100
        BANK12           000C00-000CFF              100
        BANK13           000D00-000DFF              100
        BANK14           000E00-000EFF              100
        BANK15           000F00-000F37               38
        BANK2            000200-0002FF              100
        BANK3            000300-0003FF              100
        BANK4            000400-0004FF              100
        BANK5            000500-0005FF              100
        BANK6            000600-0006FF              100
        BANK7            000700-0007FF              100
        BANK8            000800-0008FF              100
        BANK9            000900-0009FF              100
        BIGRAM           000051-00005F                F
                         0000E6-0000FF               1A
                         00012A-000F37              E0E
        CODE             000006-000007                2
                         000FA3-000FA3                1
                         000FD2-00FFFF             F02E
        COMRAM           000051-00005F                F
        CONST            000006-000007                2
                         000FA3-000FA3                1
                         000FD2-00FFFF             F02E
        EEDATA           F00000-F003FF              400
        MEDIUMCONST      001000-00FFFF             F000
        RAM              0000E6-0000FF               1A
                         00012A-000F37              100
        SFR              000F38-000FFC               28
        SMALLCONST       001000-00FFFF              100
        STACK            00012A-000F37              E0E

                                  Symbol Table

?_ExchangeSpiWord            cstackBANK0  0000D8
ActAileron@change            cstackBANK0  0000D8
ActElevator@change           cstackBANK0  0000D8
ActRudder@change             cstackBANK0  0000D8
ActThrottle@change           cstackBANK0  0000D8
CheckThrottle@i              cstackBANK0  0000E2
CheckThrottle@i_1742         cstackBANK0  0000E4
CheckThrottle@i_1743         cstackBANK0  0000DE
CheckThrottle@tmp            cstackBANK0  0000E0
Delay@del                    cstackCOMRAM 000030
ExchangeSpiWord@SPI_word     cstackBANK0  0000DB
ExchangeSpiWord@byte1        cstackBANK0  0000DA
ExchangeSpiWord@byte2        cstackBANK0  0000D8
ReadObject@c                 cstackBANK0  0000E4
ReadObject@c_obj             cstackBANK0  0000E5
ReadObject@checksum          cstackBANK0  0000E2
ReadObject@des_obj           cstackBANK0  0000DD
ReadObject@max_obj           cstackBANK0  0000DF
_ANSELA                      (abs)        000F38
_ANSELB                      (abs)        000F39
_ANSELC                      (abs)        000F3A
_ANSELD                      (abs)        000F3B
_ANSELE                      (abs)        000F3C
_ActAileron                  text24       000F60
_ActElevator                 text22       000F4E
_ActRudder                   text20       000F3C
_ActThrottle                 text28       000F72
_BeneathFloor                text27       000D9A
_BeneathTable                text26       000D4A
_CCP1CONbits                 (abs)        000FBD
_CCP1IE                      (abs)        007CEA
_CCP1IF                      (abs)        007CF2
_CCPR1H                      (abs)        000FBF
_CCPR1L                      (abs)        000FBE
_CheckAileron                text23       0009DE
_CheckElevator               text21       00091C
_CheckRudderAhead            text19       000838
_CheckRudderBack             text18       000754
_CheckThrottle               text25       0000CE
_CompareFrames               text17       000AA0
_Delay                       text31       000E1A
_ExchangeSpiWord             text4        000C9C
_GIE                         (abs)        007F97
_Init                        text6        000E9C
_InitActors                  text16       000EC6
_InitAnsel                   text15       000EF0
_InitComp                    text14       000FC6
_InitInterrupt               text13       000FA4
_InitOsc                     text12       000FBC
_InitPort                    text11       000F26
_InitSpi                     text10       000FB2
_InitTimer                   text9        000C40
_InitTris                    text8        000F10
_InitUart                    text7        000FD0
_Isr                         intcode      000008
_ModeCheck                   text32       000E46
_OSCCON                      (abs)        000FD3
_OSCCON2bits                 (abs)        000FD2
_OSCTUNEbits                 (abs)        000F9B
_PEIE                        (abs)        007F96
_PORTA                       (abs)        000F80
_PORTAbits                   (abs)        000F80
_PORTB                       (abs)        000F81
_PORTBbits                   (abs)        000F81
_PORTC                       (abs)        000F82
_PORTD                       (abs)        000F83
_PORTE                       (abs)        000F84
_ReadHeight                  text5        000BE2
_ReadObject                  text3        000428
_SSP1BUF                     (abs)        000FC9
_SSP1CON1                    (abs)        000FC6
_SSP1IF                      (abs)        007CF3
_SSP1STAT                    (abs)        000FC7
_SignalOut                   text30       000B60
_StartHeightMeasure          text2        000F84
_StoreAsOld                  text1        000E72
_T1CONbits                   (abs)        000FCD
_T3CONbits                   (abs)        000FB1
_T3GCONbits                  (abs)        000FB4
_T5CONbits                   (abs)        000F4E
_T5GCONbits                  (abs)        000F4D
_TMR1H                       (abs)        000FCF
_TMR1L                       (abs)        000FCE
_TMR3GIE                     (abs)        007D19
_TMR3GIF                     (abs)        007D21
_TMR3H                       (abs)        000FB3
_TMR3IF                      (abs)        007D09
_TMR3L                       (abs)        000FB2
_TMR5GIF                     (abs)        007D22
_TMR5H                       (abs)        000F50
_TMR5L                       (abs)        000F4F
_TRISA                       (abs)        000F92
_TRISB                       (abs)        000F93
_TRISC                       (abs)        000F94
_TRISD                       (abs)        000F95
_TRISE                       (abs)        000F96
__CFG_BOREN$SBORDIS          (abs)        000000
__CFG_BORV$190               (abs)        000000
__CFG_CCP2MX$PORTC1          (abs)        000000
__CFG_CCP3MX$PORTB5          (abs)        000000
__CFG_CP0$OFF                (abs)        000000
__CFG_CP1$OFF                (abs)        000000
__CFG_CP2$OFF                (abs)        000000
__CFG_CP3$OFF                (abs)        000000
__CFG_CPB$OFF                (abs)        000000
__CFG_CPD$OFF                (abs)        000000
__CFG_DEBUG$OFF              (abs)        000000
__CFG_EBTR0$OFF              (abs)        000000
__CFG_EBTR1$OFF              (abs)        000000
__CFG_EBTR2$OFF              (abs)        000000
__CFG_EBTR3$OFF              (abs)        000000
__CFG_EBTRB$OFF              (abs)        000000
__CFG_FCMEN$OFF              (abs)        000000
__CFG_FOSC$INTIO67           (abs)        000000
__CFG_HFOFST$ON              (abs)        000000
__CFG_IESO$OFF               (abs)        000000
__CFG_LVP$OFF                (abs)        000000
__CFG_MCLRE$EXTMCLR          (abs)        000000
__CFG_P2BMX$PORTD2           (abs)        000000
__CFG_PBADEN$ON              (abs)        000000
__CFG_PLLCFG$ON              (abs)        000000
__CFG_PRICLKEN$OFF           (abs)        000000
__CFG_PWRTEN$OFF             (abs)        000000
__CFG_STVREN$ON              (abs)        000000
__CFG_T3CMX$PORTC0           (abs)        000000
__CFG_WDTEN$OFF              (abs)        000000
__CFG_WDTPS$32768            (abs)        000000
__CFG_WRT0$OFF               (abs)        000000
__CFG_WRT1$OFF               (abs)        000000
__CFG_WRT2$OFF               (abs)        000000
__CFG_WRT3$OFF               (abs)        000000
__CFG_WRTB$OFF               (abs)        000000
__CFG_WRTC$OFF               (abs)        000000
__CFG_WRTD$OFF               (abs)        000000
__CFG_XINST$OFF              (abs)        000000
__HRAM                       (abs)        000000
__Habs1                      abs1         000000
__Hbank0                     bank0        000000
__Hbank1                     bank1        000000
__Hbank10                    bank10       000000
__Hbank11                    bank11       000000
__Hbank12                    bank12       000000
__Hbank13                    bank13       000000
__Hbank14                    bank14       000000
__Hbank15                    bank15       000000
__Hbank2                     bank2        000000
__Hbank3                     bank3        000000
__Hbank4                     bank4        000000
__Hbank5                     bank5        000000
__Hbank6                     bank6        000000
__Hbank7                     bank7        000000
__Hbank8                     bank8        000000
__Hbank9                     bank9        000000
__Hbigbss                    bigbss       000000
__Hbigdata                   bigdata      000000
__Hbigram                    bigram       000000
__HbitbssCOMRAM              bitbssCOMRAM 000000
__Hbss                       bss          000000
__HbssBANK0                  bssBANK0     000000
__HbssBANK1                  bssBANK1     000000
__HbssCOMRAM                 bssCOMRAM    000000
__Hcinit                     cinit        000000
__Hclrtext                   clrtext      000000
__Hcomram                    comram       000000
__Hconfig                    config       30000E
__Hconst                     const        000000
__HcstackBANK0               cstackBANK0  000000
__HcstackCOMRAM              cstackCOMRAM 000000
__Hdata                      data         000000
__HdataCOMRAM                dataCOMRAM   000000
__Heeprom_data               eeprom_data  000000
__Hend_init                  end_init     0000CE
__Hfarbss                    farbss       000000
__Hfardata                   fardata      000000
__Hibigdata                  ibigdata     000000
__Hidata                     idata        000000
__HidataCOMRAM               idataCOMRAM  000000
__Hidloc                     idloc        200008
__Hifardata                  ifardata     000000
__Hinit                      init         0000CA
__Hintcode                   intcode      0000CA
__Hintcode_body              intcode_body 000000
__Hintcodelo                 intcodelo    0000CA
__Hintentry                  intentry     000000
__Hintret                    intret       000000
__Hintsave_regs              intsave_regs 000000
__Hirdata                    irdata       000000
__Hmediumconst               mediumconst  000000
__HnvFARRAM                  nvFARRAM     000000
__Hnvbit                     nvbit        000000
__Hnvrram                    nvrram       000000
__Hparam                     rparam       000000
__Hpowerup                   powerup      0000CA
__Hram                       ram          000000
__Hramtop                    ramtop       001000
__Hrbit                      rbit         000000
__Hrbss                      rbss         000000
__Hrdata                     rdata        000000
__Hreset_vec                 reset_vec    000006
__Hrparam                    rparam       000000
__Hsfr                       sfr          000000
__Hsmallconst                smallconst   000000
__Hspace_0                   (abs)        30000E
__Hspace_1                   (abs)        00027F
__Hspace_2                   (abs)        000000
__Hstack                     stack        000000
__Hstruct                    struct       000000
__Htemp                      temp         000051
__Htext                      text         000000
__Htext0                     text0        000000
__Htext1                     text1        000000
__Htext10                    text10       000000
__Htext11                    text11       000000
__Htext12                    text12       000000
__Htext13                    text13       000000
__Htext14                    text14       000000
__Htext15                    text15       000000
__Htext16                    text16       000000
__Htext17                    text17       000000
__Htext18                    text18       000000
__Htext19                    text19       000000
__Htext2                     text2        000000
__Htext20                    text20       000000
__Htext21                    text21       000000
__Htext22                    text22       000000
__Htext23                    text23       000000
__Htext24                    text24       000000
__Htext25                    text25       000000
__Htext26                    text26       000000
__Htext27                    text27       000000
__Htext28                    text28       000000
__Htext3                     text3        000000
__Htext30                    text30       000000
__Htext31                    text31       000000
__Htext32                    text32       000000
__Htext4                     text4        000000
__Htext5                     text5        000000
__Htext6                     text6        000000
__Htext7                     text7        000000
__Htext8                     text8        000000
__Htext9                     text9        000000
__LRAM                       (abs)        000001
__Labs1                      abs1         000000
__Lbank0                     bank0        000000
__Lbank1                     bank1        000000
__Lbank10                    bank10       000000
__Lbank11                    bank11       000000
__Lbank12                    bank12       000000
__Lbank13                    bank13       000000
__Lbank14                    bank14       000000
__Lbank15                    bank15       000000
__Lbank2                     bank2        000000
__Lbank3                     bank3        000000
__Lbank4                     bank4        000000
__Lbank5                     bank5        000000
__Lbank6                     bank6        000000
__Lbank7                     bank7        000000
__Lbank8                     bank8        000000
__Lbank9                     bank9        000000
__Lbigbss                    bigbss       000000
__Lbigdata                   bigdata      000000
__Lbigram                    bigram       000000
__LbitbssCOMRAM              bitbssCOMRAM 000000
__Lbss                       bss          000000
__LbssBANK0                  bssBANK0     000000
__LbssBANK1                  bssBANK1     000000
__LbssCOMRAM                 bssCOMRAM    000000
__Lcinit                     cinit        000000
__Lclrtext                   clrtext      000000
__Lcomram                    comram       000000
__Lconfig                    config       300000
__Lconst                     const        000000
__LcstackBANK0               cstackBANK0  000000
__LcstackCOMRAM              cstackCOMRAM 000000
__Ldata                      data         000000
__LdataCOMRAM                dataCOMRAM   000000
__Leeprom_data               eeprom_data  000000
__Lend_init                  end_init     0000CA
__Lfarbss                    farbss       000000
__Lfardata                   fardata      000000
__Libigdata                  ibigdata     000000
__Lidata                     idata        000000
__LidataCOMRAM               idataCOMRAM  000000
__Lidloc                     idloc        200000
__Lifardata                  ifardata     000000
__Linit                      init         0000CA
__Lintcode                   intcode      000008
__Lintcode_body              intcode_body 000000
__Lintcodelo                 intcodelo    0000CA
__Lintentry                  intentry     000000
__Lintret                    intret       000000
__Lintsave_regs              intsave_regs 000000
__Lirdata                    irdata       000000
__Lmediumconst               mediumconst  000000
__LnvFARRAM                  nvFARRAM     000000
__Lnvbit                     nvbit        000000
__Lnvrram                    nvrram       000000
__Lparam                     rparam       000000
__Lpowerup                   powerup      0000CA
__Lram                       ram          000000
__Lramtop                    ramtop       001000
__Lrbit                      rbit         000000
__Lrbss                      rbss         000000
__Lrdata                     rdata        000000
__Lreset_vec                 reset_vec    000000
__Lrparam                    rparam       000000
__Lsfr                       sfr          000000
__Lsmallconst                smallconst   000000
__Lspace_0                   (abs)        000000
__Lspace_1                   (abs)        000000
__Lspace_2                   (abs)        000000
__Lstack                     stack        000000
__Lstruct                    struct       000000
__Ltemp                      temp         000050
__Ltext                      text         000000
__Ltext0                     text0        000000
__Ltext1                     text1        000000
__Ltext10                    text10       000000
__Ltext11                    text11       000000
__Ltext12                    text12       000000
__Ltext13                    text13       000000
__Ltext14                    text14       000000
__Ltext15                    text15       000000
__Ltext16                    text16       000000
__Ltext17                    text17       000000
__Ltext18                    text18       000000
__Ltext19                    text19       000000
__Ltext2                     text2        000000
__Ltext20                    text20       000000
__Ltext21                    text21       000000
__Ltext22                    text22       000000
__Ltext23                    text23       000000
__Ltext24                    text24       000000
__Ltext25                    text25       000000
__Ltext26                    text26       000000
__Ltext27                    text27       000000
__Ltext28                    text28       000000
__Ltext3                     text3        000000
__Ltext30                    text30       000000
__Ltext31                    text31       000000
__Ltext32                    text32       000000
__Ltext4                     text4        000000
__Ltext5                     text5        000000
__Ltext6                     text6        000000
__Ltext7                     text7        000000
__Ltext8                     text8        000000
__Ltext9                     text9        000000
__S0                         (abs)        30000E
__S1                         (abs)        00012A
__S2                         (abs)        000000
___inthi_sp                  stack        000000
___intlo_sp                  stack        000000
___param_bank                (abs)        000010
___rparam_used               (abs)        000001
___sp                        stack        000000
__accesstop                  (abs)        000060
__activetblptr               (abs)        000002
__end_of_ActAileron          text24       000F72
__end_of_ActElevator         text22       000F60
__end_of_ActRudder           text20       000F4E
__end_of_ActThrottle         text28       000F84
__end_of_BeneathFloor        text27       000DEA
__end_of_BeneathTable        text26       000D9A
__end_of_CheckAileron        text23       000AA0
__end_of_CheckElevator       text21       0009DE
__end_of_CheckRudderAhead    text19       00091C
__end_of_CheckRudderBack     text18       000838
__end_of_CheckThrottle       text25       000428
__end_of_CompareFrames       text17       000B60
__end_of_Delay               text31       000E46
__end_of_ExchangeSpiWord     text4        000CF6
__end_of_Init                text6        000EC6
__end_of_InitActors          text16       000EF0
__end_of_InitAnsel           text15       000F10
__end_of_InitComp            text14       000FD0
__end_of_InitInterrupt       text13       000FB2
__end_of_InitOsc             text12       000FC6
__end_of_InitPort            text11       000F3C
__end_of_InitSpi             text10       000FBC
__end_of_InitTimer           text9        000C9C
__end_of_InitTris            text8        000F26
__end_of_InitUart            text7        000FD2
__end_of_Isr                 intcode      0000CA
__end_of_ModeCheck           text32       000E72
__end_of_ReadHeight          text5        000C40
__end_of_ReadObject          text3        000754
__end_of_SignalOut           text30       000BE2
__end_of_StartHeightMeasure  text2        000F94
__end_of_StoreAsOld          text1        000E9C
__end_of__initialization     cinit        000D3C
__end_of_main                text0        000E1A
__initialization             cinit        000CF6
__mediumconst                mediumconst  000000
__pbitbssCOMRAM              bitbssCOMRAM 000278
__pbssBANK0                  bssBANK0     000060
__pbssBANK1                  bssBANK1     000100
__pbssCOMRAM                 bssCOMRAM    000001
__pcinit                     cinit        000CF6
__pcstackBANK0               cstackBANK0  0000D8
__pcstackCOMRAM              cstackCOMRAM 000030
__pdataCOMRAM                dataCOMRAM   000040
__pidataCOMRAM               idataCOMRAM  000F94
__pintcode                   intcode      000008
__ptext0                     text0        000DEA
__ptext1                     text1        000E72
__ptext10                    text10       000FB2
__ptext11                    text11       000F26
__ptext12                    text12       000FBC
__ptext13                    text13       000FA4
__ptext14                    text14       000FC6
__ptext15                    text15       000EF0
__ptext16                    text16       000EC6
__ptext17                    text17       000AA0
__ptext18                    text18       000754
__ptext19                    text19       000838
__ptext2                     text2        000F84
__ptext20                    text20       000F3C
__ptext21                    text21       00091C
__ptext22                    text22       000F4E
__ptext23                    text23       0009DE
__ptext24                    text24       000F60
__ptext25                    text25       0000CE
__ptext26                    text26       000D4A
__ptext27                    text27       000D9A
__ptext28                    text28       000F72
__ptext3                     text3        000428
__ptext30                    text30       000B60
__ptext31                    text31       000E1A
__ptext32                    text32       000E46
__ptext4                     text4        000C9C
__ptext5                     text5        000BE2
__ptext6                     text6        000E9C
__ptext7                     text7        000FD0
__ptext8                     text8        000F10
__ptext9                     text9        000C40
__ramtop                     ramtop       001000
__size_of_ActAileron         (abs)        000000
__size_of_ActElevator        (abs)        000000
__size_of_ActRudder          (abs)        000000
__size_of_ActThrottle        (abs)        000000
__size_of_BeneathFloor       (abs)        000000
__size_of_BeneathTable       (abs)        000000
__size_of_CheckAileron       (abs)        000000
__size_of_CheckElevator      (abs)        000000
__size_of_CheckRudderAhead   (abs)        000000
__size_of_CheckRudderBack    (abs)        000000
__size_of_CheckThrottle      (abs)        000000
__size_of_CompareFrames      (abs)        000000
__size_of_Delay              (abs)        000000
__size_of_ExchangeSpiWord    (abs)        000000
__size_of_Init               (abs)        000000
__size_of_InitActors         (abs)        000000
__size_of_InitAnsel          (abs)        000000
__size_of_InitComp           (abs)        000000
__size_of_InitInterrupt      (abs)        000000
__size_of_InitOsc            (abs)        000000
__size_of_InitPort           (abs)        000000
__size_of_InitSpi            (abs)        000000
__size_of_InitTimer          (abs)        000000
__size_of_InitTris           (abs)        000000
__size_of_InitUart           (abs)        000000
__size_of_Isr                (abs)        000000
__size_of_ModeCheck          (abs)        000000
__size_of_ReadHeight         (abs)        000000
__size_of_ReadObject         (abs)        000000
__size_of_SignalOut          (abs)        000000
__size_of_StartHeightMeasure (abs)        000000
__size_of_StoreAsOld         (abs)        000000
__size_of_main               (abs)        000000
__smallconst                 smallconst   000000
_a_actors                    bssBANK0     0000D0
_a_color                     bssBANK0     000060
_a_frame                     bssCOMRAM    000001
_a_frame_dif                 bssCOMRAM    000015
_a_path                      bssBANK0     0000A6
_a_path_old                  bssBANK1     000100
_c_path                      dataCOMRAM   000040
_changerate                  bssCOMRAM    00001F
_cm100                       dataCOMRAM   000042
_cm120                       dataCOMRAM   000044
_cm180                       dataCOMRAM   000046
_cm220                       dataCOMRAM   000048
_cm50                        dataCOMRAM   00004A
_cm80                        dataCOMRAM   00004C
_direction                   bitbssCOMRAM 000278
_frame                       bitbssCOMRAM 000279
_highpassallowed             bitbssCOMRAM 00027A
_id_current_cc               bssCOMRAM    000025
_lw                          bssCOMRAM    000027
_main                        text0        000DEA
_obj_type                    bitbssCOMRAM 00027B
_outgoing                    bssCOMRAM    000022
_pin_out                     dataCOMRAM   00004E
_pulsecounter                bssCOMRAM    00002F
_set_ret                     bitbssCOMRAM 00027C
_storedif                    bitbssCOMRAM 00027D
_table                       bitbssCOMRAM 00027E
_time_gear                   bssCOMRAM    000029
_time_height                 bssCOMRAM    00002B
_w                           bssCOMRAM    00002D
btemp                        temp         000050
end_of_initialization        cinit        000D3C
int$flags                    temp         000050
intlevel0                    text         000000
intlevel1                    text         000000
intlevel2                    text         000000
intlevel3                    text         000000
stackhi                      (abs)        000F37
stacklo                      (abs)        00012A
start                        init         0000CA
start_initialization         cinit        000CF6


FUNCTION INFORMATION:

 *************** function _main *****************
 Defined at:
		line 85 in file "main.c"
 Parameters:    Size  Location     Type
		None
 Auto vars:     Size  Location     Type
		None
 Return value:  Size  Location     Type
		None               void
 Registers used:
		wreg, fsr1l, fsr1h, fsr2l, fsr2h, status,2, status,0, prodl, prodh, cstack
 Tracked objects:
		On entry : 
		On exit  : 
		Unchanged: 
 Data sizes:     COMRAM   BANK0   BANK1   BANK2   BANK3   BANK4   BANK5   BANK6   BANK7   BANK8   BANK9  BANK10  BANK11  BANK12  BANK13  BANK14  BANK15
      Params:         0       0       0       0       0       0       0       0       0       0       0       0       0       0       0       0       0
      Locals:         0       0       0       0       0       0       0       0       0       0       0       0       0       0       0       0       0
      Temps:          0       0       0       0       0       0       0       0       0       0       0       0       0       0       0       0       0
      Totals:         0       0       0       0       0       0       0       0       0       0       0       0       0       0       0       0       0
Total ram usage:        0 bytes
 Hardware stack levels required when called:    6
 This function calls:
		_CheckThrottle
		_CompareFrames
		_Init
		_ReadHeight
		_ReadObject
		_StartHeightMeasure
		_StoreAsOld
 This function is called by:
		Startup code after reset
 This function uses a non-reentrant model


 *************** function _StoreAsOld *****************
 Defined at:
		line 447 in file "position.c"
 Parameters:    Size  Location     Type
		None
 Auto vars:     Size  Location     Type
		None
 Return value:  Size  Location     Type
		None               void
 Registers used:
		None
 Tracked objects:
		On entry : 
		On exit  : 
		Unchanged: 
 Data sizes:     COMRAM   BANK0   BANK1   BANK2   BANK3   BANK4   BANK5   BANK6   BANK7   BANK8   BANK9  BANK10  BANK11  BANK12  BANK13  BANK14  BANK15
      Params:         0       0       0       0       0       0       0       0       0       0       0       0       0       0       0       0       0
      Locals:         0       0       0       0       0       0       0       0       0       0       0       0       0       0       0       0       0
      Temps:          0       0       0       0       0       0       0       0       0       0       0       0       0       0       0       0       0
      Totals:         0       0       0       0       0       0       0       0       0       0       0       0       0       0       0       0       0
Total ram usage:        0 bytes
 Hardware stack levels used:    1
 Hardware stack levels required when called:    3
 This function calls:
		Nothing
 This function is called by:
		_main
 This function uses a non-reentrant model


 *************** function _StartHeightMeasure *****************
 Defined at:
		line 21 in file "ultrasonic.c"
 Parameters:    Size  Location     Type
		None
 Auto vars:     Size  Location     Type
		None
 Return value:  Size  Location     Type
		None               void
 Registers used:
		wreg, status,2
 Tracked objects:
		On entry : 
		On exit  : 
		Unchanged: 
 Data sizes:     COMRAM   BANK0   BANK1   BANK2   BANK3   BANK4   BANK5   BANK6   BANK7   BANK8   BANK9  BANK10  BANK11  BANK12  BANK13  BANK14  BANK15
      Params:         0       0       0       0       0       0       0       0       0       0       0       0       0       0       0       0       0
      Locals:         0       0       0       0       0       0       0       0       0       0       0       0       0       0       0       0       0
      Temps:          0       0       0       0       0       0       0       0       0       0       0       0       0       0       0       0       0
      Totals:         0       0       0       0       0       0       0       0       0       0       0       0       0       0       0       0       0
Total ram usage:        0 bytes
 Hardware stack levels used:    1
 Hardware stack levels required when called:    3
 This function calls:
		Nothing
 This function is called by:
		_main
 This function uses a non-reentrant model


 *************** function _ReadObject *****************
 Defined at:
		line 27 in file "pixy.c"
 Parameters:    Size  Location     Type
  des_obj_type    1    wreg     unsigned char 
  des_obj         2    5[BANK0 ] unsigned int 
  max_obj         1    7[BANK0 ] unsigned char 
 Auto vars:     Size  Location     Type
  des_obj_type    1    0[COMRAM] unsigned char 
  checksum        2   10[BANK0 ] unsigned int 
  c_obj           1   13[BANK0 ] unsigned char 
  c               1   12[BANK0 ] unsigned char 
 Return value:  Size  Location     Type
                  1    wreg      unsigned char 
 Registers used:
		wreg, fsr2l, fsr2h, status,2, status,0, prodl, prodh, cstack
 Tracked objects:
		On entry : 
		On exit  : 
		Unchanged: 
 Data sizes:     COMRAM   BANK0   BANK1   BANK2   BANK3   BANK4   BANK5   BANK6   BANK7   BANK8   BANK9  BANK10  BANK11  BANK12  BANK13  BANK14  BANK15
      Params:         0       3       0       0       0       0       0       0       0       0       0       0       0       0       0       0       0
      Locals:         0       4       0       0       0       0       0       0       0       0       0       0       0       0       0       0       0
      Temps:          0       2       0       0       0       0       0       0       0       0       0       0       0       0       0       0       0
      Totals:         0       9       0       0       0       0       0       0       0       0       0       0       0       0       0       0       0
Total ram usage:        9 bytes
 Hardware stack levels used:    1
 Hardware stack levels required when called:    4
 This function calls:
		_ExchangeSpiWord
 This function is called by:
		_main
 This function uses a non-reentrant model


 *************** function _ExchangeSpiWord *****************
 Defined at:
		line 27 in file "communication.c"
 Parameters:    Size  Location     Type
  byte1           1    wreg     unsigned char 
  byte2           1    0[BANK0 ] unsigned char 
 Auto vars:     Size  Location     Type
  byte1           1    2[BANK0 ] unsigned char 
  SPI_word        2    3[BANK0 ] unsigned int 
 Return value:  Size  Location     Type
                  2    0[BANK0 ] unsigned int 
 Registers used:
		wreg, status,2, status,0, cstack
 Tracked objects:
		On entry : 
		On exit  : 
		Unchanged: 
 Data sizes:     COMRAM   BANK0   BANK1   BANK2   BANK3   BANK4   BANK5   BANK6   BANK7   BANK8   BANK9  BANK10  BANK11  BANK12  BANK13  BANK14  BANK15
      Params:         0       2       0       0       0       0       0       0       0       0       0       0       0       0       0       0       0
      Locals:         0       3       0       0       0       0       0       0       0       0       0       0       0       0       0       0       0
      Temps:          0       0       0       0       0       0       0       0       0       0       0       0       0       0       0       0       0
      Totals:         0       5       0       0       0       0       0       0       0       0       0       0       0       0       0       0       0
Total ram usage:        5 bytes
 Hardware stack levels used:    1
 Hardware stack levels required when called:    3
 This function calls:
		Nothing
 This function is called by:
		_ReadObject
 This function uses a non-reentrant model


 *************** function _ReadHeight *****************
 Defined at:
		line 27 in file "ultrasonic.c"
 Parameters:    Size  Location     Type
		None
 Auto vars:     Size  Location     Type
		None
 Return value:  Size  Location     Type
		None               void
 Registers used:
		wreg, fsr2l, fsr2h, status,2, status,0
 Tracked objects:
		On entry : 
		On exit  : 
		Unchanged: 
 Data sizes:     COMRAM   BANK0   BANK1   BANK2   BANK3   BANK4   BANK5   BANK6   BANK7   BANK8   BANK9  BANK10  BANK11  BANK12  BANK13  BANK14  BANK15
      Params:         0       0       0       0       0       0       0       0       0       0       0       0       0       0       0       0       0
      Locals:         0       0       0       0       0       0       0       0       0       0       0       0       0       0       0       0       0
      Temps:          0       2       0       0       0       0       0       0       0       0       0       0       0       0       0       0       0
      Totals:         0       2       0       0       0       0       0       0       0       0       0       0       0       0       0       0       0
Total ram usage:        2 bytes
 Hardware stack levels used:    1
 Hardware stack levels required when called:    3
 This function calls:
		Nothing
 This function is called by:
		_main
 This function uses a non-reentrant model


 *************** function _Init *****************
 Defined at:
		line 30 in file "init.c"
 Parameters:    Size  Location     Type
		None
 Auto vars:     Size  Location     Type
		None
 Return value:  Size  Location     Type
		None               void
 Registers used:
		wreg, status,2, cstack
 Tracked objects:
		On entry : 
		On exit  : 
		Unchanged: 
 Data sizes:     COMRAM   BANK0   BANK1   BANK2   BANK3   BANK4   BANK5   BANK6   BANK7   BANK8   BANK9  BANK10  BANK11  BANK12  BANK13  BANK14  BANK15
      Params:         0       0       0       0       0       0       0       0       0       0       0       0       0       0       0       0       0
      Locals:         0       0       0       0       0       0       0       0       0       0       0       0       0       0       0       0       0
      Temps:          0       0       0       0       0       0       0       0       0       0       0       0       0       0       0       0       0
      Totals:         0       0       0       0       0       0       0       0       0       0       0       0       0       0       0       0       0
Total ram usage:        0 bytes
 Hardware stack levels used:    1
 Hardware stack levels required when called:    4
 This function calls:
		_InitActors
		_InitAnsel
		_InitComp
		_InitInterrupt
		_InitOsc
		_InitPort
		_InitSpi
		_InitTimer
		_InitTris
		_InitUart
 This function is called by:
		_main
 This function uses a non-reentrant model


 *************** function _InitUart *****************
 Defined at:
		line 84 in file "init.c"
 Parameters:    Size  Location     Type
		None
 Auto vars:     Size  Location     Type
		None
 Return value:  Size  Location     Type
		None               void
 Registers used:
		None
 Tracked objects:
		On entry : 
		On exit  : 
		Unchanged: 
 Data sizes:     COMRAM   BANK0   BANK1   BANK2   BANK3   BANK4   BANK5   BANK6   BANK7   BANK8   BANK9  BANK10  BANK11  BANK12  BANK13  BANK14  BANK15
      Params:         0       0       0       0       0       0       0       0       0       0       0       0       0       0       0       0       0
      Locals:         0       0       0       0       0       0       0       0       0       0       0       0       0       0       0       0       0
      Temps:          0       0       0       0       0       0       0       0       0       0       0       0       0       0       0       0       0
      Totals:         0       0       0       0       0       0       0       0       0       0       0       0       0       0       0       0       0
Total ram usage:        0 bytes
 Hardware stack levels used:    1
 Hardware stack levels required when called:    3
 This function calls:
		Nothing
 This function is called by:
		_Init
 This function uses a non-reentrant model


 *************** function _InitTris *****************
 Defined at:
		line 55 in file "init.c"
 Parameters:    Size  Location     Type
		None
 Auto vars:     Size  Location     Type
		None
 Return value:  Size  Location     Type
		None               void
 Registers used:
		wreg, status,2
 Tracked objects:
		On entry : 
		On exit  : 
		Unchanged: 
 Data sizes:     COMRAM   BANK0   BANK1   BANK2   BANK3   BANK4   BANK5   BANK6   BANK7   BANK8   BANK9  BANK10  BANK11  BANK12  BANK13  BANK14  BANK15
      Params:         0       0       0       0       0       0       0       0       0       0       0       0       0       0       0       0       0
      Locals:         0       0       0       0       0       0       0       0       0       0       0       0       0       0       0       0       0
      Temps:          0       0       0       0       0       0       0       0       0       0       0       0       0       0       0       0       0
      Totals:         0       0       0       0       0       0       0       0       0       0       0       0       0       0       0       0       0
Total ram usage:        0 bytes
 Hardware stack levels used:    1
 Hardware stack levels required when called:    3
 This function calls:
		Nothing
 This function is called by:
		_Init
 This function uses a non-reentrant model


 *************** function _InitTimer *****************
 Defined at:
		line 123 in file "init.c"
 Parameters:    Size  Location     Type
		None
 Auto vars:     Size  Location     Type
		None
 Return value:  Size  Location     Type
		None               void
 Registers used:
		wreg, status,2
 Tracked objects:
		On entry : 
		On exit  : 
		Unchanged: 
 Data sizes:     COMRAM   BANK0   BANK1   BANK2   BANK3   BANK4   BANK5   BANK6   BANK7   BANK8   BANK9  BANK10  BANK11  BANK12  BANK13  BANK14  BANK15
      Params:         0       0       0       0       0       0       0       0       0       0       0       0       0       0       0       0       0
      Locals:         0       0       0       0       0       0       0       0       0       0       0       0       0       0       0       0       0
      Temps:          0       0       0       0       0       0       0       0       0       0       0       0       0       0       0       0       0
      Totals:         0       0       0       0       0       0       0       0       0       0       0       0       0       0       0       0       0
Total ram usage:        0 bytes
 Hardware stack levels used:    1
 Hardware stack levels required when called:    3
 This function calls:
		Nothing
 This function is called by:
		_Init
 This function uses a non-reentrant model


 *************** function _InitSpi *****************
 Defined at:
		line 97 in file "init.c"
 Parameters:    Size  Location     Type
		None
 Auto vars:     Size  Location     Type
		None
 Return value:  Size  Location     Type
		None               void
 Registers used:
		wreg, status,2
 Tracked objects:
		On entry : 
		On exit  : 
		Unchanged: 
 Data sizes:     COMRAM   BANK0   BANK1   BANK2   BANK3   BANK4   BANK5   BANK6   BANK7   BANK8   BANK9  BANK10  BANK11  BANK12  BANK13  BANK14  BANK15
      Params:         0       0       0       0       0       0       0       0       0       0       0       0       0       0       0       0       0
      Locals:         0       0       0       0       0       0       0       0       0       0       0       0       0       0       0       0       0
      Temps:          0       0       0       0       0       0       0       0       0       0       0       0       0       0       0       0       0
      Totals:         0       0       0       0       0       0       0       0       0       0       0       0       0       0       0       0       0
Total ram usage:        0 bytes
 Hardware stack levels used:    1
 Hardware stack levels required when called:    3
 This function calls:
		Nothing
 This function is called by:
		_Init
 This function uses a non-reentrant model


 *************** function _InitPort *****************
 Defined at:
		line 45 in file "init.c"
 Parameters:    Size  Location     Type
		None
 Auto vars:     Size  Location     Type
		None
 Return value:  Size  Location     Type
		None               void
 Registers used:
		wreg, status,2
 Tracked objects:
		On entry : 
		On exit  : 
		Unchanged: 
 Data sizes:     COMRAM   BANK0   BANK1   BANK2   BANK3   BANK4   BANK5   BANK6   BANK7   BANK8   BANK9  BANK10  BANK11  BANK12  BANK13  BANK14  BANK15
      Params:         0       0       0       0       0       0       0       0       0       0       0       0       0       0       0       0       0
      Locals:         0       0       0       0       0       0       0       0       0       0       0       0       0       0       0       0       0
      Temps:          0       0       0       0       0       0       0       0       0       0       0       0       0       0       0       0       0
      Totals:         0       0       0       0       0       0       0       0       0       0       0       0       0       0       0       0       0
Total ram usage:        0 bytes
 Hardware stack levels used:    1
 Hardware stack levels required when called:    3
 This function calls:
		Nothing
 This function is called by:
		_Init
 This function uses a non-reentrant model


 *************** function _InitOsc *****************
 Defined at:
		line 75 in file "init.c"
 Parameters:    Size  Location     Type
		None
 Auto vars:     Size  Location     Type
		None
 Return value:  Size  Location     Type
		None               void
 Registers used:
		wreg, status,2
 Tracked objects:
		On entry : 
		On exit  : 
		Unchanged: 
 Data sizes:     COMRAM   BANK0   BANK1   BANK2   BANK3   BANK4   BANK5   BANK6   BANK7   BANK8   BANK9  BANK10  BANK11  BANK12  BANK13  BANK14  BANK15
      Params:         0       0       0       0       0       0       0       0       0       0       0       0       0       0       0       0       0
      Locals:         0       0       0       0       0       0       0       0       0       0       0       0       0       0       0       0       0
      Temps:          0       0       0       0       0       0       0       0       0       0       0       0       0       0       0       0       0
      Totals:         0       0       0       0       0       0       0       0       0       0       0       0       0       0       0       0       0
Total ram usage:        0 bytes
 Hardware stack levels used:    1
 Hardware stack levels required when called:    3
 This function calls:
		Nothing
 This function is called by:
		_Init
 This function uses a non-reentrant model


 *************** function _InitInterrupt *****************
 Defined at:
		line 176 in file "init.c"
 Parameters:    Size  Location     Type
		None
 Auto vars:     Size  Location     Type
		None
 Return value:  Size  Location     Type
		None               void
 Registers used:
		None
 Tracked objects:
		On entry : 
		On exit  : 
		Unchanged: 
 Data sizes:     COMRAM   BANK0   BANK1   BANK2   BANK3   BANK4   BANK5   BANK6   BANK7   BANK8   BANK9  BANK10  BANK11  BANK12  BANK13  BANK14  BANK15
      Params:         0       0       0       0       0       0       0       0       0       0       0       0       0       0       0       0       0
      Locals:         0       0       0       0       0       0       0       0       0       0       0       0       0       0       0       0       0
      Temps:          0       0       0       0       0       0       0       0       0       0       0       0       0       0       0       0       0
      Totals:         0       0       0       0       0       0       0       0       0       0       0       0       0       0       0       0       0
Total ram usage:        0 bytes
 Hardware stack levels used:    1
 Hardware stack levels required when called:    3
 This function calls:
		Nothing
 This function is called by:
		_Init
 This function uses a non-reentrant model


 *************** function _InitComp *****************
 Defined at:
		line 166 in file "init.c"
 Parameters:    Size  Location     Type
		None
 Auto vars:     Size  Location     Type
		None
 Return value:  Size  Location     Type
		None               void
 Registers used:
		wreg, status,2
 Tracked objects:
		On entry : 
		On exit  : 
		Unchanged: 
 Data sizes:     COMRAM   BANK0   BANK1   BANK2   BANK3   BANK4   BANK5   BANK6   BANK7   BANK8   BANK9  BANK10  BANK11  BANK12  BANK13  BANK14  BANK15
      Params:         0       0       0       0       0       0       0       0       0       0       0       0       0       0       0       0       0
      Locals:         0       0       0       0       0       0       0       0       0       0       0       0       0       0       0       0       0
      Temps:          0       0       0       0       0       0       0       0       0       0       0       0       0       0       0       0       0
      Totals:         0       0       0       0       0       0       0       0       0       0       0       0       0       0       0       0       0
Total ram usage:        0 bytes
 Hardware stack levels used:    1
 Hardware stack levels required when called:    3
 This function calls:
		Nothing
 This function is called by:
		_Init
 This function uses a non-reentrant model


 *************** function _InitAnsel *****************
 Defined at:
		line 65 in file "init.c"
 Parameters:    Size  Location     Type
		None
 Auto vars:     Size  Location     Type
		None
 Return value:  Size  Location     Type
		None               void
 Registers used:
		wreg, status,2
 Tracked objects:
		On entry : 
		On exit  : 
		Unchanged: 
 Data sizes:     COMRAM   BANK0   BANK1   BANK2   BANK3   BANK4   BANK5   BANK6   BANK7   BANK8   BANK9  BANK10  BANK11  BANK12  BANK13  BANK14  BANK15
      Params:         0       0       0       0       0       0       0       0       0       0       0       0       0       0       0       0       0
      Locals:         0       0       0       0       0       0       0       0       0       0       0       0       0       0       0       0       0
      Temps:          0       0       0       0       0       0       0       0       0       0       0       0       0       0       0       0       0
      Totals:         0       0       0       0       0       0       0       0       0       0       0       0       0       0       0       0       0
Total ram usage:        0 bytes
 Hardware stack levels used:    1
 Hardware stack levels required when called:    3
 This function calls:
		Nothing
 This function is called by:
		_Init
 This function uses a non-reentrant model


 *************** function _InitActors *****************
 Defined at:
		line 192 in file "init.c"
 Parameters:    Size  Location     Type
		None
 Auto vars:     Size  Location     Type
		None
 Return value:  Size  Location     Type
		None               void
 Registers used:
		wreg, status,2
 Tracked objects:
		On entry : 
		On exit  : 
		Unchanged: 
 Data sizes:     COMRAM   BANK0   BANK1   BANK2   BANK3   BANK4   BANK5   BANK6   BANK7   BANK8   BANK9  BANK10  BANK11  BANK12  BANK13  BANK14  BANK15
      Params:         0       0       0       0       0       0       0       0       0       0       0       0       0       0       0       0       0
      Locals:         0       0       0       0       0       0       0       0       0       0       0       0       0       0       0       0       0
      Temps:          0       0       0       0       0       0       0       0       0       0       0       0       0       0       0       0       0
      Totals:         0       0       0       0       0       0       0       0       0       0       0       0       0       0       0       0       0
Total ram usage:        0 bytes
 Hardware stack levels used:    1
 Hardware stack levels required when called:    3
 This function calls:
		Nothing
 This function is called by:
		_Init
 This function uses a non-reentrant model


 *************** function _CompareFrames *****************
 Defined at:
		line 32 in file "position.c"
 Parameters:    Size  Location     Type
		None
 Auto vars:     Size  Location     Type
		None
 Return value:  Size  Location     Type
		None               void
 Registers used:
		wreg, fsr2l, fsr2h, status,2, status,0, cstack
 Tracked objects:
		On entry : 
		On exit  : 
		Unchanged: 
 Data sizes:     COMRAM   BANK0   BANK1   BANK2   BANK3   BANK4   BANK5   BANK6   BANK7   BANK8   BANK9  BANK10  BANK11  BANK12  BANK13  BANK14  BANK15
      Params:         0       0       0       0       0       0       0       0       0       0       0       0       0       0       0       0       0
      Locals:         0       0       0       0       0       0       0       0       0       0       0       0       0       0       0       0       0
      Temps:          0       2       0       0       0       0       0       0       0       0       0       0       0       0       0       0       0
      Totals:         0       2       0       0       0       0       0       0       0       0       0       0       0       0       0       0       0
Total ram usage:        2 bytes
 Hardware stack levels used:    1
 Hardware stack levels required when called:    5
 This function calls:
		_CheckAileron
		_CheckElevator
		_CheckRudderAhead
		_CheckRudderBack
 This function is called by:
		_main
 This function uses a non-reentrant model


 *************** function _CheckRudderBack *****************
 Defined at:
		line 391 in file "position.c"
 Parameters:    Size  Location     Type
		None
 Auto vars:     Size  Location     Type
		None
 Return value:  Size  Location     Type
		None               void
 Registers used:
		wreg, status,2, status,0, cstack
 Tracked objects:
		On entry : 
		On exit  : 
		Unchanged: 
 Data sizes:     COMRAM   BANK0   BANK1   BANK2   BANK3   BANK4   BANK5   BANK6   BANK7   BANK8   BANK9  BANK10  BANK11  BANK12  BANK13  BANK14  BANK15
      Params:         0       0       0       0       0       0       0       0       0       0       0       0       0       0       0       0       0
      Locals:         0       0       0       0       0       0       0       0       0       0       0       0       0       0       0       0       0
      Temps:          0       1       0       0       0       0       0       0       0       0       0       0       0       0       0       0       0
      Totals:         0       1       0       0       0       0       0       0       0       0       0       0       0       0       0       0       0
Total ram usage:        1 bytes
 Hardware stack levels used:    1
 Hardware stack levels required when called:    4
 This function calls:
		_ActRudder
 This function is called by:
		_CompareFrames
 This function uses a non-reentrant model


 *************** function _CheckRudderAhead *****************
 Defined at:
		line 333 in file "position.c"
 Parameters:    Size  Location     Type
		None
 Auto vars:     Size  Location     Type
		None
 Return value:  Size  Location     Type
		None               void
 Registers used:
		wreg, status,2, status,0, cstack
 Tracked objects:
		On entry : 
		On exit  : 
		Unchanged: 
 Data sizes:     COMRAM   BANK0   BANK1   BANK2   BANK3   BANK4   BANK5   BANK6   BANK7   BANK8   BANK9  BANK10  BANK11  BANK12  BANK13  BANK14  BANK15
      Params:         0       0       0       0       0       0       0       0       0       0       0       0       0       0       0       0       0
      Locals:         0       0       0       0       0       0       0       0       0       0       0       0       0       0       0       0       0
      Temps:          0       1       0       0       0       0       0       0       0       0       0       0       0       0       0       0       0
      Totals:         0       1       0       0       0       0       0       0       0       0       0       0       0       0       0       0       0
Total ram usage:        1 bytes
 Hardware stack levels used:    1
 Hardware stack levels required when called:    4
 This function calls:
		_ActRudder
 This function is called by:
		_CompareFrames
 This function uses a non-reentrant model


 *************** function _ActRudder *****************
 Defined at:
		line 98 in file "actors.c"
 Parameters:    Size  Location     Type
  change          1    wreg     unsigned char 
 Auto vars:     Size  Location     Type
  change          1    0[BANK0 ] unsigned char 
 Return value:  Size  Location     Type
		None               void
 Registers used:
		wreg, status,2, status,0
 Tracked objects:
		On entry : 
		On exit  : 
		Unchanged: 
 Data sizes:     COMRAM   BANK0   BANK1   BANK2   BANK3   BANK4   BANK5   BANK6   BANK7   BANK8   BANK9  BANK10  BANK11  BANK12  BANK13  BANK14  BANK15
      Params:         0       0       0       0       0       0       0       0       0       0       0       0       0       0       0       0       0
      Locals:         0       1       0       0       0       0       0       0       0       0       0       0       0       0       0       0       0
      Temps:          0       0       0       0       0       0       0       0       0       0       0       0       0       0       0       0       0
      Totals:         0       1       0       0       0       0       0       0       0       0       0       0       0       0       0       0       0
Total ram usage:        1 bytes
 Hardware stack levels used:    1
 Hardware stack levels required when called:    3
 This function calls:
		Nothing
 This function is called by:
		_CheckRudderAhead
		_CheckRudderBack
 This function uses a non-reentrant model


 *************** function _CheckElevator *****************
 Defined at:
		line 129 in file "position.c"
 Parameters:    Size  Location     Type
		None
 Auto vars:     Size  Location     Type
		None
 Return value:  Size  Location     Type
		None               void
 Registers used:
		wreg, status,2, status,0, cstack
 Tracked objects:
		On entry : 
		On exit  : 
		Unchanged: 
 Data sizes:     COMRAM   BANK0   BANK1   BANK2   BANK3   BANK4   BANK5   BANK6   BANK7   BANK8   BANK9  BANK10  BANK11  BANK12  BANK13  BANK14  BANK15
      Params:         0       0       0       0       0       0       0       0       0       0       0       0       0       0       0       0       0
      Locals:         0       0       0       0       0       0       0       0       0       0       0       0       0       0       0       0       0
      Temps:          0       0       0       0       0       0       0       0       0       0       0       0       0       0       0       0       0
      Totals:         0       0       0       0       0       0       0       0       0       0       0       0       0       0       0       0       0
Total ram usage:        0 bytes
 Hardware stack levels used:    1
 Hardware stack levels required when called:    4
 This function calls:
		_ActElevator
 This function is called by:
		_CompareFrames
 This function uses a non-reentrant model


 *************** function _ActElevator *****************
 Defined at:
		line 80 in file "actors.c"
 Parameters:    Size  Location     Type
  change          1    wreg     unsigned char 
 Auto vars:     Size  Location     Type
  change          1    0[BANK0 ] unsigned char 
 Return value:  Size  Location     Type
		None               void
 Registers used:
		wreg, status,2, status,0
 Tracked objects:
		On entry : 
		On exit  : 
		Unchanged: 
 Data sizes:     COMRAM   BANK0   BANK1   BANK2   BANK3   BANK4   BANK5   BANK6   BANK7   BANK8   BANK9  BANK10  BANK11  BANK12  BANK13  BANK14  BANK15
      Params:         0       0       0       0       0       0       0       0       0       0       0       0       0       0       0       0       0
      Locals:         0       1       0       0       0       0       0       0       0       0       0       0       0       0       0       0       0
      Temps:          0       0       0       0       0       0       0       0       0       0       0       0       0       0       0       0       0
      Totals:         0       1       0       0       0       0       0       0       0       0       0       0       0       0       0       0       0
Total ram usage:        1 bytes
 Hardware stack levels used:    1
 Hardware stack levels required when called:    3
 This function calls:
		Nothing
 This function is called by:
		_CheckElevator
 This function uses a non-reentrant model


 *************** function _CheckAileron *****************
 Defined at:
		line 59 in file "position.c"
 Parameters:    Size  Location     Type
		None
 Auto vars:     Size  Location     Type
		None
 Return value:  Size  Location     Type
		None               void
 Registers used:
		wreg, status,2, status,0, cstack
 Tracked objects:
		On entry : 
		On exit  : 
		Unchanged: 
 Data sizes:     COMRAM   BANK0   BANK1   BANK2   BANK3   BANK4   BANK5   BANK6   BANK7   BANK8   BANK9  BANK10  BANK11  BANK12  BANK13  BANK14  BANK15
      Params:         0       0       0       0       0       0       0       0       0       0       0       0       0       0       0       0       0
      Locals:         0       0       0       0       0       0       0       0       0       0       0       0       0       0       0       0       0
      Temps:          0       0       0       0       0       0       0       0       0       0       0       0       0       0       0       0       0
      Totals:         0       0       0       0       0       0       0       0       0       0       0       0       0       0       0       0       0
Total ram usage:        0 bytes
 Hardware stack levels used:    1
 Hardware stack levels required when called:    4
 This function calls:
		_ActAileron
 This function is called by:
		_CompareFrames
 This function uses a non-reentrant model


 *************** function _ActAileron *****************
 Defined at:
		line 71 in file "actors.c"
 Parameters:    Size  Location     Type
  change          1    wreg     unsigned char 
 Auto vars:     Size  Location     Type
  change          1    0[BANK0 ] unsigned char 
 Return value:  Size  Location     Type
		None               void
 Registers used:
		wreg, status,2, status,0
 Tracked objects:
		On entry : 
		On exit  : 
		Unchanged: 
 Data sizes:     COMRAM   BANK0   BANK1   BANK2   BANK3   BANK4   BANK5   BANK6   BANK7   BANK8   BANK9  BANK10  BANK11  BANK12  BANK13  BANK14  BANK15
      Params:         0       0       0       0       0       0       0       0       0       0       0       0       0       0       0       0       0
      Locals:         0       1       0       0       0       0       0       0       0       0       0       0       0       0       0       0       0
      Temps:          0       0       0       0       0       0       0       0       0       0       0       0       0       0       0       0       0
      Totals:         0       1       0       0       0       0       0       0       0       0       0       0       0       0       0       0       0
Total ram usage:        1 bytes
 Hardware stack levels used:    1
 Hardware stack levels required when called:    3
 This function calls:
		Nothing
 This function is called by:
		_CheckAileron
 This function uses a non-reentrant model


 *************** function _CheckThrottle *****************
 Defined at:
		line 237 in file "position.c"
 Parameters:    Size  Location     Type
		None
 Auto vars:     Size  Location     Type
  i               2    6[BANK0 ] int 
  i               2   12[BANK0 ] int 
  i               2   10[BANK0 ] int 
  tmp             2    8[BANK0 ] int 
 Return value:  Size  Location     Type
		None               void
 Registers used:
		wreg, fsr1l, fsr1h, fsr2l, fsr2h, status,2, status,0, cstack
 Tracked objects:
		On entry : 
		On exit  : 
		Unchanged: 
 Data sizes:     COMRAM   BANK0   BANK1   BANK2   BANK3   BANK4   BANK5   BANK6   BANK7   BANK8   BANK9  BANK10  BANK11  BANK12  BANK13  BANK14  BANK15
      Params:         0       0       0       0       0       0       0       0       0       0       0       0       0       0       0       0       0
      Locals:         0       8       0       0       0       0       0       0       0       0       0       0       0       0       0       0       0
      Temps:          0       5       0       0       0       0       0       0       0       0       0       0       0       0       0       0       0
      Totals:         0      13       0       0       0       0       0       0       0       0       0       0       0       0       0       0       0
Total ram usage:       13 bytes
 Hardware stack levels used:    1
 Hardware stack levels required when called:    5
 This function calls:
		_ActThrottle
		_BeneathFloor
		_BeneathTable
 This function is called by:
		_main
 This function uses a non-reentrant model


 *************** function _BeneathTable *****************
 Defined at:
		line 196 in file "position.c"
 Parameters:    Size  Location     Type
		None
 Auto vars:     Size  Location     Type
		None
 Return value:  Size  Location     Type
		None               void
 Registers used:
		wreg, status,2, status,0, cstack
 Tracked objects:
		On entry : 
		On exit  : 
		Unchanged: 
 Data sizes:     COMRAM   BANK0   BANK1   BANK2   BANK3   BANK4   BANK5   BANK6   BANK7   BANK8   BANK9  BANK10  BANK11  BANK12  BANK13  BANK14  BANK15
      Params:         0       0       0       0       0       0       0       0       0       0       0       0       0       0       0       0       0
      Locals:         0       0       0       0       0       0       0       0       0       0       0       0       0       0       0       0       0
      Temps:          0       0       0       0       0       0       0       0       0       0       0       0       0       0       0       0       0
      Totals:         0       0       0       0       0       0       0       0       0       0       0       0       0       0       0       0       0
Total ram usage:        0 bytes
 Hardware stack levels used:    1
 Hardware stack levels required when called:    4
 This function calls:
		_ActThrottle
 This function is called by:
		_CheckThrottle
 This function uses a non-reentrant model


 *************** function _BeneathFloor *****************
 Defined at:
		line 216 in file "position.c"
 Parameters:    Size  Location     Type
		None
 Auto vars:     Size  Location     Type
		None
 Return value:  Size  Location     Type
		None               void
 Registers used:
		wreg, status,2, status,0, cstack
 Tracked objects:
		On entry : 
		On exit  : 
		Unchanged: 
 Data sizes:     COMRAM   BANK0   BANK1   BANK2   BANK3   BANK4   BANK5   BANK6   BANK7   BANK8   BANK9  BANK10  BANK11  BANK12  BANK13  BANK14  BANK15
      Params:         0       0       0       0       0       0       0       0       0       0       0       0       0       0       0       0       0
      Locals:         0       0       0       0       0       0       0       0       0       0       0       0       0       0       0       0       0
      Temps:          0       0       0       0       0       0       0       0       0       0       0       0       0       0       0       0       0
      Totals:         0       0       0       0       0       0       0       0       0       0       0       0       0       0       0       0       0
Total ram usage:        0 bytes
 Hardware stack levels used:    1
 Hardware stack levels required when called:    4
 This function calls:
		_ActThrottle
 This function is called by:
		_CheckThrottle
 This function uses a non-reentrant model


 *************** function _ActThrottle *****************
 Defined at:
		line 89 in file "actors.c"
 Parameters:    Size  Location     Type
  change          1    wreg     unsigned char 
 Auto vars:     Size  Location     Type
  change          1    0[BANK0 ] unsigned char 
 Return value:  Size  Location     Type
		None               void
 Registers used:
		wreg, status,2, status,0
 Tracked objects:
		On entry : 
		On exit  : 
		Unchanged: 
 Data sizes:     COMRAM   BANK0   BANK1   BANK2   BANK3   BANK4   BANK5   BANK6   BANK7   BANK8   BANK9  BANK10  BANK11  BANK12  BANK13  BANK14  BANK15
      Params:         0       0       0       0       0       0       0       0       0       0       0       0       0       0       0       0       0
      Locals:         0       1       0       0       0       0       0       0       0       0       0       0       0       0       0       0       0
      Temps:          0       0       0       0       0       0       0       0       0       0       0       0       0       0       0       0       0
      Totals:         0       1       0       0       0       0       0       0       0       0       0       0       0       0       0       0       0
Total ram usage:        1 bytes
 Hardware stack levels used:    1
 Hardware stack levels required when called:    3
 This function calls:
		Nothing
 This function is called by:
		_BeneathTable
		_BeneathFloor
		_CheckThrottle
 This function uses a non-reentrant model


 *************** function _Isr *****************
 Defined at:
		line 30 in file "interrupt.c"
 Parameters:    Size  Location     Type
		None
 Auto vars:     Size  Location     Type
		None
 Return value:  Size  Location     Type
		None               void
 Registers used:
		wreg, status,2, status,0, cstack
 Tracked objects:
		On entry : 
		On exit  : 
		Unchanged: 
 Data sizes:     COMRAM   BANK0   BANK1   BANK2   BANK3   BANK4   BANK5   BANK6   BANK7   BANK8   BANK9  BANK10  BANK11  BANK12  BANK13  BANK14  BANK15
      Params:         0       0       0       0       0       0       0       0       0       0       0       0       0       0       0       0       0
      Locals:         0       0       0       0       0       0       0       0       0       0       0       0       0       0       0       0       0
      Temps:         14       0       0       0       0       0       0       0       0       0       0       0       0       0       0       0       0
      Totals:        14       0       0       0       0       0       0       0       0       0       0       0       0       0       0       0       0
Total ram usage:       14 bytes
 Hardware stack levels used:    1
 Hardware stack levels required when called:    2
 This function calls:
		_ModeCheck
		_SignalOut
 This function is called by:
		Interrupt level 2
 This function uses a non-reentrant model


 *************** function _SignalOut *****************
 Defined at:
		line 32 in file "actors.c"
 Parameters:    Size  Location     Type
		None
 Auto vars:     Size  Location     Type
		None
 Return value:  Size  Location     Type
		None               void
 Registers used:
		wreg, status,2, status,0, cstack
 Tracked objects:
		On entry : 
		On exit  : 
		Unchanged: 
 Data sizes:     COMRAM   BANK0   BANK1   BANK2   BANK3   BANK4   BANK5   BANK6   BANK7   BANK8   BANK9  BANK10  BANK11  BANK12  BANK13  BANK14  BANK15
      Params:         0       0       0       0       0       0       0       0       0       0       0       0       0       0       0       0       0
      Locals:         0       0       0       0       0       0       0       0       0       0       0       0       0       0       0       0       0
      Temps:          0       0       0       0       0       0       0       0       0       0       0       0       0       0       0       0       0
      Totals:         0       0       0       0       0       0       0       0       0       0       0       0       0       0       0       0       0
Total ram usage:        0 bytes
 Hardware stack levels used:    1
 Hardware stack levels required when called:    1
 This function calls:
		_Delay
 This function is called by:
		_Isr
 This function uses a non-reentrant model


 *************** function _Delay *****************
 Defined at:
		line 20 in file "actors.c"
 Parameters:    Size  Location     Type
  del             2    0[COMRAM] unsigned int 
 Auto vars:     Size  Location     Type
		None
 Return value:  Size  Location     Type
		None               void
 Registers used:
		wreg, status,2, status,0
 Tracked objects:
		On entry : 
		On exit  : 
		Unchanged: 
 Data sizes:     COMRAM   BANK0   BANK1   BANK2   BANK3   BANK4   BANK5   BANK6   BANK7   BANK8   BANK9  BANK10  BANK11  BANK12  BANK13  BANK14  BANK15
      Params:         2       0       0       0       0       0       0       0       0       0       0       0       0       0       0       0       0
      Locals:         0       0       0       0       0       0       0       0       0       0       0       0       0       0       0       0       0
      Temps:          0       0       0       0       0       0       0       0       0       0       0       0       0       0       0       0       0
      Totals:         2       0       0       0       0       0       0       0       0       0       0       0       0       0       0       0       0
Total ram usage:        2 bytes
 Hardware stack levels used:    1
 This function calls:
		Nothing
 This function is called by:
		_SignalOut
 This function uses a non-reentrant model


 *************** function _ModeCheck *****************
 Defined at:
		line 30 in file "gear.c"
 Parameters:    Size  Location     Type
		None
 Auto vars:     Size  Location     Type
		None
 Return value:  Size  Location     Type
		None               void
 Registers used:
		wreg, status,2, status,0
 Tracked objects:
		On entry : 
		On exit  : 
		Unchanged: 
 Data sizes:     COMRAM   BANK0   BANK1   BANK2   BANK3   BANK4   BANK5   BANK6   BANK7   BANK8   BANK9  BANK10  BANK11  BANK12  BANK13  BANK14  BANK15
      Params:         0       0       0       0       0       0       0       0       0       0       0       0       0       0       0       0       0
      Locals:         0       0       0       0       0       0       0       0       0       0       0       0       0       0       0       0       0
      Temps:          0       0       0       0       0       0       0       0       0       0       0       0       0       0       0       0       0
      Totals:         0       0       0       0       0       0       0       0       0       0       0       0       0       0       0       0       0
Total ram usage:        0 bytes
 Hardware stack levels used:    1
 This function calls:
		Nothing
 This function is called by:
		_Isr
 This function uses a non-reentrant model



MODULE INFORMATION

Module		Function		Class		Link	Load	Size
ultrasonic.c
		_StartHeightMeasure		CODE           	0F84	0000	17
		_ReadHeight    		CODE           	0BE2	0000	95

ultrasonic.c estimated size: 112

gear.c
		_ModeCheck     		CODE           	0E46	0000	45

gear.c estimated size: 45

interrupt.c
		_Isr           		CODE           	0008	0000	195

interrupt.c estimated size: 195

shared
		__initialization		CODE           	0CF6	0000	71

shared estimated size: 71

actors.c
		_ActAileron    		CODE           	0F60	0000	19
		_ActRudder     		CODE           	0F3C	0000	19
		_SignalOut     		CODE           	0B60	0000	131
		_ActElevator   		CODE           	0F4E	0000	19
		_ActThrottle   		CODE           	0F72	0000	19
		_Delay         		CODE           	0E1A	0000	45

actors.c estimated size: 252

init.c
		_InitInterrupt 		CODE           	0FA4	0000	15
		_InitPort      		CODE           	0F26	0000	23
		_InitUart      		CODE           	0FD0	0000	3
		_InitTimer     		CODE           	0C40	0000	93
		_InitComp      		CODE           	0FC6	0000	11
		_InitTris      		CODE           	0F10	0000	23
		_Init          		CODE           	0E9C	0000	43
		_InitSpi       		CODE           	0FB2	0000	11
		_InitActors    		CODE           	0EC6	0000	43
		_InitAnsel     		CODE           	0EF0	0000	33
		_InitOsc       		CODE           	0FBC	0000	11

init.c estimated size: 309

main.c
		_main          		CODE           	0DEA	0000	49

main.c estimated size: 49

pixy.c
		_ReadObject    		CODE           	0428	0000	813

pixy.c estimated size: 813

communication.c
		_ExchangeSpiWord		CODE           	0C9C	0000	91

communication.c estimated size: 91

position.c
		_CompareFrames 		CODE           	0AA0	0000	193
		_CheckRudderAhead		CODE           	0838	0000	229
		_CheckElevator 		CODE           	091C	0000	195
		_CheckRudderBack		CODE           	0754	0000	229
		_BeneathTable  		CODE           	0D4A	0000	81
		_BeneathFloor  		CODE           	0D9A	0000	81
		_CheckThrottle 		CODE           	00CE	0000	859
		_StoreAsOld    		CODE           	0E72	0000	43
		_CheckAileron  		CODE           	09DE	0000	195

position.c estimated size: 2105

