Microchip MPLAB XC8 Compiler V1.35 ()

Linker command line:

--edf=C:\Program Files (x86)\Microchip\xc8\v1.35\dat\en_msgs.txt -cs \
  -h+dist/default/debug\HOVI.X.debug.sym \
  --cmf=dist/default/debug\HOVI.X.debug.cmf -z -Q18F46K22 \
  -oC:\Users\Lucas\AppData\Local\Temp\s6ls.2 \
  -Mdist/default/debug/HOVI.X.debug.map -E1 -ver=XC8 -ASTACK=012Ah-0f37h \
  -pstack=STACK -ACODE=00h-0FFFFh -ACONST=00h-0FFFFh \
  -ASMALLCONST=01000h-010FFhx240 -AMEDIUMCONST=01000h-0FFFFh \
  -ACOMRAM=01h-05Fh -AABS1=00h-0F37h -ABIGRAM=01h-0F37h \
  -ARAM=060h-0FFh,0100h-01FFhx14,0F00h-0F37h -ABANK0=060h-0FFh \
  -ABANK1=0100h-01FFh -ABANK2=0200h-02FFh -ABANK3=0300h-03FFh \
  -ABANK4=0400h-04FFh -ABANK5=0500h-05FFh -ABANK6=0600h-06FFh \
  -ABANK7=0700h-07FFh -ABANK8=0800h-08FFh -ABANK9=0900h-09FFh \
  -ABANK10=0A00h-0AFFh -ABANK11=0B00h-0BFFh -ABANK12=0C00h-0CFFh \
  -ABANK13=0D00h-0DFFh -ABANK14=0E00h-0EFFh -ABANK15=0F00h-0F37h \
  -ASFR=0F38h-0F5Fh,0F60h-0FFFh \
  -preset_vec=00h,intcode=08h,intcodelo,powerup,init,end_init \
  -pramtop=01000h -psmallconst=SMALLCONST -pmediumconst=MEDIUMCONST \
  -pconst=CONST -AFARRAM=00h-00h -ACONFIG=0300000h-030000Dh -pconfig=CONFIG \
  -AIDLOC=0200000h-0200007h -pidloc=IDLOC -AEEDATA=0F00000h-0F003FFh \
  -peeprom_data=EEDATA \
  -prdata=COMRAM,nvrram=COMRAM,nvbit=COMRAM,rbss=COMRAM,rbit=COMRAM \
  -pfarbss=FARRAM,fardata=FARRAM,nvFARRAM=FARRAM \
  -pintsave_regs=BIGRAM,bigbss=BIGRAM,bigdata=BIGRAM -pbss=RAM \
  -pidata=CODE,irdata=CODE,ibigdata=CODE,ifardata=CODE -prparam=COMRAM \
  C:\Users\Lucas\AppData\Local\Temp\s6ls.obj \
  dist/default/debug\HOVI.X.debug.obj 

Object code version is 3.11

Machine type is 18F46K22

Call graph: (short form)




                Name                               Link     Load   Length Selector   Space Scale
C:\Users\Lucas\AppData\Local\Temp\s6ls.obj
                end_init                             9C       9C        4        4       0
                reset_vec                             0        0        4        0       0
                idloc                            200000   200000        8   200000       0
                config                           300000   300000        E   300000       0
dist/default/debug\HOVI.X.debug.obj
                intcode                               8        8       94        4       0
                temp                                 4D       4D        1        1       1
                text28                              8F6      8F6       24        4       0
                text27                              7DE      7DE       38        4       0
                text26                              876      876       2C        4       0
                text25                              4D2      4D2       82        4       0
                text23                              798      798       46        4       0
                text22                              744      744       54        4       0
                text21                              6F0      6F0       54        4       0
                text20                               A0       A0      372        4       0
                text19                              8CC      8CC       2A        4       0
                text18                              91A      91A       20        4       0
                text17                              9E4      9E4        A      4ED       0
                text16                              9C0      9C0        E        4       0
                text15                              9EE      9EE        6      4ED       0
                text14                              99A      99A       16        4       0
                text13                              9DA      9DA        A      4ED       0
                text12                              694      694       5C        4       0
                text11                              984      984       16        4       0
                text10                              9F8      9F8        2      4ED       0
                text9                               93A      93A       1C        4       0
                text8                               848      848       2E        4       0
                text7                               956      956       18        4       0
                text6                               632      632       62        4       0
                text5                               816      816       32        4       0
                text4                               412      412       C0        4       0
                text3                               5C8      5C8       6A        4       0
                text2                               9B0      9B0       10        4       0
                text1                               8A2      8A2       2A        4       0
                text0                               96E      96E       16        4       0
                cstackCOMRAM                         2D       2D       14        1       1
                cstackBANK0                          E0       E0       11       60       1
                bssBANK1                            100      100       2A      100       1
                dataBANK0                            F1       F1        4       60       1
                bssBANK0                             60       60       80       60       1
                dataCOMRAM                           41       41        B        1       1
                bssCOMRAM                             1        1       2C        1       1
                bitbssCOMRAM                        260       4C        7        1       1     8
                cinit                               554      554       74        4       0
                idataBANK0                          9F4      9F4        4      4ED       0
                idataCOMRAM                         9CE      9CE        B        4       0

TOTAL           Name                               Link     Load   Length     Space
        CLASS   STACK          

        CLASS   CODE           
                end_init                             9C       9C        4         0
                intcode                               8        8       94         0
                reset_vec                             0        0        4         0
                text28                              8F6      8F6       24         0
                text27                              7DE      7DE       38         0
                text26                              876      876       2C         0
                text25                              4D2      4D2       82         0
                text23                              798      798       46         0
                text22                              744      744       54         0
                text21                              6F0      6F0       54         0
                text20                               A0       A0      372         0
                text19                              8CC      8CC       2A         0
                text18                              91A      91A       20         0
                text17                              9E4      9E4        A         0
                text16                              9C0      9C0        E         0
                text15                              9EE      9EE        6         0
                text14                              99A      99A       16         0
                text13                              9DA      9DA        A         0
                text12                              694      694       5C         0
                text11                              984      984       16         0
                text10                              9F8      9F8        2         0
                text9                               93A      93A       1C         0
                text8                               848      848       2E         0
                text7                               956      956       18         0
                text6                               632      632       62         0
                text5                               816      816       32         0
                text4                               412      412       C0         0
                text3                               5C8      5C8       6A         0
                text2                               9B0      9B0       10         0
                text1                               8A2      8A2       2A         0
                text0                               96E      96E       16         0
                cinit                               554      554       74         0
                idataBANK0                          9F4      9F4        4         0
                idataCOMRAM                         9CE      9CE        B         0

        CLASS   CONST          

        CLASS   SMALLCONST     

        CLASS   MEDIUMCONST    

        CLASS   COMRAM         
                temp                                 4D       4D        1         1
                cstackCOMRAM                         2D       2D       14         1
                dataCOMRAM                           41       41        B         1
                bssCOMRAM                             1        1       2C         1
                bitbssCOMRAM                        260       4C        7         1

        CLASS   ABS1           

        CLASS   BIGRAM         

        CLASS   RAM            

        CLASS   BANK0          
                cstackBANK0                          E0       E0       11         1
                dataBANK0                            F1       F1        4         1
                bssBANK0                             60       60       80         1

        CLASS   BANK1          
                bssBANK1                            100      100       2A         1

        CLASS   BANK2          

        CLASS   BANK3          

        CLASS   BANK4          

        CLASS   BANK5          

        CLASS   BANK6          

        CLASS   BANK7          

        CLASS   BANK8          

        CLASS   BANK9          

        CLASS   BANK10         

        CLASS   BANK11         

        CLASS   BANK12         

        CLASS   BANK13         

        CLASS   BANK14         

        CLASS   BANK15         

        CLASS   SFR            

        CLASS   FARRAM         

        CLASS   CONFIG         
                config                           300000   300000        E         0

        CLASS   IDLOC          
                idloc                            200000   200000        8         0

        CLASS   EEDATA         



SEGMENTS        Name                           Load    Length   Top    Selector   Space  Class

                reset_vec                      000000  000004  000004         0       0  CODE    
                bssCOMRAM                      000001  00004D  00004E         1       1  COMRAM  
                intcode                        000008  0009D1  0009D9         4       0  CODE    
                bssBANK0                       000060  000095  0000F5        60       1  BANK0   
                bssBANK1                       000100  00002A  00012A       100       1  BANK1   
                text13                         0009DA  000020  0009FA       4ED       0  CODE    
                idloc                          200000  000008  200008    200000       0  IDLOC   
                config                         300000  00000E  30000E    300000       0  CONFIG  


UNUSED ADDRESS RANGES

        Name                Unused          Largest block    Delta
        BANK0            0000F5-0000FF                B
        BANK1            00012A-0001FF               D6
        BANK10           000A00-000AFF              100
        BANK11           000B00-000BFF              100
        BANK12           000C00-000CFF              100
        BANK13           000D00-000DFF              100
        BANK14           000E00-000EFF              100
        BANK15           000F00-000F37               38
        BANK2            000200-0002FF              100
        BANK3            000300-0003FF              100
        BANK4            000400-0004FF              100
        BANK5            000500-0005FF              100
        BANK6            000600-0006FF              100
        BANK7            000700-0007FF              100
        BANK8            000800-0008FF              100
        BANK9            000900-0009FF              100
        BIGRAM           00004E-00005F               12
                         0000F5-0000FF                B
                         00012A-000F37              E0E
        CODE             000004-000007                4
                         0009D9-0009D9                1
                         0009FA-00FFFF             F606
        COMRAM           00004E-00005F               12
        CONST            000004-000007                4
                         0009D9-0009D9                1
                         0009FA-00FFFF             F606
        EEDATA           F00000-F003FF              400
        MEDIUMCONST      001000-00FFFF             F000
        RAM              0000F5-0000FF                B
                         00012A-000F37              100
        SFR              000F38-000FFF               28
        SMALLCONST       001000-00FFFF              100
        STACK            00012A-000F37              E0E

                                  Symbol Table

?_CalcTime                       cstackCOMRAM 00002D
?___lwmod                        cstackBANK0  0000E4
?___wmul                         cstackBANK0  0000E0
ActThrottle@change               cstackCOMRAM 00003F
CalcTime@time_gear_meas          cstackCOMRAM 00002F
CheckThrottle@i                  cstackBANK0  0000E9
CheckThrottle@i_1898             cstackBANK0  0000EB
CheckThrottle@i_1899             cstackBANK0  0000E5
CheckThrottle@tmp                cstackBANK0  0000E7
Delay@del                        cstackCOMRAM 00002D
SendDebugInfo@debug_info         cstackBANK0  0000E9
SendDebugInfo@debug_info_counter cstackBANK0  0000EE
SendDebugInfo@debug_send_counter cstackBANK0  0000ED
SendDebugInfo@send               cstackBANK0  0000EC
UartSend@data                    cstackCOMRAM 00003F
_ANSELA                          (abs)        000F38
_ANSELB                          (abs)        000F39
_ANSELC                          (abs)        000F3A
_ANSELD                          (abs)        000F3B
_ANSELE                          (abs)        000F3C
_ActThrottle                     text23       000798
_BeneathFloor                    text22       000744
_BeneathTable                    text21       0006F0
_CCP1CONbits                     (abs)        000FBD
_CCP1IE                          (abs)        007CEA
_CCP1IF                          (abs)        007CF2
_CCPR1H                          (abs)        000FBF
_CCPR1L                          (abs)        000FBE
_CalcTime                        text28       0008F6
_CheckThrottle                   text20       0000A0
_Delay                           text26       000876
_GIE                             (abs)        007F97
_Init                            text8        000848
_InitActors                      text19       0008CC
_InitAnsel                       text18       00091A
_InitComp                        text17       0009E4
_InitInterrupt                   text16       0009C0
_InitOsc                         text15       0009EE
_InitPort                        text14       00099A
_InitSpi                         text13       0009DA
_InitTimer                       text12       000694
_InitTris                        text11       000984
_InitUart                        text10       0009F8
_InitWlan                        text9        00093A
_Isr                             intcode      000008
_ModeCheck                       text27       0007DE
_OSCCON                          (abs)        000FD3
_PEIE                            (abs)        007F96
_PORTA                           (abs)        000F80
_PORTAbits                       (abs)        000F80
_PORTB                           (abs)        000F81
_PORTBbits                       (abs)        000F81
_PORTC                           (abs)        000F82
_PORTD                           (abs)        000F83
_PORTDbits                       (abs)        000F83
_PORTE                           (abs)        000F84
_RCREG1                          (abs)        000FAE
_RCSTA1bits                      (abs)        000FAB
_ReadHeight                      text3        0005C8
_SSP1BUF                         (abs)        000FC9
_SSP1CON1                        (abs)        000FC6
_SSP1IF                          (abs)        007CF3
_SSP1STAT                        (abs)        000FC7
_SendDebugInfo                   text4        000412
_SignalOut                       text25       0004D2
_StartHeightMeasure              text2        0009B0
_StoreAsOld                      text1        0008A2
_T1CONbits                       (abs)        000FCD
_T3CONbits                       (abs)        000FB1
_T3GCONbits                      (abs)        000FB4
_T5CONbits                       (abs)        000F4E
_T5GCONbits                      (abs)        000F4D
_TMR1H                           (abs)        000FCF
_TMR1L                           (abs)        000FCE
_TMR3GIE                         (abs)        007D19
_TMR3GIF                         (abs)        007D21
_TMR3H                           (abs)        000FB3
_TMR3IF                          (abs)        007D09
_TMR3L                           (abs)        000FB2
_TMR5GIF                         (abs)        007D22
_TMR5H                           (abs)        000F50
_TMR5L                           (abs)        000F4F
_TRISA                           (abs)        000F92
_TRISB                           (abs)        000F93
_TRISC                           (abs)        000F94
_TRISD                           (abs)        000F95
_TRISE                           (abs)        000F96
_TX1IF                           (abs)        007CF4
_TXREG1                          (abs)        000FAD
_UartSend                        text7        000956
__CFG_BOREN$SBORDIS              (abs)        000000
__CFG_BORV$190                   (abs)        000000
__CFG_CCP2MX$PORTC1              (abs)        000000
__CFG_CCP3MX$PORTB5              (abs)        000000
__CFG_CP0$OFF                    (abs)        000000
__CFG_CP1$OFF                    (abs)        000000
__CFG_CP2$OFF                    (abs)        000000
__CFG_CP3$OFF                    (abs)        000000
__CFG_CPB$OFF                    (abs)        000000
__CFG_CPD$OFF                    (abs)        000000
__CFG_DEBUG$OFF                  (abs)        000000
__CFG_EBTR0$OFF                  (abs)        000000
__CFG_EBTR1$OFF                  (abs)        000000
__CFG_EBTR2$OFF                  (abs)        000000
__CFG_EBTR3$OFF                  (abs)        000000
__CFG_EBTRB$OFF                  (abs)        000000
__CFG_FCMEN$OFF                  (abs)        000000
__CFG_FOSC$INTIO67               (abs)        000000
__CFG_HFOFST$ON                  (abs)        000000
__CFG_IESO$OFF                   (abs)        000000
__CFG_LVP$OFF                    (abs)        000000
__CFG_MCLRE$EXTMCLR              (abs)        000000
__CFG_P2BMX$PORTD2               (abs)        000000
__CFG_PBADEN$ON                  (abs)        000000
__CFG_PLLCFG$ON                  (abs)        000000
__CFG_PRICLKEN$OFF               (abs)        000000
__CFG_PWRTEN$OFF                 (abs)        000000
__CFG_STVREN$ON                  (abs)        000000
__CFG_T3CMX$PORTC0               (abs)        000000
__CFG_WDTEN$OFF                  (abs)        000000
__CFG_WDTPS$32768                (abs)        000000
__CFG_WRT0$OFF                   (abs)        000000
__CFG_WRT1$OFF                   (abs)        000000
__CFG_WRT2$OFF                   (abs)        000000
__CFG_WRT3$OFF                   (abs)        000000
__CFG_WRTB$OFF                   (abs)        000000
__CFG_WRTC$OFF                   (abs)        000000
__CFG_WRTD$OFF                   (abs)        000000
__CFG_XINST$OFF                  (abs)        000000
__HRAM                           (abs)        000000
__Habs1                          abs1         000000
__Hbank0                         bank0        000000
__Hbank1                         bank1        000000
__Hbank10                        bank10       000000
__Hbank11                        bank11       000000
__Hbank12                        bank12       000000
__Hbank13                        bank13       000000
__Hbank14                        bank14       000000
__Hbank15                        bank15       000000
__Hbank2                         bank2        000000
__Hbank3                         bank3        000000
__Hbank4                         bank4        000000
__Hbank5                         bank5        000000
__Hbank6                         bank6        000000
__Hbank7                         bank7        000000
__Hbank8                         bank8        000000
__Hbank9                         bank9        000000
__Hbigbss                        bigbss       000000
__Hbigdata                       bigdata      000000
__Hbigram                        bigram       000000
__HbitbssCOMRAM                  bitbssCOMRAM 000000
__Hbss                           bss          000000
__HbssBANK0                      bssBANK0     000000
__HbssBANK1                      bssBANK1     000000
__HbssCOMRAM                     bssCOMRAM    000000
__Hcinit                         cinit        000000
__Hclrtext                       clrtext      000000
__Hcomram                        comram       000000
__Hconfig                        config       30000E
__Hconst                         const        000000
__HcstackBANK0                   cstackBANK0  000000
__HcstackCOMRAM                  cstackCOMRAM 000000
__Hdata                          data         000000
__HdataBANK0                     dataBANK0    000000
__HdataCOMRAM                    dataCOMRAM   000000
__Heeprom_data                   eeprom_data  000000
__Hend_init                      end_init     0000A0
__Hfarbss                        farbss       000000
__Hfardata                       fardata      000000
__Hibigdata                      ibigdata     000000
__Hidata                         idata        000000
__HidataBANK0                    idataBANK0   000000
__HidataCOMRAM                   idataCOMRAM  000000
__Hidloc                         idloc        200008
__Hifardata                      ifardata     000000
__Hinit                          init         00009C
__Hintcode                       intcode      00009C
__Hintcode_body                  intcode_body 000000
__Hintcodelo                     intcodelo    00009C
__Hintentry                      intentry     000000
__Hintret                        intret       000000
__Hintsave_regs                  intsave_regs 000000
__Hirdata                        irdata       000000
__Hmediumconst                   mediumconst  000000
__HnvFARRAM                      nvFARRAM     000000
__Hnvbit                         nvbit        000000
__Hnvrram                        nvrram       000000
__Hparam                         rparam       000000
__Hpowerup                       powerup      00009C
__Hram                           ram          000000
__Hramtop                        ramtop       001000
__Hrbit                          rbit         000000
__Hrbss                          rbss         000000
__Hrdata                         rdata        000000
__Hreset_vec                     reset_vec    000004
__Hrparam                        rparam       000000
__Hsfr                           sfr          000000
__Hsmallconst                    smallconst   000000
__Hspace_0                       (abs)        30000E
__Hspace_1                       (abs)        000267
__Hspace_2                       (abs)        000000
__Hstack                         stack        000000
__Hstruct                        struct       000000
__Htemp                          temp         00004E
__Htext                          text         000000
__Htext0                         text0        000000
__Htext1                         text1        000000
__Htext10                        text10       000000
__Htext11                        text11       000000
__Htext12                        text12       000000
__Htext13                        text13       000000
__Htext14                        text14       000000
__Htext15                        text15       000000
__Htext16                        text16       000000
__Htext17                        text17       000000
__Htext18                        text18       000000
__Htext19                        text19       000000
__Htext2                         text2        000000
__Htext20                        text20       000000
__Htext21                        text21       000000
__Htext22                        text22       000000
__Htext23                        text23       000000
__Htext25                        text25       000000
__Htext26                        text26       000000
__Htext27                        text27       000000
__Htext28                        text28       000000
__Htext3                         text3        000000
__Htext4                         text4        000000
__Htext5                         text5        000000
__Htext6                         text6        000000
__Htext7                         text7        000000
__Htext8                         text8        000000
__Htext9                         text9        000000
__LRAM                           (abs)        000001
__Labs1                          abs1         000000
__Lbank0                         bank0        000000
__Lbank1                         bank1        000000
__Lbank10                        bank10       000000
__Lbank11                        bank11       000000
__Lbank12                        bank12       000000
__Lbank13                        bank13       000000
__Lbank14                        bank14       000000
__Lbank15                        bank15       000000
__Lbank2                         bank2        000000
__Lbank3                         bank3        000000
__Lbank4                         bank4        000000
__Lbank5                         bank5        000000
__Lbank6                         bank6        000000
__Lbank7                         bank7        000000
__Lbank8                         bank8        000000
__Lbank9                         bank9        000000
__Lbigbss                        bigbss       000000
__Lbigdata                       bigdata      000000
__Lbigram                        bigram       000000
__LbitbssCOMRAM                  bitbssCOMRAM 000000
__Lbss                           bss          000000
__LbssBANK0                      bssBANK0     000000
__LbssBANK1                      bssBANK1     000000
__LbssCOMRAM                     bssCOMRAM    000000
__Lcinit                         cinit        000000
__Lclrtext                       clrtext      000000
__Lcomram                        comram       000000
__Lconfig                        config       300000
__Lconst                         const        000000
__LcstackBANK0                   cstackBANK0  000000
__LcstackCOMRAM                  cstackCOMRAM 000000
__Ldata                          data         000000
__LdataBANK0                     dataBANK0    000000
__LdataCOMRAM                    dataCOMRAM   000000
__Leeprom_data                   eeprom_data  000000
__Lend_init                      end_init     00009C
__Lfarbss                        farbss       000000
__Lfardata                       fardata      000000
__Libigdata                      ibigdata     000000
__Lidata                         idata        000000
__LidataBANK0                    idataBANK0   000000
__LidataCOMRAM                   idataCOMRAM  000000
__Lidloc                         idloc        200000
__Lifardata                      ifardata     000000
__Linit                          init         00009C
__Lintcode                       intcode      000008
__Lintcode_body                  intcode_body 000000
__Lintcodelo                     intcodelo    00009C
__Lintentry                      intentry     000000
__Lintret                        intret       000000
__Lintsave_regs                  intsave_regs 000000
__Lirdata                        irdata       000000
__Lmediumconst                   mediumconst  000000
__LnvFARRAM                      nvFARRAM     000000
__Lnvbit                         nvbit        000000
__Lnvrram                        nvrram       000000
__Lparam                         rparam       000000
__Lpowerup                       powerup      00009C
__Lram                           ram          000000
__Lramtop                        ramtop       001000
__Lrbit                          rbit         000000
__Lrbss                          rbss         000000
__Lrdata                         rdata        000000
__Lreset_vec                     reset_vec    000000
__Lrparam                        rparam       000000
__Lsfr                           sfr          000000
__Lsmallconst                    smallconst   000000
__Lspace_0                       (abs)        000000
__Lspace_1                       (abs)        000000
__Lspace_2                       (abs)        000000
__Lstack                         stack        000000
__Lstruct                        struct       000000
__Ltemp                          temp         00004D
__Ltext                          text         000000
__Ltext0                         text0        000000
__Ltext1                         text1        000000
__Ltext10                        text10       000000
__Ltext11                        text11       000000
__Ltext12                        text12       000000
__Ltext13                        text13       000000
__Ltext14                        text14       000000
__Ltext15                        text15       000000
__Ltext16                        text16       000000
__Ltext17                        text17       000000
__Ltext18                        text18       000000
__Ltext19                        text19       000000
__Ltext2                         text2        000000
__Ltext20                        text20       000000
__Ltext21                        text21       000000
__Ltext22                        text22       000000
__Ltext23                        text23       000000
__Ltext25                        text25       000000
__Ltext26                        text26       000000
__Ltext27                        text27       000000
__Ltext28                        text28       000000
__Ltext3                         text3        000000
__Ltext4                         text4        000000
__Ltext5                         text5        000000
__Ltext6                         text6        000000
__Ltext7                         text7        000000
__Ltext8                         text8        000000
__Ltext9                         text9        000000
__S0                             (abs)        30000E
__S1                             (abs)        00012A
__S2                             (abs)        000000
___inthi_sp                      stack        000000
___intlo_sp                      stack        000000
___lwmod                         text6        000632
___lwmod@counter                 cstackBANK0  0000E8
___lwmod@dividend                cstackBANK0  0000E4
___lwmod@divisor                 cstackBANK0  0000E6
___param_bank                    (abs)        000010
___rparam_used                   (abs)        000001
___sp                            stack        000000
___wmul                          text5        000816
___wmul@multiplicand             cstackBANK0  0000E2
___wmul@multiplier               cstackBANK0  0000E0
___wmul@product                  cstackCOMRAM 00003F
__accesstop                      (abs)        000060
__activetblptr                   (abs)        000002
__end_of_ActThrottle             text23       0007DE
__end_of_BeneathFloor            text22       000798
__end_of_BeneathTable            text21       000744
__end_of_CalcTime                text28       00091A
__end_of_CheckThrottle           text20       000412
__end_of_Delay                   text26       0008A2
__end_of_Init                    text8        000876
__end_of_InitActors              text19       0008F6
__end_of_InitAnsel               text18       00093A
__end_of_InitComp                text17       0009EE
__end_of_InitInterrupt           text16       0009CE
__end_of_InitOsc                 text15       0009F4
__end_of_InitPort                text14       0009B0
__end_of_InitSpi                 text13       0009E4
__end_of_InitTimer               text12       0006F0
__end_of_InitTris                text11       00099A
__end_of_InitUart                text10       0009FA
__end_of_InitWlan                text9        000956
__end_of_Isr                     intcode      00009C
__end_of_ModeCheck               text27       000816
__end_of_ReadHeight              text3        000632
__end_of_SendDebugInfo           text4        0004D2
__end_of_SignalOut               text25       000554
__end_of_StartHeightMeasure      text2        0009C0
__end_of_StoreAsOld              text1        0008CC
__end_of_UartSend                text7        00096E
__end_of___lwmod                 text6        000694
__end_of___wmul                  text5        000848
__end_of__initialization         cinit        0005BA
__end_of_main                    text0        000984
__initialization                 cinit        000554
__mediumconst                    mediumconst  000000
__pbitbssCOMRAM                  bitbssCOMRAM 000260
__pbssBANK0                      bssBANK0     000060
__pbssBANK1                      bssBANK1     000100
__pbssCOMRAM                     bssCOMRAM    000001
__pcinit                         cinit        000554
__pcstackBANK0                   cstackBANK0  0000E0
__pcstackCOMRAM                  cstackCOMRAM 00002D
__pdataBANK0                     dataBANK0    0000F1
__pdataCOMRAM                    dataCOMRAM   000041
__pidataBANK0                    idataBANK0   0009F4
__pidataCOMRAM                   idataCOMRAM  0009CE
__pintcode                       intcode      000008
__ptext0                         text0        00096E
__ptext1                         text1        0008A2
__ptext10                        text10       0009F8
__ptext11                        text11       000984
__ptext12                        text12       000694
__ptext13                        text13       0009DA
__ptext14                        text14       00099A
__ptext15                        text15       0009EE
__ptext16                        text16       0009C0
__ptext17                        text17       0009E4
__ptext18                        text18       00091A
__ptext19                        text19       0008CC
__ptext2                         text2        0009B0
__ptext20                        text20       0000A0
__ptext21                        text21       0006F0
__ptext22                        text22       000744
__ptext23                        text23       000798
__ptext25                        text25       0004D2
__ptext26                        text26       000876
__ptext27                        text27       0007DE
__ptext28                        text28       0008F6
__ptext3                         text3        0005C8
__ptext4                         text4        000412
__ptext5                         text5        000816
__ptext6                         text6        000632
__ptext7                         text7        000956
__ptext8                         text8        000848
__ptext9                         text9        00093A
__ramtop                         ramtop       001000
__size_of_ActThrottle            (abs)        000000
__size_of_BeneathFloor           (abs)        000000
__size_of_BeneathTable           (abs)        000000
__size_of_CalcTime               (abs)        000000
__size_of_CheckThrottle          (abs)        000000
__size_of_Delay                  (abs)        000000
__size_of_Init                   (abs)        000000
__size_of_InitActors             (abs)        000000
__size_of_InitAnsel              (abs)        000000
__size_of_InitComp               (abs)        000000
__size_of_InitInterrupt          (abs)        000000
__size_of_InitOsc                (abs)        000000
__size_of_InitPort               (abs)        000000
__size_of_InitSpi                (abs)        000000
__size_of_InitTimer              (abs)        000000
__size_of_InitTris               (abs)        000000
__size_of_InitUart               (abs)        000000
__size_of_InitWlan               (abs)        000000
__size_of_Isr                    (abs)        000000
__size_of_ModeCheck              (abs)        000000
__size_of_ReadHeight             (abs)        000000
__size_of_SendDebugInfo          (abs)        000000
__size_of_SignalOut              (abs)        000000
__size_of_StartHeightMeasure     (abs)        000000
__size_of_StoreAsOld             (abs)        000000
__size_of_UartSend               (abs)        000000
__size_of___lwmod                (abs)        000000
__size_of___wmul                 (abs)        000000
__size_of_main                   (abs)        000000
__smallconst                     smallconst   000000
_a_actors                        bssBANK0     0000D0
_a_color                         bssBANK0     000060
_a_frame                         bssCOMRAM    000001
_a_frame_dif                     bssCOMRAM    000015
_a_path                          bssBANK0     0000A6
_a_path_old                      bssBANK1     000100
_c_path                          dataCOMRAM   000041
_changerate                      bssBANK0     0000DD
_cm100                           dataBANK0    0000F1
_cm120                           dataBANK0    0000F3
_cm180                           dataCOMRAM   000043
_cm220                           dataCOMRAM   000045
_cm50                            dataCOMRAM   000047
_cm80                            dataCOMRAM   000049
_direction                       bitbssCOMRAM 000260
_frame                           bitbssCOMRAM 000261
_highpassallowed                 bitbssCOMRAM 000262
_id_current_cc                   bssCOMRAM    000022
_lw                              bssCOMRAM    000024
_main                            text0        00096E
_obj_type                        bitbssCOMRAM 000263
_outgoing                        bssCOMRAM    00001F
_pin_out                         dataCOMRAM   00004B
_pulsecounter                    bssCOMRAM    00002C
_send_info                       bssBANK0     0000D8
_set_ret                         bitbssCOMRAM 000264
_storedif                        bitbssCOMRAM 000265
_table                           bitbssCOMRAM 000266
_time_gear                       bssCOMRAM    000026
_time_height                     bssCOMRAM    000028
_w                               bssCOMRAM    00002A
btemp                            temp         00004D
end_of_initialization            cinit        0005BA
int$flags                        temp         00004D
intlevel0                        text         000000
intlevel1                        text         000000
intlevel2                        text         000000
intlevel3                        text         000000
stackhi                          (abs)        000F37
stacklo                          (abs)        00012A
start                            init         00009C
start_initialization             cinit        000554


FUNCTION INFORMATION:

 *************** function _main *****************
 Defined at:
		line 84 in file "main.c"
 Parameters:    Size  Location     Type
		None
 Auto vars:     Size  Location     Type
		None
 Return value:  Size  Location     Type
		None               void
 Registers used:
		wreg, fsr1l, fsr1h, fsr2l, fsr2h, status,2, status,0, prodl, prodh, cstack
 Tracked objects:
		On entry : 
		On exit  : 
		Unchanged: 
 Data sizes:     COMRAM   BANK0   BANK1   BANK2   BANK3   BANK4   BANK5   BANK6   BANK7   BANK8   BANK9  BANK10  BANK11  BANK12  BANK13  BANK14  BANK15
      Params:         0       0       0       0       0       0       0       0       0       0       0       0       0       0       0       0       0
      Locals:         0       0       0       0       0       0       0       0       0       0       0       0       0       0       0       0       0
      Temps:          0       0       0       0       0       0       0       0       0       0       0       0       0       0       0       0       0
      Totals:         0       0       0       0       0       0       0       0       0       0       0       0       0       0       0       0       0
Total ram usage:        0 bytes
 Hardware stack levels required when called:    6
 This function calls:
		_CheckThrottle
		_Init
		_ReadHeight
		_StartHeightMeasure
		_StoreAsOld
 This function is called by:
		Startup code after reset
 This function uses a non-reentrant model


 *************** function _StoreAsOld *****************
 Defined at:
		line 447 in file "position.c"
 Parameters:    Size  Location     Type
		None
 Auto vars:     Size  Location     Type
		None
 Return value:  Size  Location     Type
		None               void
 Registers used:
		None
 Tracked objects:
		On entry : 
		On exit  : 
		Unchanged: 
 Data sizes:     COMRAM   BANK0   BANK1   BANK2   BANK3   BANK4   BANK5   BANK6   BANK7   BANK8   BANK9  BANK10  BANK11  BANK12  BANK13  BANK14  BANK15
      Params:         0       0       0       0       0       0       0       0       0       0       0       0       0       0       0       0       0
      Locals:         0       0       0       0       0       0       0       0       0       0       0       0       0       0       0       0       0
      Temps:          0       0       0       0       0       0       0       0       0       0       0       0       0       0       0       0       0
      Totals:         0       0       0       0       0       0       0       0       0       0       0       0       0       0       0       0       0
Total ram usage:        0 bytes
 Hardware stack levels used:    1
 Hardware stack levels required when called:    3
 This function calls:
		Nothing
 This function is called by:
		_main
 This function uses a non-reentrant model


 *************** function _StartHeightMeasure *****************
 Defined at:
		line 21 in file "ultrasonic.c"
 Parameters:    Size  Location     Type
		None
 Auto vars:     Size  Location     Type
		None
 Return value:  Size  Location     Type
		None               void
 Registers used:
		wreg, status,2
 Tracked objects:
		On entry : 
		On exit  : 
		Unchanged: 
 Data sizes:     COMRAM   BANK0   BANK1   BANK2   BANK3   BANK4   BANK5   BANK6   BANK7   BANK8   BANK9  BANK10  BANK11  BANK12  BANK13  BANK14  BANK15
      Params:         0       0       0       0       0       0       0       0       0       0       0       0       0       0       0       0       0
      Locals:         0       0       0       0       0       0       0       0       0       0       0       0       0       0       0       0       0
      Temps:          0       0       0       0       0       0       0       0       0       0       0       0       0       0       0       0       0
      Totals:         0       0       0       0       0       0       0       0       0       0       0       0       0       0       0       0       0
Total ram usage:        0 bytes
 Hardware stack levels used:    1
 Hardware stack levels required when called:    3
 This function calls:
		Nothing
 This function is called by:
		_main
 This function uses a non-reentrant model


 *************** function _ReadHeight *****************
 Defined at:
		line 27 in file "ultrasonic.c"
 Parameters:    Size  Location     Type
		None
 Auto vars:     Size  Location     Type
		None
 Return value:  Size  Location     Type
		None               void
 Registers used:
		wreg, fsr2l, fsr2h, status,2, status,0, prodl, prodh, cstack
 Tracked objects:
		On entry : 
		On exit  : 
		Unchanged: 
 Data sizes:     COMRAM   BANK0   BANK1   BANK2   BANK3   BANK4   BANK5   BANK6   BANK7   BANK8   BANK9  BANK10  BANK11  BANK12  BANK13  BANK14  BANK15
      Params:         0       0       0       0       0       0       0       0       0       0       0       0       0       0       0       0       0
      Locals:         0       0       0       0       0       0       0       0       0       0       0       0       0       0       0       0       0
      Temps:          0       2       0       0       0       0       0       0       0       0       0       0       0       0       0       0       0
      Totals:         0       2       0       0       0       0       0       0       0       0       0       0       0       0       0       0       0
Total ram usage:        2 bytes
 Hardware stack levels used:    1
 Hardware stack levels required when called:    5
 This function calls:
		_SendDebugInfo
 This function is called by:
		_main
 This function uses a non-reentrant model


 *************** function _SendDebugInfo *****************
 Defined at:
		line 13 in file "debug.c"
 Parameters:    Size  Location     Type
  debug_info      2    9[BANK0 ] unsigned int 
 Auto vars:     Size  Location     Type
  send            1   12[BANK0 ] unsigned char 
  debug_send_c    1   13[BANK0 ] char 
  debug_info_c    1   14[BANK0 ] unsigned char 
 Return value:  Size  Location     Type
		None               void
 Registers used:
		wreg, fsr2l, fsr2h, status,2, status,0, prodl, prodh, cstack
 Tracked objects:
		On entry : 
		On exit  : 
		Unchanged: 
 Data sizes:     COMRAM   BANK0   BANK1   BANK2   BANK3   BANK4   BANK5   BANK6   BANK7   BANK8   BANK9  BANK10  BANK11  BANK12  BANK13  BANK14  BANK15
      Params:         0       2       0       0       0       0       0       0       0       0       0       0       0       0       0       0       0
      Locals:         0       3       0       0       0       0       0       0       0       0       0       0       0       0       0       0       0
      Temps:          0       1       0       0       0       0       0       0       0       0       0       0       0       0       0       0       0
      Totals:         0       6       0       0       0       0       0       0       0       0       0       0       0       0       0       0       0
Total ram usage:        6 bytes
 Hardware stack levels used:    1
 Hardware stack levels required when called:    4
 This function calls:
		_UartSend
		___lwmod
		___wmul
 This function is called by:
		_ReadHeight
 This function uses a non-reentrant model


 *************** function ___wmul *****************
 Defined at:
		line 15 in file "C:\Program Files (x86)\Microchip\xc8\v1.35\sources\common\Umul16.c"
 Parameters:    Size  Location     Type
  multiplier      2    0[BANK0 ] unsigned int 
  multiplicand    2    2[BANK0 ] unsigned int 
 Auto vars:     Size  Location     Type
  product         2   18[COMRAM] unsigned int 
 Return value:  Size  Location     Type
                  2    0[BANK0 ] unsigned int 
 Registers used:
		wreg, status,2, status,0, prodl, prodh
 Tracked objects:
		On entry : 
		On exit  : 
		Unchanged: 
 Data sizes:     COMRAM   BANK0   BANK1   BANK2   BANK3   BANK4   BANK5   BANK6   BANK7   BANK8   BANK9  BANK10  BANK11  BANK12  BANK13  BANK14  BANK15
      Params:         0       4       0       0       0       0       0       0       0       0       0       0       0       0       0       0       0
      Locals:         2       0       0       0       0       0       0       0       0       0       0       0       0       0       0       0       0
      Temps:          0       0       0       0       0       0       0       0       0       0       0       0       0       0       0       0       0
      Totals:         2       4       0       0       0       0       0       0       0       0       0       0       0       0       0       0       0
Total ram usage:        6 bytes
 Hardware stack levels used:    1
 Hardware stack levels required when called:    3
 This function calls:
		Nothing
 This function is called by:
		_SendDebugInfo
 This function uses a non-reentrant model


 *************** function ___lwmod *****************
 Defined at:
		line 8 in file "C:\Program Files (x86)\Microchip\xc8\v1.35\sources\common\lwmod.c"
 Parameters:    Size  Location     Type
  dividend        2    4[BANK0 ] unsigned int 
  divisor         2    6[BANK0 ] unsigned int 
 Auto vars:     Size  Location     Type
  counter         1    8[BANK0 ] unsigned char 
 Return value:  Size  Location     Type
                  2    4[BANK0 ] unsigned int 
 Registers used:
		wreg, status,2, status,0
 Tracked objects:
		On entry : 
		On exit  : 
		Unchanged: 
 Data sizes:     COMRAM   BANK0   BANK1   BANK2   BANK3   BANK4   BANK5   BANK6   BANK7   BANK8   BANK9  BANK10  BANK11  BANK12  BANK13  BANK14  BANK15
      Params:         0       4       0       0       0       0       0       0       0       0       0       0       0       0       0       0       0
      Locals:         0       1       0       0       0       0       0       0       0       0       0       0       0       0       0       0       0
      Temps:          0       0       0       0       0       0       0       0       0       0       0       0       0       0       0       0       0
      Totals:         0       5       0       0       0       0       0       0       0       0       0       0       0       0       0       0       0
Total ram usage:        5 bytes
 Hardware stack levels used:    1
 Hardware stack levels required when called:    3
 This function calls:
		Nothing
 This function is called by:
		_SendDebugInfo
 This function uses a non-reentrant model


 *************** function _UartSend *****************
 Defined at:
		line 48 in file "communication.c"
 Parameters:    Size  Location     Type
  data            1    wreg     unsigned char 
 Auto vars:     Size  Location     Type
  data            1   18[COMRAM] unsigned char 
 Return value:  Size  Location     Type
		None               void
 Registers used:
		wreg, status,2, cstack
 Tracked objects:
		On entry : 
		On exit  : 
		Unchanged: 
 Data sizes:     COMRAM   BANK0   BANK1   BANK2   BANK3   BANK4   BANK5   BANK6   BANK7   BANK8   BANK9  BANK10  BANK11  BANK12  BANK13  BANK14  BANK15
      Params:         0       0       0       0       0       0       0       0       0       0       0       0       0       0       0       0       0
      Locals:         1       0       0       0       0       0       0       0       0       0       0       0       0       0       0       0       0
      Temps:          0       0       0       0       0       0       0       0       0       0       0       0       0       0       0       0       0
      Totals:         1       0       0       0       0       0       0       0       0       0       0       0       0       0       0       0       0
Total ram usage:        1 bytes
 Hardware stack levels used:    1
 Hardware stack levels required when called:    3
 This function calls:
		Nothing
 This function is called by:
		_SendDebugInfo
 This function uses a non-reentrant model


 *************** function _Init *****************
 Defined at:
		line 30 in file "init.c"
 Parameters:    Size  Location     Type
		None
 Auto vars:     Size  Location     Type
		None
 Return value:  Size  Location     Type
		None               void
 Registers used:
		wreg, status,2, cstack
 Tracked objects:
		On entry : 
		On exit  : 
		Unchanged: 
 Data sizes:     COMRAM   BANK0   BANK1   BANK2   BANK3   BANK4   BANK5   BANK6   BANK7   BANK8   BANK9  BANK10  BANK11  BANK12  BANK13  BANK14  BANK15
      Params:         0       0       0       0       0       0       0       0       0       0       0       0       0       0       0       0       0
      Locals:         0       0       0       0       0       0       0       0       0       0       0       0       0       0       0       0       0
      Temps:          0       0       0       0       0       0       0       0       0       0       0       0       0       0       0       0       0
      Totals:         0       0       0       0       0       0       0       0       0       0       0       0       0       0       0       0       0
Total ram usage:        0 bytes
 Hardware stack levels used:    1
 Hardware stack levels required when called:    4
 This function calls:
		_InitActors
		_InitAnsel
		_InitComp
		_InitInterrupt
		_InitOsc
		_InitPort
		_InitSpi
		_InitTimer
		_InitTris
		_InitUart
		_InitWlan
 This function is called by:
		_main
 This function uses a non-reentrant model


 *************** function _InitWlan *****************
 Defined at:
		line 202 in file "init.c"
 Parameters:    Size  Location     Type
		None
 Auto vars:     Size  Location     Type
		None
 Return value:  Size  Location     Type
		None               void
 Registers used:
		wreg
 Tracked objects:
		On entry : 
		On exit  : 
		Unchanged: 
 Data sizes:     COMRAM   BANK0   BANK1   BANK2   BANK3   BANK4   BANK5   BANK6   BANK7   BANK8   BANK9  BANK10  BANK11  BANK12  BANK13  BANK14  BANK15
      Params:         0       0       0       0       0       0       0       0       0       0       0       0       0       0       0       0       0
      Locals:         0       0       0       0       0       0       0       0       0       0       0       0       0       0       0       0       0
      Temps:          1       0       0       0       0       0       0       0       0       0       0       0       0       0       0       0       0
      Totals:         1       0       0       0       0       0       0       0       0       0       0       0       0       0       0       0       0
Total ram usage:        1 bytes
 Hardware stack levels used:    1
 Hardware stack levels required when called:    3
 This function calls:
		Nothing
 This function is called by:
		_Init
 This function uses a non-reentrant model


 *************** function _InitUart *****************
 Defined at:
		line 85 in file "init.c"
 Parameters:    Size  Location     Type
		None
 Auto vars:     Size  Location     Type
		None
 Return value:  Size  Location     Type
		None               void
 Registers used:
		None
 Tracked objects:
		On entry : 
		On exit  : 
		Unchanged: 
 Data sizes:     COMRAM   BANK0   BANK1   BANK2   BANK3   BANK4   BANK5   BANK6   BANK7   BANK8   BANK9  BANK10  BANK11  BANK12  BANK13  BANK14  BANK15
      Params:         0       0       0       0       0       0       0       0       0       0       0       0       0       0       0       0       0
      Locals:         0       0       0       0       0       0       0       0       0       0       0       0       0       0       0       0       0
      Temps:          0       0       0       0       0       0       0       0       0       0       0       0       0       0       0       0       0
      Totals:         0       0       0       0       0       0       0       0       0       0       0       0       0       0       0       0       0
Total ram usage:        0 bytes
 Hardware stack levels used:    1
 Hardware stack levels required when called:    3
 This function calls:
		Nothing
 This function is called by:
		_Init
 This function uses a non-reentrant model


 *************** function _InitTris *****************
 Defined at:
		line 58 in file "init.c"
 Parameters:    Size  Location     Type
		None
 Auto vars:     Size  Location     Type
		None
 Return value:  Size  Location     Type
		None               void
 Registers used:
		wreg, status,2
 Tracked objects:
		On entry : 
		On exit  : 
		Unchanged: 
 Data sizes:     COMRAM   BANK0   BANK1   BANK2   BANK3   BANK4   BANK5   BANK6   BANK7   BANK8   BANK9  BANK10  BANK11  BANK12  BANK13  BANK14  BANK15
      Params:         0       0       0       0       0       0       0       0       0       0       0       0       0       0       0       0       0
      Locals:         0       0       0       0       0       0       0       0       0       0       0       0       0       0       0       0       0
      Temps:          0       0       0       0       0       0       0       0       0       0       0       0       0       0       0       0       0
      Totals:         0       0       0       0       0       0       0       0       0       0       0       0       0       0       0       0       0
Total ram usage:        0 bytes
 Hardware stack levels used:    1
 Hardware stack levels required when called:    3
 This function calls:
		Nothing
 This function is called by:
		_Init
 This function uses a non-reentrant model


 *************** function _InitTimer *****************
 Defined at:
		line 124 in file "init.c"
 Parameters:    Size  Location     Type
		None
 Auto vars:     Size  Location     Type
		None
 Return value:  Size  Location     Type
		None               void
 Registers used:
		wreg, status,2
 Tracked objects:
		On entry : 
		On exit  : 
		Unchanged: 
 Data sizes:     COMRAM   BANK0   BANK1   BANK2   BANK3   BANK4   BANK5   BANK6   BANK7   BANK8   BANK9  BANK10  BANK11  BANK12  BANK13  BANK14  BANK15
      Params:         0       0       0       0       0       0       0       0       0       0       0       0       0       0       0       0       0
      Locals:         0       0       0       0       0       0       0       0       0       0       0       0       0       0       0       0       0
      Temps:          0       0       0       0       0       0       0       0       0       0       0       0       0       0       0       0       0
      Totals:         0       0       0       0       0       0       0       0       0       0       0       0       0       0       0       0       0
Total ram usage:        0 bytes
 Hardware stack levels used:    1
 Hardware stack levels required when called:    3
 This function calls:
		Nothing
 This function is called by:
		_Init
 This function uses a non-reentrant model


 *************** function _InitSpi *****************
 Defined at:
		line 98 in file "init.c"
 Parameters:    Size  Location     Type
		None
 Auto vars:     Size  Location     Type
		None
 Return value:  Size  Location     Type
		None               void
 Registers used:
		wreg, status,2
 Tracked objects:
		On entry : 
		On exit  : 
		Unchanged: 
 Data sizes:     COMRAM   BANK0   BANK1   BANK2   BANK3   BANK4   BANK5   BANK6   BANK7   BANK8   BANK9  BANK10  BANK11  BANK12  BANK13  BANK14  BANK15
      Params:         0       0       0       0       0       0       0       0       0       0       0       0       0       0       0       0       0
      Locals:         0       0       0       0       0       0       0       0       0       0       0       0       0       0       0       0       0
      Temps:          0       0       0       0       0       0       0       0       0       0       0       0       0       0       0       0       0
      Totals:         0       0       0       0       0       0       0       0       0       0       0       0       0       0       0       0       0
Total ram usage:        0 bytes
 Hardware stack levels used:    1
 Hardware stack levels required when called:    3
 This function calls:
		Nothing
 This function is called by:
		_Init
 This function uses a non-reentrant model


 *************** function _InitPort *****************
 Defined at:
		line 48 in file "init.c"
 Parameters:    Size  Location     Type
		None
 Auto vars:     Size  Location     Type
		None
 Return value:  Size  Location     Type
		None               void
 Registers used:
		wreg, status,2
 Tracked objects:
		On entry : 
		On exit  : 
		Unchanged: 
 Data sizes:     COMRAM   BANK0   BANK1   BANK2   BANK3   BANK4   BANK5   BANK6   BANK7   BANK8   BANK9  BANK10  BANK11  BANK12  BANK13  BANK14  BANK15
      Params:         0       0       0       0       0       0       0       0       0       0       0       0       0       0       0       0       0
      Locals:         0       0       0       0       0       0       0       0       0       0       0       0       0       0       0       0       0
      Temps:          0       0       0       0       0       0       0       0       0       0       0       0       0       0       0       0       0
      Totals:         0       0       0       0       0       0       0       0       0       0       0       0       0       0       0       0       0
Total ram usage:        0 bytes
 Hardware stack levels used:    1
 Hardware stack levels required when called:    3
 This function calls:
		Nothing
 This function is called by:
		_Init
 This function uses a non-reentrant model


 *************** function _InitOsc *****************
 Defined at:
		line 78 in file "init.c"
 Parameters:    Size  Location     Type
		None
 Auto vars:     Size  Location     Type
		None
 Return value:  Size  Location     Type
		None               void
 Registers used:
		wreg, status,2
 Tracked objects:
		On entry : 
		On exit  : 
		Unchanged: 
 Data sizes:     COMRAM   BANK0   BANK1   BANK2   BANK3   BANK4   BANK5   BANK6   BANK7   BANK8   BANK9  BANK10  BANK11  BANK12  BANK13  BANK14  BANK15
      Params:         0       0       0       0       0       0       0       0       0       0       0       0       0       0       0       0       0
      Locals:         0       0       0       0       0       0       0       0       0       0       0       0       0       0       0       0       0
      Temps:          0       0       0       0       0       0       0       0       0       0       0       0       0       0       0       0       0
      Totals:         0       0       0       0       0       0       0       0       0       0       0       0       0       0       0       0       0
Total ram usage:        0 bytes
 Hardware stack levels used:    1
 Hardware stack levels required when called:    3
 This function calls:
		Nothing
 This function is called by:
		_Init
 This function uses a non-reentrant model


 *************** function _InitInterrupt *****************
 Defined at:
		line 177 in file "init.c"
 Parameters:    Size  Location     Type
		None
 Auto vars:     Size  Location     Type
		None
 Return value:  Size  Location     Type
		None               void
 Registers used:
		None
 Tracked objects:
		On entry : 
		On exit  : 
		Unchanged: 
 Data sizes:     COMRAM   BANK0   BANK1   BANK2   BANK3   BANK4   BANK5   BANK6   BANK7   BANK8   BANK9  BANK10  BANK11  BANK12  BANK13  BANK14  BANK15
      Params:         0       0       0       0       0       0       0       0       0       0       0       0       0       0       0       0       0
      Locals:         0       0       0       0       0       0       0       0       0       0       0       0       0       0       0       0       0
      Temps:          0       0       0       0       0       0       0       0       0       0       0       0       0       0       0       0       0
      Totals:         0       0       0       0       0       0       0       0       0       0       0       0       0       0       0       0       0
Total ram usage:        0 bytes
 Hardware stack levels used:    1
 Hardware stack levels required when called:    3
 This function calls:
		Nothing
 This function is called by:
		_Init
 This function uses a non-reentrant model


 *************** function _InitComp *****************
 Defined at:
		line 167 in file "init.c"
 Parameters:    Size  Location     Type
		None
 Auto vars:     Size  Location     Type
		None
 Return value:  Size  Location     Type
		None               void
 Registers used:
		wreg, status,2
 Tracked objects:
		On entry : 
		On exit  : 
		Unchanged: 
 Data sizes:     COMRAM   BANK0   BANK1   BANK2   BANK3   BANK4   BANK5   BANK6   BANK7   BANK8   BANK9  BANK10  BANK11  BANK12  BANK13  BANK14  BANK15
      Params:         0       0       0       0       0       0       0       0       0       0       0       0       0       0       0       0       0
      Locals:         0       0       0       0       0       0       0       0       0       0       0       0       0       0       0       0       0
      Temps:          0       0       0       0       0       0       0       0       0       0       0       0       0       0       0       0       0
      Totals:         0       0       0       0       0       0       0       0       0       0       0       0       0       0       0       0       0
Total ram usage:        0 bytes
 Hardware stack levels used:    1
 Hardware stack levels required when called:    3
 This function calls:
		Nothing
 This function is called by:
		_Init
 This function uses a non-reentrant model


 *************** function _InitAnsel *****************
 Defined at:
		line 68 in file "init.c"
 Parameters:    Size  Location     Type
		None
 Auto vars:     Size  Location     Type
		None
 Return value:  Size  Location     Type
		None               void
 Registers used:
		wreg, status,2
 Tracked objects:
		On entry : 
		On exit  : 
		Unchanged: 
 Data sizes:     COMRAM   BANK0   BANK1   BANK2   BANK3   BANK4   BANK5   BANK6   BANK7   BANK8   BANK9  BANK10  BANK11  BANK12  BANK13  BANK14  BANK15
      Params:         0       0       0       0       0       0       0       0       0       0       0       0       0       0       0       0       0
      Locals:         0       0       0       0       0       0       0       0       0       0       0       0       0       0       0       0       0
      Temps:          0       0       0       0       0       0       0       0       0       0       0       0       0       0       0       0       0
      Totals:         0       0       0       0       0       0       0       0       0       0       0       0       0       0       0       0       0
Total ram usage:        0 bytes
 Hardware stack levels used:    1
 Hardware stack levels required when called:    3
 This function calls:
		Nothing
 This function is called by:
		_Init
 This function uses a non-reentrant model


 *************** function _InitActors *****************
 Defined at:
		line 193 in file "init.c"
 Parameters:    Size  Location     Type
		None
 Auto vars:     Size  Location     Type
		None
 Return value:  Size  Location     Type
		None               void
 Registers used:
		wreg, status,2
 Tracked objects:
		On entry : 
		On exit  : 
		Unchanged: 
 Data sizes:     COMRAM   BANK0   BANK1   BANK2   BANK3   BANK4   BANK5   BANK6   BANK7   BANK8   BANK9  BANK10  BANK11  BANK12  BANK13  BANK14  BANK15
      Params:         0       0       0       0       0       0       0       0       0       0       0       0       0       0       0       0       0
      Locals:         0       0       0       0       0       0       0       0       0       0       0       0       0       0       0       0       0
      Temps:          0       0       0       0       0       0       0       0       0       0       0       0       0       0       0       0       0
      Totals:         0       0       0       0       0       0       0       0       0       0       0       0       0       0       0       0       0
Total ram usage:        0 bytes
 Hardware stack levels used:    1
 Hardware stack levels required when called:    3
 This function calls:
		Nothing
 This function is called by:
		_Init
 This function uses a non-reentrant model


 *************** function _CheckThrottle *****************
 Defined at:
		line 237 in file "position.c"
 Parameters:    Size  Location     Type
		None
 Auto vars:     Size  Location     Type
  i               2    5[BANK0 ] int 
  i               2   11[BANK0 ] int 
  i               2    9[BANK0 ] int 
  tmp             2    7[BANK0 ] int 
 Return value:  Size  Location     Type
		None               void
 Registers used:
		wreg, fsr1l, fsr1h, fsr2l, fsr2h, status,2, status,0, cstack
 Tracked objects:
		On entry : 
		On exit  : 
		Unchanged: 
 Data sizes:     COMRAM   BANK0   BANK1   BANK2   BANK3   BANK4   BANK5   BANK6   BANK7   BANK8   BANK9  BANK10  BANK11  BANK12  BANK13  BANK14  BANK15
      Params:         0       0       0       0       0       0       0       0       0       0       0       0       0       0       0       0       0
      Locals:         0       8       0       0       0       0       0       0       0       0       0       0       0       0       0       0       0
      Temps:          0       5       0       0       0       0       0       0       0       0       0       0       0       0       0       0       0
      Totals:         0      13       0       0       0       0       0       0       0       0       0       0       0       0       0       0       0
Total ram usage:       13 bytes
 Hardware stack levels used:    1
 Hardware stack levels required when called:    5
 This function calls:
		_ActThrottle
		_BeneathFloor
		_BeneathTable
 This function is called by:
		_main
 This function uses a non-reentrant model


 *************** function _BeneathTable *****************
 Defined at:
		line 196 in file "position.c"
 Parameters:    Size  Location     Type
		None
 Auto vars:     Size  Location     Type
		None
 Return value:  Size  Location     Type
		None               void
 Registers used:
		wreg, status,2, status,0, cstack
 Tracked objects:
		On entry : 
		On exit  : 
		Unchanged: 
 Data sizes:     COMRAM   BANK0   BANK1   BANK2   BANK3   BANK4   BANK5   BANK6   BANK7   BANK8   BANK9  BANK10  BANK11  BANK12  BANK13  BANK14  BANK15
      Params:         0       0       0       0       0       0       0       0       0       0       0       0       0       0       0       0       0
      Locals:         0       0       0       0       0       0       0       0       0       0       0       0       0       0       0       0       0
      Temps:          0       0       0       0       0       0       0       0       0       0       0       0       0       0       0       0       0
      Totals:         0       0       0       0       0       0       0       0       0       0       0       0       0       0       0       0       0
Total ram usage:        0 bytes
 Hardware stack levels used:    1
 Hardware stack levels required when called:    4
 This function calls:
		_ActThrottle
 This function is called by:
		_CheckThrottle
 This function uses a non-reentrant model


 *************** function _BeneathFloor *****************
 Defined at:
		line 216 in file "position.c"
 Parameters:    Size  Location     Type
		None
 Auto vars:     Size  Location     Type
		None
 Return value:  Size  Location     Type
		None               void
 Registers used:
		wreg, status,2, status,0, cstack
 Tracked objects:
		On entry : 
		On exit  : 
		Unchanged: 
 Data sizes:     COMRAM   BANK0   BANK1   BANK2   BANK3   BANK4   BANK5   BANK6   BANK7   BANK8   BANK9  BANK10  BANK11  BANK12  BANK13  BANK14  BANK15
      Params:         0       0       0       0       0       0       0       0       0       0       0       0       0       0       0       0       0
      Locals:         0       0       0       0       0       0       0       0       0       0       0       0       0       0       0       0       0
      Temps:          0       0       0       0       0       0       0       0       0       0       0       0       0       0       0       0       0
      Totals:         0       0       0       0       0       0       0       0       0       0       0       0       0       0       0       0       0
Total ram usage:        0 bytes
 Hardware stack levels used:    1
 Hardware stack levels required when called:    4
 This function calls:
		_ActThrottle
 This function is called by:
		_CheckThrottle
 This function uses a non-reentrant model


 *************** function _ActThrottle *****************
 Defined at:
		line 88 in file "actors.c"
 Parameters:    Size  Location     Type
  change          1    wreg     char 
 Auto vars:     Size  Location     Type
  change          1   18[COMRAM] char 
 Return value:  Size  Location     Type
		None               void
 Registers used:
		wreg, status,2, status,0
 Tracked objects:
		On entry : 
		On exit  : 
		Unchanged: 
 Data sizes:     COMRAM   BANK0   BANK1   BANK2   BANK3   BANK4   BANK5   BANK6   BANK7   BANK8   BANK9  BANK10  BANK11  BANK12  BANK13  BANK14  BANK15
      Params:         0       0       0       0       0       0       0       0       0       0       0       0       0       0       0       0       0
      Locals:         1       0       0       0       0       0       0       0       0       0       0       0       0       0       0       0       0
      Temps:          0       0       0       0       0       0       0       0       0       0       0       0       0       0       0       0       0
      Totals:         1       0       0       0       0       0       0       0       0       0       0       0       0       0       0       0       0
Total ram usage:        1 bytes
 Hardware stack levels used:    1
 Hardware stack levels required when called:    3
 This function calls:
		Nothing
 This function is called by:
		_BeneathTable
		_BeneathFloor
		_CheckThrottle
 This function uses a non-reentrant model


 *************** function _Isr *****************
 Defined at:
		line 30 in file "interrupt.c"
 Parameters:    Size  Location     Type
		None
 Auto vars:     Size  Location     Type
		None
 Return value:  Size  Location     Type
		None               void
 Registers used:
		wreg, status,2, status,0, cstack
 Tracked objects:
		On entry : 
		On exit  : 
		Unchanged: 
 Data sizes:     COMRAM   BANK0   BANK1   BANK2   BANK3   BANK4   BANK5   BANK6   BANK7   BANK8   BANK9  BANK10  BANK11  BANK12  BANK13  BANK14  BANK15
      Params:         0       0       0       0       0       0       0       0       0       0       0       0       0       0       0       0       0
      Locals:         0       0       0       0       0       0       0       0       0       0       0       0       0       0       0       0       0
      Temps:         14       0       0       0       0       0       0       0       0       0       0       0       0       0       0       0       0
      Totals:        14       0       0       0       0       0       0       0       0       0       0       0       0       0       0       0       0
Total ram usage:       14 bytes
 Hardware stack levels used:    1
 Hardware stack levels required when called:    2
 This function calls:
		_ModeCheck
		_SignalOut
 This function is called by:
		Interrupt level 2
 This function uses a non-reentrant model


 *************** function _SignalOut *****************
 Defined at:
		line 32 in file "actors.c"
 Parameters:    Size  Location     Type
		None
 Auto vars:     Size  Location     Type
		None
 Return value:  Size  Location     Type
		None               void
 Registers used:
		wreg, status,2, status,0, cstack
 Tracked objects:
		On entry : 
		On exit  : 
		Unchanged: 
 Data sizes:     COMRAM   BANK0   BANK1   BANK2   BANK3   BANK4   BANK5   BANK6   BANK7   BANK8   BANK9  BANK10  BANK11  BANK12  BANK13  BANK14  BANK15
      Params:         0       0       0       0       0       0       0       0       0       0       0       0       0       0       0       0       0
      Locals:         0       0       0       0       0       0       0       0       0       0       0       0       0       0       0       0       0
      Temps:          0       0       0       0       0       0       0       0       0       0       0       0       0       0       0       0       0
      Totals:         0       0       0       0       0       0       0       0       0       0       0       0       0       0       0       0       0
Total ram usage:        0 bytes
 Hardware stack levels used:    1
 Hardware stack levels required when called:    1
 This function calls:
		_Delay
 This function is called by:
		_Isr
 This function uses a non-reentrant model


 *************** function _Delay *****************
 Defined at:
		line 20 in file "actors.c"
 Parameters:    Size  Location     Type
  del             2    0[COMRAM] unsigned int 
 Auto vars:     Size  Location     Type
		None
 Return value:  Size  Location     Type
		None               void
 Registers used:
		wreg, status,2, status,0
 Tracked objects:
		On entry : 
		On exit  : 
		Unchanged: 
 Data sizes:     COMRAM   BANK0   BANK1   BANK2   BANK3   BANK4   BANK5   BANK6   BANK7   BANK8   BANK9  BANK10  BANK11  BANK12  BANK13  BANK14  BANK15
      Params:         2       0       0       0       0       0       0       0       0       0       0       0       0       0       0       0       0
      Locals:         0       0       0       0       0       0       0       0       0       0       0       0       0       0       0       0       0
      Temps:          0       0       0       0       0       0       0       0       0       0       0       0       0       0       0       0       0
      Totals:         2       0       0       0       0       0       0       0       0       0       0       0       0       0       0       0       0
Total ram usage:        2 bytes
 Hardware stack levels used:    1
 This function calls:
		Nothing
 This function is called by:
		_SignalOut
 This function uses a non-reentrant model


 *************** function _ModeCheck *****************
 Defined at:
		line 30 in file "gear.c"
 Parameters:    Size  Location     Type
		None
 Auto vars:     Size  Location     Type
		None
 Return value:  Size  Location     Type
		None               void
 Registers used:
		wreg, status,2, status,0, cstack
 Tracked objects:
		On entry : 
		On exit  : 
		Unchanged: 
 Data sizes:     COMRAM   BANK0   BANK1   BANK2   BANK3   BANK4   BANK5   BANK6   BANK7   BANK8   BANK9  BANK10  BANK11  BANK12  BANK13  BANK14  BANK15
      Params:         0       0       0       0       0       0       0       0       0       0       0       0       0       0       0       0       0
      Locals:         0       0       0       0       0       0       0       0       0       0       0       0       0       0       0       0       0
      Temps:          0       0       0       0       0       0       0       0       0       0       0       0       0       0       0       0       0
      Totals:         0       0       0       0       0       0       0       0       0       0       0       0       0       0       0       0       0
Total ram usage:        0 bytes
 Hardware stack levels used:    1
 Hardware stack levels required when called:    1
 This function calls:
		_CalcTime
 This function is called by:
		_Isr
 This function uses a non-reentrant model


 *************** function _CalcTime *****************
 Defined at:
		line 16 in file "gear.c"
 Parameters:    Size  Location     Type
		None
 Auto vars:     Size  Location     Type
  time_gear_me    2    2[COMRAM] unsigned int 
 Return value:  Size  Location     Type
                  2    0[COMRAM] unsigned int 
 Registers used:
		wreg, status,2, status,0
 Tracked objects:
		On entry : 
		On exit  : 
		Unchanged: 
 Data sizes:     COMRAM   BANK0   BANK1   BANK2   BANK3   BANK4   BANK5   BANK6   BANK7   BANK8   BANK9  BANK10  BANK11  BANK12  BANK13  BANK14  BANK15
      Params:         2       0       0       0       0       0       0       0       0       0       0       0       0       0       0       0       0
      Locals:         2       0       0       0       0       0       0       0       0       0       0       0       0       0       0       0       0
      Temps:          0       0       0       0       0       0       0       0       0       0       0       0       0       0       0       0       0
      Totals:         4       0       0       0       0       0       0       0       0       0       0       0       0       0       0       0       0
Total ram usage:        4 bytes
 Hardware stack levels used:    1
 This function calls:
		Nothing
 This function is called by:
		_ModeCheck
 This function uses a non-reentrant model



MODULE INFORMATION

Module		Function		Class		Link	Load	Size
ultrasonic.c
		_StartHeightMeasure		CODE           	09B0	0000	17
		_ReadHeight    		CODE           	05C8	0000	107

ultrasonic.c estimated size: 124

debug.c
		_SendDebugInfo 		CODE           	0412	0000	193

debug.c estimated size: 193

gear.c
		_ModeCheck     		CODE           	07DE	0000	57
		_CalcTime      		CODE           	08F6	0000	37

gear.c estimated size: 94

C:\Program Files (x86)\Microchip\xc8\v1.35\sources\common\lwmod.c
		___lwmod       		CODE           	0632	0000	99

C:\Program Files (x86)\Microchip\xc8\v1.35\sources\common\lwmod.c estimated size: 99

interrupt.c
		_Isr           		CODE           	0008	0000	149

interrupt.c estimated size: 149

shared
		__initialization		CODE           	0554	0000	103

shared estimated size: 103

actors.c
		_SignalOut     		CODE           	04D2	0000	131
		_ActThrottle   		CODE           	0798	0000	71
		_Delay         		CODE           	0876	0000	45

actors.c estimated size: 247

C:\Program Files (x86)\Microchip\xc8\v1.35\sources\common\Umul16.c
		___wmul        		CODE           	0816	0000	51

C:\Program Files (x86)\Microchip\xc8\v1.35\sources\common\Umul16.c estimated size: 51

init.c
		_InitInterrupt 		CODE           	09C0	0000	15
		_InitPort      		CODE           	099A	0000	23
		_InitUart      		CODE           	09F8	0000	3
		_InitTimer     		CODE           	0694	0000	93
		_InitComp      		CODE           	09E4	0000	11
		_InitWlan      		CODE           	093A	0000	29
		_InitTris      		CODE           	0984	0000	23
		_Init          		CODE           	0848	0000	47
		_InitSpi       		CODE           	09DA	0000	11
		_InitActors    		CODE           	08CC	0000	43
		_InitAnsel     		CODE           	091A	0000	33
		_InitOsc       		CODE           	09EE	0000	7

init.c estimated size: 338

main.c
		_main          		CODE           	096E	0000	23

main.c estimated size: 23

communication.c
		_UartSend      		CODE           	0956	0000	25

communication.c estimated size: 25

position.c
		_BeneathTable  		CODE           	06F0	0000	85
		_BeneathFloor  		CODE           	0744	0000	85
		_CheckThrottle 		CODE           	00A0	0000	883
		_StoreAsOld    		CODE           	08A2	0000	43

position.c estimated size: 1096

