Microchip MPLAB XC8 Compiler V1.35 ()

Linker command line:

--edf=C:\Program Files (x86)\Microchip\xc8\v1.35\dat\en_msgs.txt -cs \
  -h+dist/default/debug\HOVI_PIC16-Tests_v2.debug.sym \
  --cmf=dist/default/debug\HOVI_PIC16-Tests_v2.debug.cmf -z -Q16F1827 \
  -oC:\Users\Lucas\AppData\Local\Temp\sto.2 \
  -Mdist/default/debug/HOVI_PIC16-Tests_v2.debug.map -E1 -ver=XC8 \
  --acfsm=1493 -ASTACK=02012h-0215fh -pstack=STACK -ACODE=00h-07FFhx2 \
  -ASTRCODE=00h-0FFFh -ASTRING=00h-0FFhx16 -ACONST=00h-0FFhx16 \
  -AENTRY=00h-0FFhx16 -ACOMMON=070h-07Fh -ABANK0=020h-06Fh \
  -ABANK1=0A0h-0EFh -ABANK2=0120h-016Fh -ABANK3=01A0h-01EFh \
  -ABANK4=0220h-023Fh -ABIGRAM=02000h-0215Fh \
  -ARAM=020h-06Fh,0A0h-0EFh,0120h-016Fh,01A0h-01EFh,0220h-023Fh \
  -AABS1=020h-07Fh,0A0h-0EFh,0120h-016Fh,01A0h-01EFh,0220h-024Fh \
  -ASFR0=00h-01Fh -ASFR1=080h-09Fh -ASFR2=0100h-011Fh -ASFR3=0180h-019Fh \
  -ASFR4=0200h-021Fh -ASFR5=0280h-02EFh -ASFR6=0300h-036Fh \
  -ASFR7=0380h-03EFh -ASFR8=0400h-046Fh -ASFR9=0480h-04EFh \
  -ASFR10=0500h-056Fh -ASFR11=0580h-05EFh -ASFR12=0600h-066Fh \
  -ASFR13=0680h-06EFh -ASFR14=0700h-076Fh -ASFR15=0780h-07EFh \
  -ASFR16=0800h-086Fh -ASFR17=0880h-08EFh -ASFR18=0900h-096Fh \
  -ASFR19=0980h-09EFh -ASFR20=0A00h-0A6Fh -ASFR21=0A80h-0AEFh \
  -ASFR22=0B00h-0B6Fh -ASFR23=0B80h-0BEFh -ASFR24=0C00h-0C6Fh \
  -ASFR25=0C80h-0CEFh -ASFR26=0D00h-0D6Fh -ASFR27=0D80h-0DEFh \
  -ASFR28=0E00h-0E6Fh -ASFR29=0E80h-0EEFh -ASFR30=0F00h-0F6Fh \
  -ASFR31=0F80h-0FEFh -preset_vec=00h,intentry,init,end_init -ppowerup=CODE \
  -pcinit=CODE -pfunctab=CODE -ACONFIG=08007h-08008h -pconfig=CONFIG \
  -DCONFIG=2 -AIDLOC=08000h-08003h -pidloc=IDLOC -DIDLOC=2 \
  -AEEDATA=00h-0FFh/0F000h -peeprom_data=EEDATA -DEEDATA=2 -DCODE=2 \
  -DSTRCODE=2 -DSTRING=2 -DCONST=2 -DENTRY=2 -k \
  C:\Users\Lucas\AppData\Local\Temp\sto.obj \
  dist/default/debug\HOVI_PIC16-Tests_v2.debug.obj 

Object code version is 3.11

Machine type is 16F1827



                Name                               Link     Load   Length Selector   Space Scale
C:\Users\Lucas\AppData\Local\Temp\sto.obj
                end_init                              3        3        2        0       0
                reset_vec                             0        0        3        0       0
                config                             8007     8007        2    1000E       0
dist/default/debug\HOVI_PIC16-Tests_v2.debug.obj
                cinit                               7FC      7FC        4      FF8       0
                text6                               5B4      5B4       41      B68       0
                text5                               5F5      5F5       51      BEA       0
                text4                               559      559        C      AB2       0
                text3                               57A      57A       1B      AF4       0
                text2                               646      646      1B6      C8C       0
                text1                               565      565       15      ACA       0
                maintext                            595      595       1F      B2A       0
                cstackBANK0                          20       20       11       20       1
                cstackCOMMON                         70       70        E       70       1
                bssBANK0                             31       31        1       20       1

TOTAL           Name                               Link     Load   Length     Space
        CLASS   STACK          

        CLASS   CODE           
                end_init                              3        3        2         0
                cinit                               7FC      7FC        4         0
                reset_vec                             0        0        3         0
                text6                               5B4      5B4       41         0
                text5                               5F5      5F5       51         0
                text4                               559      559        C         0
                text3                               57A      57A       1B         0
                text2                               646      646      1B6         0
                text1                               565      565       15         0
                maintext                            595      595       1F         0

        CLASS   STRCODE        

        CLASS   STRING         

        CLASS   CONST          

        CLASS   ENTRY          

        CLASS   COMMON         
                cstackCOMMON                         70       70        E         1

        CLASS   BANK0          
                cstackBANK0                          20       20       11         1
                bssBANK0                             31       31        1         1

        CLASS   BANK1          

        CLASS   BANK2          

        CLASS   BANK3          

        CLASS   BANK4          

        CLASS   BIGRAM         

        CLASS   RAM            

        CLASS   ABS1           
                abs_s1                               7E       7E        2         1

        CLASS   SFR0           

        CLASS   SFR1           

        CLASS   SFR2           

        CLASS   SFR3           

        CLASS   SFR4           

        CLASS   SFR5           

        CLASS   SFR6           

        CLASS   SFR7           

        CLASS   SFR8           

        CLASS   SFR9           

        CLASS   SFR10          

        CLASS   SFR11          

        CLASS   SFR12          

        CLASS   SFR13          

        CLASS   SFR14          

        CLASS   SFR15          

        CLASS   SFR16          

        CLASS   SFR17          

        CLASS   SFR18          

        CLASS   SFR19          

        CLASS   SFR20          

        CLASS   SFR21          

        CLASS   SFR22          

        CLASS   SFR23          

        CLASS   SFR24          

        CLASS   SFR25          

        CLASS   SFR26          

        CLASS   SFR27          

        CLASS   SFR28          

        CLASS   SFR29          

        CLASS   SFR30          

        CLASS   SFR31          

        CLASS   CONFIG         
                config                             8007     8007        2         0

        CLASS   IDLOC          

        CLASS   EEDATA         

        CLASS   BANK31         

        CLASS   BANK30         

        CLASS   BANK29         

        CLASS   BANK28         

        CLASS   BANK27         

        CLASS   BANK26         

        CLASS   BANK25         

        CLASS   BANK24         

        CLASS   BANK23         

        CLASS   BANK22         

        CLASS   BANK21         

        CLASS   BANK20         

        CLASS   BANK19         

        CLASS   BANK18         

        CLASS   BANK17         

        CLASS   BANK16         

        CLASS   BANK15         

        CLASS   BANK14         

        CLASS   BANK13         

        CLASS   BANK12         

        CLASS   BANK11         

        CLASS   BANK10         

        CLASS   BANK9          

        CLASS   BANK8          

        CLASS   BANK7          

        CLASS   BANK6          

        CLASS   BANK5          



SEGMENTS        Name                           Load    Length   Top    Selector   Space  Class     Delta

                reset_vec                      000000  000005  000005         0       0  CODE        2
                cstackBANK0                    000020  000012  000032        20       1  BANK0       1
                cstackCOMMON                   000070  00000E  00007E        70       1  COMMON      1
                text4                          000559  00000C  000565       AB2       0  CODE        2
                text1                          000565  000015  00057A       ACA       0  CODE        2
                text3                          00057A  00001B  000595       AF4       0  CODE        2
                maintext                       000595  00001F  0005B4       B2A       0  CODE        2
                text6                          0005B4  000041  0005F5       B68       0  CODE        2
                text5                          0005F5  000051  000646       BEA       0  CODE        2
                text2                          000646  0001B6  0007FC       C8C       0  CODE        2
                cinit                          0007FC  000004  000800       FF8       0  CODE        2
                config                         008007  000002  008009     1000E       0  CONFIG      2


UNUSED ADDRESS RANGES

        Name                Unused          Largest block    Delta
        BANK0            00032-0006F              3E           1
        BANK1            000A0-000EF              50           1
        BANK2            00120-0016F              50           1
        BANK3            001A0-001EF              50           1
        BANK4            00220-0023F              20           1
        BIGRAM           02000-0215F             160           1
        CODE             00005-00558             554           2
                         00800-00FFF             800
        CONST            00005-00558             100           2
                         00800-00FFF             100
        EEDATA           0F000-0F0FF             100           2
        ENTRY            00005-00558             100           2
                         00800-00FFF             100
        IDLOC            08000-08003               4           2
        RAM              00032-0006F              3E           1
                         000A0-000EF              50
                         00120-0016F              50
                         001A0-001EF              50
                         00220-0023F              20
        SFR0             00000-0001F              20           1
        SFR1             00080-0009F              20           1
        SFR10            00500-0056F              70           1
        SFR11            00580-005EF              70           1
        SFR12            00600-0066F              70           1
        SFR13            00680-006EF              70           1
        SFR14            00700-0076F              70           1
        SFR15            00780-007EF              70           1
        SFR16            00800-0086F              70           1
        SFR17            00880-008EF              70           1
        SFR18            00900-0096F              70           1
        SFR19            00980-009EF              70           1
        SFR2             00100-0011F              20           1
        SFR20            00A00-00A6F              70           1
        SFR21            00A80-00AEF              70           1
        SFR22            00B00-00B6F              70           1
        SFR23            00B80-00BEF              70           1
        SFR24            00C00-00C6F              70           1
        SFR25            00C80-00CEF              70           1
        SFR26            00D00-00D6F              70           1
        SFR27            00D80-00DEF              70           1
        SFR28            00E00-00E6F              70           1
        SFR29            00E80-00EEF              70           1
        SFR3             00180-0019F              20           1
        SFR30            00F00-00F6F              70           1
        SFR31            00F80-00FEF              70           1
        SFR4             00200-0021F              20           1
        SFR5             00280-002EF              70           1
        SFR6             00300-0036F              70           1
        SFR7             00380-003EF              70           1
        SFR8             00400-0046F              70           1
        SFR9             00480-004EF              70           1
        STACK            02012-0215F             14E           1
        STRCODE          00005-00558             554           2
                         00800-00FFF             800
        STRING           00005-00558             100           2
                         00800-00FFF             100

                                  Symbol Table

?_ExchangeSpi2char         cstackCOMMON 00070
?___wmul                   cstackCOMMON 00070
ExchangeSpi2char@SPI_word  cstackCOMMON 00075
ExchangeSpi2char@data      cstackCOMMON 00074
ExchangeSpi2char@data2     cstackCOMMON 00070
GetObject@afarben          cstackBANK0  0002C
GetObject@c                cstackBANK0  0002F
GetObject@c_obj            cstackBANK0  00030
GetObject@checksum         cstackBANK0  0002C
GetObject@des_obj          cstackCOMMON 0007A
GetObject@max_obj          cstackCOMMON 0007C
GetObject@obj_type         cstackBANK0  0002E
LedSignalling@pos_x        cstackCOMMON 00076
LedSignalling@pos_y        cstackCOMMON 00078
ProofObject@des_obj        cstackCOMMON 00076
ProofObject@num            cstackCOMMON 00078
_ANSELA                    (abs)        0018C
_ANSELB                    (abs)        0018D
_APFCON0bits               (abs)        0011D
_ExchangeSpi2char          text6        005B4
_GetObject                 text2        00646
_LedSignalling             text5        005F5
_OSCCON                    (abs)        00099
_PIR1bits                  (abs)        00011
_PORTA                     (abs)        0000C
_PORTB                     (abs)        0000D
_PORTBbits                 (abs)        0000D
_ProofObject               text4        00559
_RA2                       (abs)        00062
_RA3                       (abs)        00063
_RA4                       (abs)        00064
_RA7                       (abs)        00067
_SSP1BUF                   (abs)        00211
_SSP1CON1                  (abs)        00215
_SSP1IF                    (abs)        0008B
_SSP1STAT                  (abs)        00214
_TRISA                     (abs)        0008C
_TRISB                     (abs)        0008D
_TXREG                     (abs)        0019A
__CFG_BOREN$OFF            (abs)        00000
__CFG_BORV$LO              (abs)        00000
__CFG_CLKOUTEN$OFF         (abs)        00000
__CFG_CP$OFF               (abs)        00000
__CFG_CPD$OFF              (abs)        00000
__CFG_FCMEN$OFF            (abs)        00000
__CFG_FOSC$INTOSC          (abs)        00000
__CFG_IESO$OFF             (abs)        00000
__CFG_LVP$OFF              (abs)        00000
__CFG_MCLRE$ON             (abs)        00000
__CFG_PLLEN$OFF            (abs)        00000
__CFG_PWRTE$OFF            (abs)        00000
__CFG_STVREN$OFF           (abs)        00000
__CFG_WDTE$OFF             (abs)        00000
__CFG_WRT$OFF              (abs)        00000
__Habs1                    abs1         00000
__Hbank0                   bank0        00000
__Hbank1                   bank1        00000
__Hbank10                  bank10       00000
__Hbank11                  bank11       00000
__Hbank12                  bank12       00000
__Hbank13                  bank13       00000
__Hbank14                  bank14       00000
__Hbank15                  bank15       00000
__Hbank16                  bank16       00000
__Hbank17                  bank17       00000
__Hbank18                  bank18       00000
__Hbank19                  bank19       00000
__Hbank2                   bank2        00000
__Hbank20                  bank20       00000
__Hbank21                  bank21       00000
__Hbank22                  bank22       00000
__Hbank23                  bank23       00000
__Hbank24                  bank24       00000
__Hbank25                  bank25       00000
__Hbank26                  bank26       00000
__Hbank27                  bank27       00000
__Hbank28                  bank28       00000
__Hbank29                  bank29       00000
__Hbank3                   bank3        00000
__Hbank30                  bank30       00000
__Hbank31                  bank31       00000
__Hbank4                   bank4        00000
__Hbank5                   bank5        00000
__Hbank6                   bank6        00000
__Hbank7                   bank7        00000
__Hbank8                   bank8        00000
__Hbank9                   bank9        00000
__Hbigram                  bigram       00000
__HbssBANK0                bssBANK0     00000
__Hcinit                   cinit        00800
__Hclrtext                 clrtext      00000
__Hcode                    code         00000
__Hcommon                  common       00000
__Hconfig                  config       08009
__HcstackBANK0             cstackBANK0  00000
__HcstackCOMMON            cstackCOMMON 00000
__Heeprom_data             eeprom_data  00000
__Hend_init                end_init     00005
__Hfunctab                 functab      00000
__Hidloc                   idloc        00000
__Hinit                    init         00003
__Hintentry                intentry     00003
__Hmaintext                maintext     00000
__Hpowerup                 powerup      00000
__Hram                     ram          00000
__Hreset_vec               reset_vec    00003
__Hsfr0                    sfr0         00000
__Hsfr1                    sfr1         00000
__Hsfr10                   sfr10        00000
__Hsfr11                   sfr11        00000
__Hsfr12                   sfr12        00000
__Hsfr13                   sfr13        00000
__Hsfr14                   sfr14        00000
__Hsfr15                   sfr15        00000
__Hsfr16                   sfr16        00000
__Hsfr17                   sfr17        00000
__Hsfr18                   sfr18        00000
__Hsfr19                   sfr19        00000
__Hsfr2                    sfr2         00000
__Hsfr20                   sfr20        00000
__Hsfr21                   sfr21        00000
__Hsfr22                   sfr22        00000
__Hsfr23                   sfr23        00000
__Hsfr24                   sfr24        00000
__Hsfr25                   sfr25        00000
__Hsfr26                   sfr26        00000
__Hsfr27                   sfr27        00000
__Hsfr28                   sfr28        00000
__Hsfr29                   sfr29        00000
__Hsfr3                    sfr3         00000
__Hsfr30                   sfr30        00000
__Hsfr31                   sfr31        00000
__Hsfr4                    sfr4         00000
__Hsfr5                    sfr5         00000
__Hsfr6                    sfr6         00000
__Hsfr7                    sfr7         00000
__Hsfr8                    sfr8         00000
__Hsfr9                    sfr9         00000
__Hspace_0                 (abs)        08009
__Hspace_1                 (abs)        0007E
__Hspace_2                 (abs)        00000
__Hspace_3                 (abs)        00000
__Hstack                   stack        00000
__Hstrings                 strings      00000
__Htext                    text         00000
__Labs1                    abs1         00000
__Lbank0                   bank0        00000
__Lbank1                   bank1        00000
__Lbank10                  bank10       00000
__Lbank11                  bank11       00000
__Lbank12                  bank12       00000
__Lbank13                  bank13       00000
__Lbank14                  bank14       00000
__Lbank15                  bank15       00000
__Lbank16                  bank16       00000
__Lbank17                  bank17       00000
__Lbank18                  bank18       00000
__Lbank19                  bank19       00000
__Lbank2                   bank2        00000
__Lbank20                  bank20       00000
__Lbank21                  bank21       00000
__Lbank22                  bank22       00000
__Lbank23                  bank23       00000
__Lbank24                  bank24       00000
__Lbank25                  bank25       00000
__Lbank26                  bank26       00000
__Lbank27                  bank27       00000
__Lbank28                  bank28       00000
__Lbank29                  bank29       00000
__Lbank3                   bank3        00000
__Lbank30                  bank30       00000
__Lbank31                  bank31       00000
__Lbank4                   bank4        00000
__Lbank5                   bank5        00000
__Lbank6                   bank6        00000
__Lbank7                   bank7        00000
__Lbank8                   bank8        00000
__Lbank9                   bank9        00000
__Lbigram                  bigram       00000
__LbssBANK0                bssBANK0     00000
__Lcinit                   cinit        007FC
__Lclrtext                 clrtext      00000
__Lcode                    code         00000
__Lcommon                  common       00000
__Lconfig                  config       08007
__LcstackBANK0             cstackBANK0  00000
__LcstackCOMMON            cstackCOMMON 00000
__Leeprom_data             eeprom_data  00000
__Lend_init                end_init     00003
__Lfunctab                 functab      00000
__Lidloc                   idloc        00000
__Linit                    init         00003
__Lintentry                intentry     00003
__Lmaintext                maintext     00000
__Lpowerup                 powerup      00000
__Lram                     ram          00000
__Lreset_vec               reset_vec    00000
__Lsfr0                    sfr0         00000
__Lsfr1                    sfr1         00000
__Lsfr10                   sfr10        00000
__Lsfr11                   sfr11        00000
__Lsfr12                   sfr12        00000
__Lsfr13                   sfr13        00000
__Lsfr14                   sfr14        00000
__Lsfr15                   sfr15        00000
__Lsfr16                   sfr16        00000
__Lsfr17                   sfr17        00000
__Lsfr18                   sfr18        00000
__Lsfr19                   sfr19        00000
__Lsfr2                    sfr2         00000
__Lsfr20                   sfr20        00000
__Lsfr21                   sfr21        00000
__Lsfr22                   sfr22        00000
__Lsfr23                   sfr23        00000
__Lsfr24                   sfr24        00000
__Lsfr25                   sfr25        00000
__Lsfr26                   sfr26        00000
__Lsfr27                   sfr27        00000
__Lsfr28                   sfr28        00000
__Lsfr29                   sfr29        00000
__Lsfr3                    sfr3         00000
__Lsfr30                   sfr30        00000
__Lsfr31                   sfr31        00000
__Lsfr4                    sfr4         00000
__Lsfr5                    sfr5         00000
__Lsfr6                    sfr6         00000
__Lsfr7                    sfr7         00000
__Lsfr8                    sfr8         00000
__Lsfr9                    sfr9         00000
__Lspace_0                 (abs)        00000
__Lspace_1                 (abs)        00000
__Lspace_2                 (abs)        00000
__Lspace_3                 (abs)        00000
__Lstack                   stack        00000
__Lstrings                 strings      00000
__Ltext                    text         00000
__S0                       (abs)        08009
__S1                       (abs)        0007E
__S2                       (abs)        00000
__S3                       (abs)        00000
___int_sp                  stack        00000
___latbits                 (abs)        00001
___sp                      stack        00000
___wmul                    text3        0057A
___wmul@multiplicand       cstackCOMMON 00072
___wmul@multiplier         cstackCOMMON 00070
___wmul@product            cstackCOMMON 00074
__end_of_ExchangeSpi2char  text6        005F5
__end_of_GetObject         text2        007FC
__end_of_LedSignalling     text5        00646
__end_of_ProofObject       text4        00565
__end_of___wmul            text3        00595
__end_of__initialization   cinit        007FD
__end_of_init              text1        0057A
__end_of_main              maintext     005B4
__initialization           cinit        007FC
__pbssBANK0                bssBANK0     00031
__pcstackBANK0             cstackBANK0  00020
__pcstackCOMMON            cstackCOMMON 00070
__pmaintext                maintext     00595
__ptext1                   text1        00565
__ptext2                   text2        00646
__ptext3                   text3        0057A
__ptext4                   text4        00559
__ptext5                   text5        005F5
__ptext6                   text6        005B4
__size_of_ExchangeSpi2char (abs)        00000
__size_of_GetObject        (abs)        00000
__size_of_LedSignalling    (abs)        00000
__size_of_ProofObject      (abs)        00000
__size_of___wmul           (abs)        00000
__size_of_init             (abs)        00000
__size_of_main             (abs)        00000
_frame                     bssBANK0     00031
_init                      text1        00565
_main                      maintext     00595
btemp                      (abs)        0007E
end_of_initialization      cinit        007FD
intlevel0                  functab      00000
intlevel1                  functab      00000
intlevel2                  functab      00000
intlevel3                  functab      00000
intlevel4                  functab      00000
intlevel5                  functab      00000
ltemp                      (abs)        0007E
ltemp0                     (abs)        0007E
ltemp1                     (abs)        00082
ltemp2                     (abs)        00086
ltemp3                     (abs)        00080
reset_vec                  reset_vec    00000
stackhi                    (abs)        0215F
stacklo                    (abs)        02012
start                      init         00003
start_initialization       cinit        007FC
ttemp                      (abs)        0007E
ttemp0                     (abs)        0007E
ttemp1                     (abs)        00081
ttemp2                     (abs)        00084
ttemp3                     (abs)        00087
ttemp4                     (abs)        0007F
wtemp                      (abs)        0007E
wtemp0                     (abs)        0007E
wtemp1                     (abs)        00080
wtemp2                     (abs)        00082
wtemp3                     (abs)        00084
wtemp4                     (abs)        00086
wtemp5                     (abs)        00088
wtemp6                     (abs)        0007F


FUNCTION INFORMATION:

 *************** function _main *****************
 Defined at:
		line 55 in file "main_v2.c"
 Parameters:    Size  Location     Type
		None
 Auto vars:     Size  Location     Type
		None
 Return value:  Size  Location     Type
		None               void
 Registers used:
		wreg, fsr1l, fsr1h, status,2, status,0, pclath, cstack
 Tracked objects:
		On entry : 
		On exit  : 
		Unchanged: 
 Data sizes:     COMMON   BANK0   BANK1   BANK2   BANK3   BANK4
      Params:         0       0       0       0       0       0
      Locals:         0       0       0       0       0       0
      Temps:          1       0       0       0       0       0
      Totals:         1       0       0       0       0       0
Total ram usage:        1 bytes
 Hardware stack levels required when called:    2
 This function calls:
		_GetObject
		_init
 This function is called by:
		Startup code after reset
 This function uses a non-reentrant model


 *************** function _init *****************
 Defined at:
		line 40 in file "main_v2.c"
 Parameters:    Size  Location     Type
		None
 Auto vars:     Size  Location     Type
		None
 Return value:  Size  Location     Type
		None               void
 Registers used:
		wreg, status,2
 Tracked objects:
		On entry : 
		On exit  : 
		Unchanged: 
 Data sizes:     COMMON   BANK0   BANK1   BANK2   BANK3   BANK4
      Params:         0       0       0       0       0       0
      Locals:         0       0       0       0       0       0
      Temps:          0       0       0       0       0       0
      Totals:         0       0       0       0       0       0
Total ram usage:        0 bytes
 Hardware stack levels used:    1
 This function calls:
		Nothing
 This function is called by:
		_main
 This function uses a non-reentrant model


 *************** function _GetObject *****************
 Defined at:
		line 15 in file "led_position_v2.c"
 Parameters:    Size  Location     Type
  des_obj_type    1    wreg     unsigned char 
  des_obj         2   10[COMMON] unsigned int 
  max_obj         1   12[COMMON] unsigned char 
 Auto vars:     Size  Location     Type
  des_obj_type    1    0[COMMON] unsigned char 
  checksum        2   12[BANK0 ] unsigned int 
  c_obj           1   16[BANK0 ] unsigned char 
  objcc           2    0        unsigned int 
  start           2    0        unsigned int 
  c               1   15[BANK0 ] unsigned char 
  obj_type        1   14[BANK0 ] unsigned char 
  afarben         0   12[BANK0 ] struct colorobject[0]
 Return value:  Size  Location     Type
                  1    wreg      unsigned char 
 Registers used:
		wreg, fsr1l, fsr1h, status,2, status,0, pclath, cstack
 Tracked objects:
		On entry : 
		On exit  : 
		Unchanged: 
 Data sizes:     COMMON   BANK0   BANK1   BANK2   BANK3   BANK4
      Params:         3       0       0       0       0       0
      Locals:         0       5       0       0       0       0
      Temps:          0      12       0       0       0       0
      Totals:         3      17       0       0       0       0
Total ram usage:       20 bytes
 Hardware stack levels used:    1
 Hardware stack levels required when called:    1
 This function calls:
		_ExchangeSpi2char
		_LedSignalling
		_ProofObject
		___wmul
 This function is called by:
		_main
 This function uses a non-reentrant model


 *************** function ___wmul *****************
 Defined at:
		line 15 in file "C:\Program Files (x86)\Microchip\xc8\v1.35\sources\common\Umul16.c"
 Parameters:    Size  Location     Type
  multiplier      2    0[COMMON] unsigned int 
  multiplicand    2    2[COMMON] unsigned int 
 Auto vars:     Size  Location     Type
  product         2    4[COMMON] unsigned int 
 Return value:  Size  Location     Type
                  2    0[COMMON] unsigned int 
 Registers used:
		wreg, status,2, status,0
 Tracked objects:
		On entry : 
		On exit  : 
		Unchanged: 
 Data sizes:     COMMON   BANK0   BANK1   BANK2   BANK3   BANK4
      Params:         4       0       0       0       0       0
      Locals:         2       0       0       0       0       0
      Temps:          0       0       0       0       0       0
      Totals:         6       0       0       0       0       0
Total ram usage:        6 bytes
 Hardware stack levels used:    1
 This function calls:
		Nothing
 This function is called by:
		_GetObject
 This function uses a non-reentrant model


 *************** function _ProofObject *****************
 Defined at:
		line 76 in file "led_position_v2.c"
 Parameters:    Size  Location     Type
  des_obj         2    6[COMMON] unsigned int 
  num             2    8[COMMON] unsigned int 
 Auto vars:     Size  Location     Type
		None
 Return value:  Size  Location     Type
		None               void
 Registers used:
		wreg, status,2, status,0
 Tracked objects:
		On entry : 
		On exit  : 
		Unchanged: 
 Data sizes:     COMMON   BANK0   BANK1   BANK2   BANK3   BANK4
      Params:         4       0       0       0       0       0
      Locals:         0       0       0       0       0       0
      Temps:          0       0       0       0       0       0
      Totals:         4       0       0       0       0       0
Total ram usage:        4 bytes
 Hardware stack levels used:    1
 This function calls:
		Nothing
 This function is called by:
		_GetObject
 This function uses a non-reentrant model


 *************** function _LedSignalling *****************
 Defined at:
		line 87 in file "led_position_v2.c"
 Parameters:    Size  Location     Type
  pos_x           2    6[COMMON] unsigned int 
  pos_y           2    8[COMMON] unsigned int 
 Auto vars:     Size  Location     Type
		None
 Return value:  Size  Location     Type
		None               void
 Registers used:
		wreg
 Tracked objects:
		On entry : 
		On exit  : 
		Unchanged: 
 Data sizes:     COMMON   BANK0   BANK1   BANK2   BANK3   BANK4
      Params:         4       0       0       0       0       0
      Locals:         0       0       0       0       0       0
      Temps:          0       0       0       0       0       0
      Totals:         4       0       0       0       0       0
Total ram usage:        4 bytes
 Hardware stack levels used:    1
 This function calls:
		Nothing
 This function is called by:
		_GetObject
 This function uses a non-reentrant model


 *************** function _ExchangeSpi2char *****************
 Defined at:
		line 26 in file "SPI_com_v2.c"
 Parameters:    Size  Location     Type
  data            1    wreg     unsigned char 
  data2           1    0[COMMON] unsigned char 
 Auto vars:     Size  Location     Type
  data            1    4[COMMON] unsigned char 
  SPI_word        2    5[COMMON] unsigned int 
 Return value:  Size  Location     Type
                  2    0[COMMON] unsigned int 
 Registers used:
		wreg, status,2, status,0
 Tracked objects:
		On entry : 
		On exit  : 
		Unchanged: 
 Data sizes:     COMMON   BANK0   BANK1   BANK2   BANK3   BANK4
      Params:         2       0       0       0       0       0
      Locals:         3       0       0       0       0       0
      Temps:          2       0       0       0       0       0
      Totals:         7       0       0       0       0       0
Total ram usage:        7 bytes
 Hardware stack levels used:    1
 This function calls:
		Nothing
 This function is called by:
		_GetObject
 This function uses a non-reentrant model



MODULE INFORMATION

Module		Function		Class		Link	Load	Size
led_position_v2.c
		_GetObject     		CODE           	0646	0000	439
		_LedSignalling 		CODE           	05F5	0000	82
		_ProofObject   		CODE           	0559	0000	13

led_position_v2.c estimated size: 534

SPI_com_v2.c
		_ExchangeSpi2char		CODE           	05B4	0000	66

SPI_com_v2.c estimated size: 66

shared
		__initialization		CODE           	07FC	0000	2

shared estimated size: 2

main_v2.c
		_init          		CODE           	0565	0000	22
		_main          		CODE           	0595	0000	32

main_v2.c estimated size: 54

C:\Program Files (x86)\Microchip\xc8\v1.35\sources\common\Umul16.c
		___wmul        		CODE           	057A	0000	28

C:\Program Files (x86)\Microchip\xc8\v1.35\sources\common\Umul16.c estimated size: 28

